HTTP Error 429 thrown while requesting GET https://huggingface.co/api/datasets/allenai/c4/tree/main?expand=false&recursive=true&limit=1000&cursor=ZXlKbWFXeGxYMjVoYldVaU9pSnRkV3gwYVd4cGJtZDFZV3d2WXpRdFpXNHVkR1p5WldOdmNtUXRNRGsxT0RNdGIyWXRNVEV5TmpRdWFuTnZiaTVuZWlJc0luUnlaV1ZmYjJsa0lqb2lOR1l6WTJSbFlXRXlObU0zTkRReE5qWmhaVFpsWWpReFpHRXhNemd6WlRNME5UQTRORGc1TmlKOToyODAwMA%3D%3D
Rate limited. Waiting 164.0s before retry [Retry 1/5].
HTTP Error 429 thrown while requesting GET https://huggingface.co/api/datasets/allenai/c4/tree/main?expand=false&recursive=true&limit=1000&cursor=ZXlKbWFXeGxYMjVoYldVaU9pSnRkV3gwYVd4cGJtZDFZV3d2WXpRdFpXNHVkR1p5WldOdmNtUXRNRGcxT0RNdGIyWXRNVEV5TmpRdWFuTnZiaTVuZWlJc0luUnlaV1ZmYjJsa0lqb2lOR1l6WTJSbFlXRXlObU0zTkRReE5qWmhaVFpsWWpReFpHRXhNemd6WlRNME5UQTRORGc1TmlKOToyNzAwMA%3D%3D
Rate limited. Waiting 164.0s before retry [Retry 1/5].
HTTP Error 429 thrown while requesting GET https://huggingface.co/api/datasets/allenai/c4/tree/main?expand=false&recursive=true&limit=1000&cursor=ZXlKbWFXeGxYMjVoYldVaU9pSnRkV3gwYVd4cGJtZDFZV3d2WXpRdFpXNHVkR1p5WldOdmNtUXRNRGsxT0RNdGIyWXRNVEV5TmpRdWFuTnZiaTVuZWlJc0luUnlaV1ZmYjJsa0lqb2lOR1l6WTJSbFlXRXlObU0zTkRReE5qWmhaVFpsWWpReFpHRXhNemd6WlRNME5UQTRORGc1TmlKOToyODAwMA%3D%3D
Rate limited. Waiting 164.0s before retry [Retry 1/5].
HTTP Error 429 thrown while requesting GET https://huggingface.co/api/datasets/allenai/c4/tree/main?expand=false&recursive=true&limit=1000&cursor=ZXlKbWFXeGxYMjVoYldVaU9pSnRkV3gwYVd4cGJtZDFZV3d2WXpRdFpXNHVkR1p5WldOdmNtUXRNRFExT0RNdGIyWXRNVEV5TmpRdWFuTnZiaTVuZWlJc0luUnlaV1ZmYjJsa0lqb2lOR1l6WTJSbFlXRXlObU0zTkRReE5qWmhaVFpsWWpReFpHRXhNemd6WlRNME5UQTRORGc1TmlKOToyMzAwMA%3D%3D
Rate limited. Waiting 164.0s before retry [Retry 1/5].
HTTP Error 429 thrown while requesting GET https://huggingface.co/api/datasets/allenai/c4/tree/main?expand=false&recursive=true&limit=1000&cursor=ZXlKbWFXeGxYMjVoYldVaU9pSnRkV3gwYVd4cGJtZDFZV3d2WXpRdFpXNHVkR1p5WldOdmNtUXRNRFkxT0RNdGIyWXRNVEV5TmpRdWFuTnZiaTVuZWlJc0luUnlaV1ZmYjJsa0lqb2lOR1l6WTJSbFlXRXlObU0zTkRReE5qWmhaVFpsWWpReFpHRXhNemd6WlRNME5UQTRORGc1TmlKOToyNTAwMA%3D%3D
Rate limited. Waiting 164.0s before retry [Retry 1/5].
HTTP Error 429 thrown while requesting GET https://huggingface.co/api/datasets/allenai/c4/tree/main?expand=false&recursive=true&limit=1000&cursor=ZXlKbWFXeGxYMjVoYldVaU9pSnRkV3gwYVd4cGJtZDFZV3d2WXpRdFpXNHVkR1p5WldOdmNtUXRNRGsxT0RNdGIyWXRNVEV5TmpRdWFuTnZiaTVuZWlJc0luUnlaV1ZmYjJsa0lqb2lOR1l6WTJSbFlXRXlObU0zTkRReE5qWmhaVFpsWWpReFpHRXhNemd6WlRNME5UQTRORGc1TmlKOToyODAwMA%3D%3D
Rate limited. Waiting 164.0s before retry [Retry 1/5].
HTTP Error 429 thrown while requesting GET https://huggingface.co/api/datasets/allenai/c4/tree/main?expand=false&recursive=true&limit=1000&cursor=ZXlKbWFXeGxYMjVoYldVaU9pSnRkV3gwYVd4cGJtZDFZV3d2WXpRdFpXNHVkR1p5WldOdmNtUXRNRGMxT0RNdGIyWXRNVEV5TmpRdWFuTnZiaTVuZWlJc0luUnlaV1ZmYjJsa0lqb2lOR1l6WTJSbFlXRXlObU0zTkRReE5qWmhaVFpsWWpReFpHRXhNemd6WlRNME5UQTRORGc1TmlKOToyNjAwMA%3D%3D
Rate limited. Waiting 164.0s before retry [Retry 1/5].
HTTP Error 429 thrown while requesting GET https://huggingface.co/api/datasets/allenai/c4/tree/main?expand=false&recursive=true&limit=1000&cursor=ZXlKbWFXeGxYMjVoYldVaU9pSnRkV3gwYVd4cGJtZDFZV3d2WXpRdFpXNHVkR1p5WldOdmNtUXRNRGcxT0RNdGIyWXRNVEV5TmpRdWFuTnZiaTVuZWlJc0luUnlaV1ZmYjJsa0lqb2lOR1l6WTJSbFlXRXlObU0zTkRReE5qWmhaVFpsWWpReFpHRXhNemd6WlRNME5UQTRORGc1TmlKOToyNzAwMA%3D%3D
Rate limited. Waiting 164.0s before retry [Retry 1/5].
HTTP Error 429 thrown while requesting GET https://huggingface.co/api/datasets/allenai/c4/tree/main?expand=false&recursive=true&limit=1000&cursor=ZXlKbWFXeGxYMjVoYldVaU9pSnRkV3gwYVd4cGJtZDFZV3d2WXpRdFpXNHVkR1p5WldOdmNtUXRNRFkxT0RNdGIyWXRNVEV5TmpRdWFuTnZiaTVuZWlJc0luUnlaV1ZmYjJsa0lqb2lOR1l6WTJSbFlXRXlObU0zTkRReE5qWmhaVFpsWWpReFpHRXhNemd6WlRNME5UQTRORGc1TmlKOToyNTAwMA%3D%3D
Rate limited. Waiting 164.0s before retry [Retry 1/5].
HTTP Error 429 thrown while requesting GET https://huggingface.co/api/datasets/allenai/c4/tree/main?expand=false&recursive=true&limit=1000&cursor=ZXlKbWFXeGxYMjVoYldVaU9pSnRkV3gwYVd4cGJtZDFZV3d2WXpRdFpXNHVkR1p5WldOdmNtUXRNRGcxT0RNdGIyWXRNVEV5TmpRdWFuTnZiaTVuZWlJc0luUnlaV1ZmYjJsa0lqb2lOR1l6WTJSbFlXRXlObU0zTkRReE5qWmhaVFpsWWpReFpHRXhNemd6WlRNME5UQTRORGc1TmlKOToyNzAwMA%3D%3D
HTTP Error 429 thrown while requesting GET https://huggingface.co/api/datasets/allenai/c4/tree/main?expand=false&recursive=true&limit=1000&cursor=ZXlKbWFXeGxYMjVoYldVaU9pSnRkV3gwYVd4cGJtZDFZV3d2WXpRdFpXNHVkR1p5WldOdmNtUXRNRGsxT0RNdGIyWXRNVEV5TmpRdWFuTnZiaTVuZWlJc0luUnlaV1ZmYjJsa0lqb2lOR1l6WTJSbFlXRXlObU0zTkRReE5qWmhaVFpsWWpReFpHRXhNemd6WlRNME5UQTRORGc1TmlKOToyODAwMA%3D%3D
Rate limited. Waiting 164.0s before retry [Retry 1/5].
Rate limited. Waiting 164.0s before retry [Retry 1/5].
HTTP Error 429 thrown while requesting GET https://huggingface.co/api/datasets/allenai/c4/tree/main?expand=false&recursive=true&limit=1000&cursor=ZXlKbWFXeGxYMjVoYldVaU9pSnRkV3gwYVd4cGJtZDFZV3d2WXpRdFpXNHVkR1p5WldOdmNtUXRNRFExT0RNdGIyWXRNVEV5TmpRdWFuTnZiaTVuZWlJc0luUnlaV1ZmYjJsa0lqb2lOR1l6WTJSbFlXRXlObU0zTkRReE5qWmhaVFpsWWpReFpHRXhNemd6WlRNME5UQTRORGc1TmlKOToyMzAwMA%3D%3D
Rate limited. Waiting 164.0s before retry [Retry 1/5].
HTTP Error 429 thrown while requesting GET https://huggingface.co/api/datasets/allenai/c4/tree/main?expand=false&recursive=true&limit=1000&cursor=ZXlKbWFXeGxYMjVoYldVaU9pSnRkV3gwYVd4cGJtZDFZV3d2WXpRdFpXNHVkR1p5WldOdmNtUXRNRGcxT0RNdGIyWXRNVEV5TmpRdWFuTnZiaTVuZWlJc0luUnlaV1ZmYjJsa0lqb2lOR1l6WTJSbFlXRXlObU0zTkRReE5qWmhaVFpsWWpReFpHRXhNemd6WlRNME5UQTRORGc1TmlKOToyNzAwMA%3D%3D
Rate limited. Waiting 164.0s before retry [Retry 1/5].
HTTP Error 429 thrown while requesting GET https://huggingface.co/api/datasets/allenai/c4/tree/main?expand=false&recursive=true&limit=1000&cursor=ZXlKbWFXeGxYMjVoYldVaU9pSnRkV3gwYVd4cGJtZDFZV3d2WXpRdFpXNHVkR1p5WldOdmNtUXRNRGcxT0RNdGIyWXRNVEV5TmpRdWFuTnZiaTVuZWlJc0luUnlaV1ZmYjJsa0lqb2lOR1l6WTJSbFlXRXlObU0zTkRReE5qWmhaVFpsWWpReFpHRXhNemd6WlRNME5UQTRORGc1TmlKOToyNzAwMA%3D%3D
Rate limited. Waiting 164.0s before retry [Retry 1/5].
HTTP Error 429 thrown while requesting GET https://huggingface.co/api/datasets/allenai/c4/tree/main?expand=false&recursive=true&limit=1000&cursor=ZXlKbWFXeGxYMjVoYldVaU9pSnRkV3gwYVd4cGJtZDFZV3d2WXpRdFpXNHVkR1p5WldOdmNtUXRNRGcxT0RNdGIyWXRNVEV5TmpRdWFuTnZiaTVuZWlJc0luUnlaV1ZmYjJsa0lqb2lOR1l6WTJSbFlXRXlObU0zTkRReE5qWmhaVFpsWWpReFpHRXhNemd6WlRNME5UQTRORGc1TmlKOToyNzAwMA%3D%3D
Rate limited. Waiting 164.0s before retry [Retry 1/5].
HTTP Error 429 thrown while requesting GET https://huggingface.co/api/datasets/allenai/c4/tree/main?expand=false&recursive=true&limit=1000&cursor=ZXlKbWFXeGxYMjVoYldVaU9pSnRkV3gwYVd4cGJtZDFZV3d2WXpRdFpXNHVkR1p5WldOdmNtUXRNRGMxT0RNdGIyWXRNVEV5TmpRdWFuTnZiaTVuZWlJc0luUnlaV1ZmYjJsa0lqb2lOR1l6WTJSbFlXRXlObU0zTkRReE5qWmhaVFpsWWpReFpHRXhNemd6WlRNME5UQTRORGc1TmlKOToyNjAwMA%3D%3D
Rate limited. Waiting 164.0s before retry [Retry 1/5].
HTTP Error 429 thrown while requesting GET https://huggingface.co/api/datasets/allenai/c4/tree/main?expand=false&recursive=true&limit=1000&cursor=ZXlKbWFXeGxYMjVoYldVaU9pSnRkV3gwYVd4cGJtZDFZV3d2WXpRdFpXNHVkR1p5WldOdmNtUXRNRGsxT0RNdGIyWXRNVEV5TmpRdWFuTnZiaTVuZWlJc0luUnlaV1ZmYjJsa0lqb2lOR1l6WTJSbFlXRXlObU0zTkRReE5qWmhaVFpsWWpReFpHRXhNemd6WlRNME5UQTRORGc1TmlKOToyODAwMA%3D%3D
Rate limited. Waiting 164.0s before retry [Retry 1/5].
HTTP Error 429 thrown while requesting GET https://huggingface.co/api/datasets/allenai/c4/tree/main?expand=false&recursive=true&limit=1000&cursor=ZXlKbWFXeGxYMjVoYldVaU9pSnRkV3gwYVd4cGJtZDFZV3d2WXpRdFpXNHVkR1p5WldOdmNtUXRNRGsxT0RNdGIyWXRNVEV5TmpRdWFuTnZiaTVuZWlJc0luUnlaV1ZmYjJsa0lqb2lOR1l6WTJSbFlXRXlObU0zTkRReE5qWmhaVFpsWWpReFpHRXhNemd6WlRNME5UQTRORGc1TmlKOToyODAwMA%3D%3D
Rate limited. Waiting 164.0s before retry [Retry 1/5].
HTTP Error 429 thrown while requesting GET https://huggingface.co/api/datasets/allenai/c4/tree/main?expand=false&recursive=true&limit=1000&cursor=ZXlKbWFXeGxYMjVoYldVaU9pSnRkV3gwYVd4cGJtZDFZV3d2WXpRdFpXNHVkR1p5WldOdmNtUXRNRGcxT0RNdGIyWXRNVEV5TmpRdWFuTnZiaTVuZWlJc0luUnlaV1ZmYjJsa0lqb2lOR1l6WTJSbFlXRXlObU0zTkRReE5qWmhaVFpsWWpReFpHRXhNemd6WlRNME5UQTRORGc1TmlKOToyNzAwMA%3D%3D
Rate limited. Waiting 164.0s before retry [Retry 1/5].
HTTP Error 429 thrown while requesting GET https://huggingface.co/api/datasets/allenai/c4/tree/main?expand=false&recursive=true&limit=1000&cursor=ZXlKbWFXeGxYMjVoYldVaU9pSnRkV3gwYVd4cGJtZDFZV3d2WXpRdFpXNHVkR1p5WldOdmNtUXRNRGsxT0RNdGIyWXRNVEV5TmpRdWFuTnZiaTVuZWlJc0luUnlaV1ZmYjJsa0lqb2lOR1l6WTJSbFlXRXlObU0zTkRReE5qWmhaVFpsWWpReFpHRXhNemd6WlRNME5UQTRORGc1TmlKOToyODAwMA%3D%3D
Rate limited. Waiting 164.0s before retry [Retry 1/5].
HTTP Error 429 thrown while requesting GET https://huggingface.co/api/datasets/allenai/c4/tree/main?expand=false&recursive=true&limit=1000&cursor=ZXlKbWFXeGxYMjVoYldVaU9pSnRkV3gwYVd4cGJtZDFZV3d2WXpRdFpXNHVkR1p5WldOdmNtUXRNRGcxT0RNdGIyWXRNVEV5TmpRdWFuTnZiaTVuZWlJc0luUnlaV1ZmYjJsa0lqb2lOR1l6WTJSbFlXRXlObU0zTkRReE5qWmhaVFpsWWpReFpHRXhNemd6WlRNME5UQTRORGc1TmlKOToyNzAwMA%3D%3D
Rate limited. Waiting 164.0s before retry [Retry 1/5].
HTTP Error 429 thrown while requesting GET https://huggingface.co/api/datasets/allenai/c4/tree/main?expand=false&recursive=true&limit=1000&cursor=ZXlKbWFXeGxYMjVoYldVaU9pSnRkV3gwYVd4cGJtZDFZV3d2WXpRdFpXNHVkR1p5WldOdmNtUXRNRGMxT0RNdGIyWXRNVEV5TmpRdWFuTnZiaTVuZWlJc0luUnlaV1ZmYjJsa0lqb2lOR1l6WTJSbFlXRXlObU0zTkRReE5qWmhaVFpsWWpReFpHRXhNemd6WlRNME5UQTRORGc1TmlKOToyNjAwMA%3D%3D
Rate limited. Waiting 164.0s before retry [Retry 1/5].
HTTP Error 429 thrown while requesting GET https://huggingface.co/api/datasets/allenai/c4/tree/main?expand=false&recursive=true&limit=1000&cursor=ZXlKbWFXeGxYMjVoYldVaU9pSnRkV3gwYVd4cGJtZDFZV3d2WXpRdFpXNHVkR1p5WldOdmNtUXRNVEExT0RNdGIyWXRNVEV5TmpRdWFuTnZiaTVuZWlJc0luUnlaV1ZmYjJsa0lqb2lOR1l6WTJSbFlXRXlObU0zTkRReE5qWmhaVFpsWWpReFpHRXhNemd6WlRNME5UQTRORGc1TmlKOToyOTAwMA%3D%3D
Rate limited. Waiting 164.0s before retry [Retry 1/5].
HTTP Error 429 thrown while requesting GET https://huggingface.co/api/datasets/allenai/c4/tree/main?expand=false&recursive=true&limit=1000&cursor=ZXlKbWFXeGxYMjVoYldVaU9pSnRkV3gwYVd4cGJtZDFZV3d2WXpRdFpXNHVkR1p5WldOdmNtUXRNRFUxT0RNdGIyWXRNVEV5TmpRdWFuTnZiaTVuZWlJc0luUnlaV1ZmYjJsa0lqb2lOR1l6WTJSbFlXRXlObU0zTkRReE5qWmhaVFpsWWpReFpHRXhNemd6WlRNME5UQTRORGc1TmlKOToyNDAwMA%3D%3D
Rate limited. Waiting 164.0s before retry [Retry 1/5].
HTTP Error 429 thrown while requesting GET https://huggingface.co/api/datasets/allenai/c4/tree/main?expand=false&recursive=true&limit=1000&cursor=ZXlKbWFXeGxYMjVoYldVaU9pSnRkV3gwYVd4cGJtZDFZV3d2WXpRdFpXNHVkR1p5WldOdmNtUXRNRGsxT0RNdGIyWXRNVEV5TmpRdWFuTnZiaTVuZWlJc0luUnlaV1ZmYjJsa0lqb2lOR1l6WTJSbFlXRXlObU0zTkRReE5qWmhaVFpsWWpReFpHRXhNemd6WlRNME5UQTRORGc1TmlKOToyODAwMA%3D%3D
Rate limited. Waiting 164.0s before retry [Retry 1/5].
HTTP Error 429 thrown while requesting GET https://huggingface.co/api/datasets/allenai/c4/tree/main?expand=false&recursive=true&limit=1000&cursor=ZXlKbWFXeGxYMjVoYldVaU9pSnRkV3gwYVd4cGJtZDFZV3d2WXpRdFpXNHVkR1p5WldOdmNtUXRNVEExT0RNdGIyWXRNVEV5TmpRdWFuTnZiaTVuZWlJc0luUnlaV1ZmYjJsa0lqb2lOR1l6WTJSbFlXRXlObU0zTkRReE5qWmhaVFpsWWpReFpHRXhNemd6WlRNME5UQTRORGc1TmlKOToyOTAwMA%3D%3D
Rate limited. Waiting 164.0s before retry [Retry 1/5].
HTTP Error 429 thrown while requesting GET https://huggingface.co/api/datasets/allenai/c4/tree/main?expand=false&recursive=true&limit=1000&cursor=ZXlKbWFXeGxYMjVoYldVaU9pSnRkV3gwYVd4cGJtZDFZV3d2WXpRdFpXNHVkR1p5WldOdmNtUXRNRGcxT0RNdGIyWXRNVEV5TmpRdWFuTnZiaTVuZWlJc0luUnlaV1ZmYjJsa0lqb2lOR1l6WTJSbFlXRXlObU0zTkRReE5qWmhaVFpsWWpReFpHRXhNemd6WlRNME5UQTRORGc1TmlKOToyNzAwMA%3D%3D
Rate limited. Waiting 164.0s before retry [Retry 1/5].
HTTP Error 429 thrown while requesting GET https://huggingface.co/api/datasets/allenai/c4/tree/main?expand=false&recursive=true&limit=1000&cursor=ZXlKbWFXeGxYMjVoYldVaU9pSnRkV3gwYVd4cGJtZDFZV3d2WXpRdFpXNHVkR1p5WldOdmNtUXRNRFkxT0RNdGIyWXRNVEV5TmpRdWFuTnZiaTVuZWlJc0luUnlaV1ZmYjJsa0lqb2lOR1l6WTJSbFlXRXlObU0zTkRReE5qWmhaVFpsWWpReFpHRXhNemd6WlRNME5UQTRORGc1TmlKOToyNTAwMA%3D%3D
Rate limited. Waiting 164.0s before retry [Retry 1/5].
HTTP Error 429 thrown while requesting GET https://huggingface.co/api/datasets/allenai/c4/tree/main?expand=false&recursive=true&limit=1000&cursor=ZXlKbWFXeGxYMjVoYldVaU9pSnRkV3gwYVd4cGJtZDFZV3d2WXpRdFpXNHVkR1p5WldOdmNtUXRNRGsxT0RNdGIyWXRNVEV5TmpRdWFuTnZiaTVuZWlJc0luUnlaV1ZmYjJsa0lqb2lOR1l6WTJSbFlXRXlObU0zTkRReE5qWmhaVFpsWWpReFpHRXhNemd6WlRNME5UQTRORGc1TmlKOToyODAwMA%3D%3D
Rate limited. Waiting 164.0s before retry [Retry 1/5].
HTTP Error 429 thrown while requesting GET https://huggingface.co/api/datasets/allenai/c4/tree/main?expand=false&recursive=true&limit=1000&cursor=ZXlKbWFXeGxYMjVoYldVaU9pSnRkV3gwYVd4cGJtZDFZV3d2WXpRdFpXNHVkR1p5WldOdmNtUXRNRGsxT0RNdGIyWXRNVEV5TmpRdWFuTnZiaTVuZWlJc0luUnlaV1ZmYjJsa0lqb2lOR1l6WTJSbFlXRXlObU0zTkRReE5qWmhaVFpsWWpReFpHRXhNemd6WlRNME5UQTRORGc1TmlKOToyODAwMA%3D%3D
Rate limited. Waiting 164.0s before retry [Retry 1/5].
HTTP Error 429 thrown while requesting GET https://huggingface.co/api/datasets/allenai/c4/tree/main?expand=false&recursive=true&limit=1000&cursor=ZXlKbWFXeGxYMjVoYldVaU9pSnRkV3gwYVd4cGJtZDFZV3d2WXpRdFpXNHVkR1p5WldOdmNtUXRNRGsxT0RNdGIyWXRNVEV5TmpRdWFuTnZiaTVuZWlJc0luUnlaV1ZmYjJsa0lqb2lOR1l6WTJSbFlXRXlObU0zTkRReE5qWmhaVFpsWWpReFpHRXhNemd6WlRNME5UQTRORGc1TmlKOToyODAwMA%3D%3D
Rate limited. Waiting 164.0s before retry [Retry 1/5].
HTTP Error 429 thrown while requesting GET https://huggingface.co/api/datasets/allenai/c4/tree/main?expand=false&recursive=true&limit=1000&cursor=ZXlKbWFXeGxYMjVoYldVaU9pSnRkV3gwYVd4cGJtZDFZV3d2WXpRdFpXNHVkR1p5WldOdmNtUXRNRGsxT0RNdGIyWXRNVEV5TmpRdWFuTnZiaTVuZWlJc0luUnlaV1ZmYjJsa0lqb2lOR1l6WTJSbFlXRXlObU0zTkRReE5qWmhaVFpsWWpReFpHRXhNemd6WlRNME5UQTRORGc1TmlKOToyODAwMA%3D%3D
Rate limited. Waiting 164.0s before retry [Retry 1/5].
[2026-08-24T18:43:35.233] error: *** JOB 241289 ON rtx6001 CANCELLED AT 2026-08-24T18:43:35 DUE to SIGNAL Terminated ***
