Warning: You are sending unauthenticated requests to the HF Hub. Please set a HF_TOKEN to enable higher rate limits and faster downloads.
HTTP Error 429 thrown while requesting GET https://huggingface.co/api/datasets/allenai/c4/tree/main?expand=false&recursive=true&limit=1000&cursor=ZXlKbWFXeGxYMjVoYldVaU9pSnRkV3gwYVd4cGJtZDFZV3d2WXpRdFlYSXVkR1p5WldOdmNtUXRNREEyTVRBdGIyWXRNREV3TWpRdWFuTnZiaTVuZWlJc0luUnlaV1ZmYjJsa0lqb2lOR1l6WTJSbFlXRXlObU0zTkRReE5qWmhaVFpsWWpReFpHRXhNemd6WlRNME5UQTRORGc1TmlKOToxMDAwMA%3D%3D
Rate limited. Waiting 151.0s before retry [Retry 1/5].
HTTP Error 429 thrown while requesting GET https://huggingface.co/api/datasets/allenai/c4/tree/main?expand=false&recursive=true&limit=1000&cursor=ZXlKbWFXeGxYMjVoYldVaU9pSnRkV3gwYVd4cGJtZDFZV3d2WXpRdFlYSXVkR1p5WldOdmNtUXRNREEyTVRBdGIyWXRNREV3TWpRdWFuTnZiaTVuZWlJc0luUnlaV1ZmYjJsa0lqb2lOR1l6WTJSbFlXRXlObU0zTkRReE5qWmhaVFpsWWpReFpHRXhNemd6WlRNME5UQTRORGc1TmlKOToxMDAwMA%3D%3D
Rate limited. Waiting 151.0s before retry [Retry 1/5].
HTTP Error 429 thrown while requesting GET https://huggingface.co/api/datasets/allenai/c4/tree/main?expand=false&recursive=true&limit=1000&cursor=ZXlKbWFXeGxYMjVoYldVaU9pSnRkV3gwYVd4cGJtZDFZV3d2WXpRdFlYSXVkR1p5WldOdmNtUXRNREEyTVRBdGIyWXRNREV3TWpRdWFuTnZiaTVuZWlJc0luUnlaV1ZmYjJsa0lqb2lOR1l6WTJSbFlXRXlObU0zTkRReE5qWmhaVFpsWWpReFpHRXhNemd6WlRNME5UQTRORGc1TmlKOToxMDAwMA%3D%3D
Rate limited. Waiting 151.0s before retry [Retry 1/5].
HTTP Error 429 thrown while requesting GET https://huggingface.co/api/datasets/allenai/c4/tree/main?expand=false&recursive=true&limit=1000&cursor=ZXlKbWFXeGxYMjVoYldVaU9pSnRkV3gwYVd4cGJtZDFZV3d2WXpRdFltY3VkR1p5WldOdmNtUXRNREF4T1RRdGIyWXRNREV3TWpRdWFuTnZiaTVuZWlJc0luUnlaV1ZmYjJsa0lqb2lOR1l6WTJSbFlXRXlObU0zTkRReE5qWmhaVFpsWWpReFpHRXhNemd6WlRNME5UQTRORGc1TmlKOToxMTAwMA%3D%3D
Rate limited. Waiting 151.0s before retry [Retry 1/5].
HTTP Error 429 thrown while requesting GET https://huggingface.co/api/datasets/allenai/c4/tree/main?expand=false&recursive=true&limit=1000&cursor=ZXlKbWFXeGxYMjVoYldVaU9pSnRkV3gwYVd4cGJtZDFZV3d2WXpRdFltNHVkR1p5WldOdmNtUXRNREF4TmprdGIyWXRNREExTVRJdWFuTnZiaTVuZWlJc0luUnlaV1ZmYjJsa0lqb2lOR1l6WTJSbFlXRXlObU0zTkRReE5qWmhaVFpsWWpReFpHRXhNemd6WlRNME5UQTRORGc1TmlKOToxMjAwMA%3D%3D
Rate limited. Waiting 151.0s before retry [Retry 1/5].
HTTP Error 429 thrown while requesting GET https://huggingface.co/api/datasets/allenai/c4/tree/main?expand=false&recursive=true&limit=1000&cursor=ZXlKbWFXeGxYMjVoYldVaU9pSnRkV3gwYVd4cGJtZDFZV3d2WXpRdFltY3VkR1p5WldOdmNtUXRNREF4T1RRdGIyWXRNREV3TWpRdWFuTnZiaTVuZWlJc0luUnlaV1ZmYjJsa0lqb2lOR1l6WTJSbFlXRXlObU0zTkRReE5qWmhaVFpsWWpReFpHRXhNemd6WlRNME5UQTRORGc1TmlKOToxMTAwMA%3D%3D
Rate limited. Waiting 151.0s before retry [Retry 1/5].
HTTP Error 429 thrown while requesting GET https://huggingface.co/api/datasets/allenai/c4/tree/main?expand=false&recursive=true&limit=1000&cursor=ZXlKbWFXeGxYMjVoYldVaU9pSnRkV3gwYVd4cGJtZDFZV3d2WXpRdFltNHVkR1p5WldOdmNtUXRNREF4TmprdGIyWXRNREExTVRJdWFuTnZiaTVuZWlJc0luUnlaV1ZmYjJsa0lqb2lOR1l6WTJSbFlXRXlObU0zTkRReE5qWmhaVFpsWWpReFpHRXhNemd6WlRNME5UQTRORGc1TmlKOToxMjAwMA%3D%3D
Rate limited. Waiting 151.0s before retry [Retry 1/5].
HTTP Error 429 thrown while requesting GET https://huggingface.co/api/datasets/allenai/c4/tree/main?expand=false&recursive=true&limit=1000&cursor=ZXlKbWFXeGxYMjVoYldVaU9pSnRkV3gwYVd4cGJtZDFZV3d2WXpRdFltY3VkR1p5WldOdmNtUXRNREF4T1RRdGIyWXRNREV3TWpRdWFuTnZiaTVuZWlJc0luUnlaV1ZmYjJsa0lqb2lOR1l6WTJSbFlXRXlObU0zTkRReE5qWmhaVFpsWWpReFpHRXhNemd6WlRNME5UQTRORGc1TmlKOToxMTAwMA%3D%3D
Rate limited. Waiting 151.0s before retry [Retry 1/5].
HTTP Error 429 thrown while requesting GET https://huggingface.co/api/datasets/allenai/c4/tree/main?expand=false&recursive=true&limit=1000&cursor=ZXlKbWFXeGxYMjVoYldVaU9pSnRkV3gwYVd4cGJtZDFZV3d2WXpRdFltY3VkR1p5WldOdmNtUXRNREF4T1RRdGIyWXRNREV3TWpRdWFuTnZiaTVuZWlJc0luUnlaV1ZmYjJsa0lqb2lOR1l6WTJSbFlXRXlObU0zTkRReE5qWmhaVFpsWWpReFpHRXhNemd6WlRNME5UQTRORGc1TmlKOToxMTAwMA%3D%3D
Rate limited. Waiting 151.0s before retry [Retry 1/5].
HTTP Error 429 thrown while requesting GET https://huggingface.co/api/datasets/allenai/c4/tree/main?expand=false&recursive=true&limit=1000&cursor=ZXlKbWFXeGxYMjVoYldVaU9pSnRkV3gwYVd4cGJtZDFZV3d2WXpRdFlYSXVkR1p5WldOdmNtUXRNREEyTVRBdGIyWXRNREV3TWpRdWFuTnZiaTVuZWlJc0luUnlaV1ZmYjJsa0lqb2lOR1l6WTJSbFlXRXlObU0zTkRReE5qWmhaVFpsWWpReFpHRXhNemd6WlRNME5UQTRORGc1TmlKOToxMDAwMA%3D%3D
Rate limited. Waiting 151.0s before retry [Retry 1/5].
HTTP Error 429 thrown while requesting GET https://huggingface.co/api/datasets/allenai/c4/tree/main?expand=false&recursive=true&limit=1000&cursor=ZXlKbWFXeGxYMjVoYldVaU9pSnRkV3gwYVd4cGJtZDFZV3d2WXpRdFlYSXVkR1p5WldOdmNtUXRNREEyTVRBdGIyWXRNREV3TWpRdWFuTnZiaTVuZWlJc0luUnlaV1ZmYjJsa0lqb2lOR1l6WTJSbFlXRXlObU0zTkRReE5qWmhaVFpsWWpReFpHRXhNemd6WlRNME5UQTRORGc1TmlKOToxMDAwMA%3D%3D
Rate limited. Waiting 151.0s before retry [Retry 1/5].
HTTP Error 429 thrown while requesting GET https://huggingface.co/api/datasets/allenai/c4/tree/main?expand=false&recursive=true&limit=1000&cursor=ZXlKbWFXeGxYMjVoYldVaU9pSnRkV3gwYVd4cGJtZDFZV3d2WXpRdFltNHVkR1p5WldOdmNtUXRNREF4TmprdGIyWXRNREExTVRJdWFuTnZiaTVuZWlJc0luUnlaV1ZmYjJsa0lqb2lOR1l6WTJSbFlXRXlObU0zTkRReE5qWmhaVFpsWWpReFpHRXhNemd6WlRNME5UQTRORGc1TmlKOToxMjAwMA%3D%3D
Rate limited. Waiting 151.0s before retry [Retry 1/5].
HTTP Error 429 thrown while requesting GET https://huggingface.co/api/datasets/allenai/c4/tree/main?expand=false&recursive=true&limit=1000&cursor=ZXlKbWFXeGxYMjVoYldVaU9pSnRkV3gwYVd4cGJtZDFZV3d2WXpRdFlYSXVkR1p5WldOdmNtUXRNREEyTVRBdGIyWXRNREV3TWpRdWFuTnZiaTVuZWlJc0luUnlaV1ZmYjJsa0lqb2lOR1l6WTJSbFlXRXlObU0zTkRReE5qWmhaVFpsWWpReFpHRXhNemd6WlRNME5UQTRORGc1TmlKOToxMDAwMA%3D%3D
Rate limited. Waiting 151.0s before retry [Retry 1/5].
HTTP Error 429 thrown while requesting GET https://huggingface.co/api/datasets/allenai/c4/tree/main?expand=false&recursive=true&limit=1000&cursor=ZXlKbWFXeGxYMjVoYldVaU9pSnRkV3gwYVd4cGJtZDFZV3d2WXpRdFlYSXVkR1p5WldOdmNtUXRNREEyTVRBdGIyWXRNREV3TWpRdWFuTnZiaTVuZWlJc0luUnlaV1ZmYjJsa0lqb2lOR1l6WTJSbFlXRXlObU0zTkRReE5qWmhaVFpsWWpReFpHRXhNemd6WlRNME5UQTRORGc1TmlKOToxMDAwMA%3D%3D
Rate limited. Waiting 151.0s before retry [Retry 1/5].
HTTP Error 429 thrown while requesting GET https://huggingface.co/api/datasets/allenai/c4/tree/main?expand=false&recursive=true&limit=1000&cursor=ZXlKbWFXeGxYMjVoYldVaU9pSnRkV3gwYVd4cGJtZDFZV3d2WXpRdFltNHVkR1p5WldOdmNtUXRNREF4TmprdGIyWXRNREExTVRJdWFuTnZiaTVuZWlJc0luUnlaV1ZmYjJsa0lqb2lOR1l6WTJSbFlXRXlObU0zTkRReE5qWmhaVFpsWWpReFpHRXhNemd6WlRNME5UQTRORGc1TmlKOToxMjAwMA%3D%3D
Rate limited. Waiting 151.0s before retry [Retry 1/5].
HTTP Error 429 thrown while requesting GET https://huggingface.co/api/datasets/allenai/c4/tree/main?expand=false&recursive=true&limit=1000&cursor=ZXlKbWFXeGxYMjVoYldVaU9pSnRkV3gwYVd4cGJtZDFZV3d2WXpRdFkzTXVkR1p5WldOdmNtUXRNREF4TWpRdGIyWXRNREV3TWpRdWFuTnZiaTVuZWlJc0luUnlaV1ZmYjJsa0lqb2lOR1l6WTJSbFlXRXlObU0zTkRReE5qWmhaVFpsWWpReFpHRXhNemd6WlRNME5UQTRORGc1TmlKOToxMzAwMA%3D%3D
Rate limited. Waiting 151.0s before retry [Retry 1/5].
HTTP Error 429 thrown while requesting GET https://huggingface.co/api/datasets/allenai/c4/tree/main?expand=false&recursive=true&limit=1000&cursor=ZXlKbWFXeGxYMjVoYldVaU9pSnRkV3gwYVd4cGJtZDFZV3d2WXpRdFltY3VkR1p5WldOdmNtUXRNREF4T1RRdGIyWXRNREV3TWpRdWFuTnZiaTVuZWlJc0luUnlaV1ZmYjJsa0lqb2lOR1l6WTJSbFlXRXlObU0zTkRReE5qWmhaVFpsWWpReFpHRXhNemd6WlRNME5UQTRORGc1TmlKOToxMTAwMA%3D%3D
Rate limited. Waiting 151.0s before retry [Retry 1/5].
HTTP Error 429 thrown while requesting GET https://huggingface.co/api/datasets/allenai/c4/tree/main?expand=false&recursive=true&limit=1000&cursor=ZXlKbWFXeGxYMjVoYldVaU9pSnRkV3gwYVd4cGJtZDFZV3d2WXpRdFltY3VkR1p5WldOdmNtUXRNREF4T1RRdGIyWXRNREV3TWpRdWFuTnZiaTVuZWlJc0luUnlaV1ZmYjJsa0lqb2lOR1l6WTJSbFlXRXlObU0zTkRReE5qWmhaVFpsWWpReFpHRXhNemd6WlRNME5UQTRORGc1TmlKOToxMTAwMA%3D%3D
HTTP Error 429 thrown while requesting GET https://huggingface.co/api/datasets/allenai/c4/tree/main?expand=false&recursive=true&limit=1000&cursor=ZXlKbWFXeGxYMjVoYldVaU9pSnRkV3gwYVd4cGJtZDFZV3d2WXpRdFlYSXVkR1p5WldOdmNtUXRNREEyTVRBdGIyWXRNREV3TWpRdWFuTnZiaTVuZWlJc0luUnlaV1ZmYjJsa0lqb2lOR1l6WTJSbFlXRXlObU0zTkRReE5qWmhaVFpsWWpReFpHRXhNemd6WlRNME5UQTRORGc1TmlKOToxMDAwMA%3D%3D
HTTP Error 429 thrown while requesting GET https://huggingface.co/api/datasets/allenai/c4/tree/main?expand=false&recursive=true&limit=1000&cursor=ZXlKbWFXeGxYMjVoYldVaU9pSnRkV3gwYVd4cGJtZDFZV3d2WXpRdFltY3VkR1p5WldOdmNtUXRNREF4T1RRdGIyWXRNREV3TWpRdWFuTnZiaTVuZWlJc0luUnlaV1ZmYjJsa0lqb2lOR1l6WTJSbFlXRXlObU0zTkRReE5qWmhaVFpsWWpReFpHRXhNemd6WlRNME5UQTRORGc1TmlKOToxMTAwMA%3D%3D
Rate limited. Waiting 151.0s before retry [Retry 1/5].
Rate limited. Waiting 151.0s before retry [Retry 1/5].
Rate limited. Waiting 151.0s before retry [Retry 1/5].
HTTP Error 429 thrown while requesting GET https://huggingface.co/api/datasets/allenai/c4/tree/main?expand=false&recursive=true&limit=1000&cursor=ZXlKbWFXeGxYMjVoYldVaU9pSnRkV3gwYVd4cGJtZDFZV3d2WXpRdFltY3VkR1p5WldOdmNtUXRNREF4T1RRdGIyWXRNREV3TWpRdWFuTnZiaTVuZWlJc0luUnlaV1ZmYjJsa0lqb2lOR1l6WTJSbFlXRXlObU0zTkRReE5qWmhaVFpsWWpReFpHRXhNemd6WlRNME5UQTRORGc1TmlKOToxMTAwMA%3D%3D
Rate limited. Waiting 151.0s before retry [Retry 1/5].
HTTP Error 429 thrown while requesting GET https://huggingface.co/api/datasets/allenai/c4/tree/main?expand=false&recursive=true&limit=1000&cursor=ZXlKbWFXeGxYMjVoYldVaU9pSnRkV3gwYVd4cGJtZDFZV3d2WXpRdFltNHVkR1p5WldOdmNtUXRNREF4TmprdGIyWXRNREExTVRJdWFuTnZiaTVuZWlJc0luUnlaV1ZmYjJsa0lqb2lOR1l6WTJSbFlXRXlObU0zTkRReE5qWmhaVFpsWWpReFpHRXhNemd6WlRNME5UQTRORGc1TmlKOToxMjAwMA%3D%3D
Rate limited. Waiting 151.0s before retry [Retry 1/5].
HTTP Error 429 thrown while requesting GET https://huggingface.co/api/datasets/allenai/c4/tree/main?expand=false&recursive=true&limit=1000&cursor=ZXlKbWFXeGxYMjVoYldVaU9pSnRkV3gwYVd4cGJtZDFZV3d2WXpRdFlYSXVkR1p5WldOdmNtUXRNREEyTVRBdGIyWXRNREV3TWpRdWFuTnZiaTVuZWlJc0luUnlaV1ZmYjJsa0lqb2lOR1l6WTJSbFlXRXlObU0zTkRReE5qWmhaVFpsWWpReFpHRXhNemd6WlRNME5UQTRORGc1TmlKOToxMDAwMA%3D%3D
Rate limited. Waiting 151.0s before retry [Retry 1/5].
HTTP Error 429 thrown while requesting GET https://huggingface.co/api/datasets/allenai/c4/tree/main?expand=false&recursive=true&limit=1000&cursor=ZXlKbWFXeGxYMjVoYldVaU9pSnRkV3gwYVd4cGJtZDFZV3d2WXpRdFkzTXVkR1p5WldOdmNtUXRNREF4TWpRdGIyWXRNREV3TWpRdWFuTnZiaTVuZWlJc0luUnlaV1ZmYjJsa0lqb2lOR1l6WTJSbFlXRXlObU0zTkRReE5qWmhaVFpsWWpReFpHRXhNemd6WlRNME5UQTRORGc1TmlKOToxMzAwMA%3D%3D
Rate limited. Waiting 151.0s before retry [Retry 1/5].
HTTP Error 429 thrown while requesting GET https://huggingface.co/api/datasets/allenai/c4/tree/main?expand=false&recursive=true&limit=1000&cursor=ZXlKbWFXeGxYMjVoYldVaU9pSnRkV3gwYVd4cGJtZDFZV3d2WXpRdFltY3VkR1p5WldOdmNtUXRNREF4T1RRdGIyWXRNREV3TWpRdWFuTnZiaTVuZWlJc0luUnlaV1ZmYjJsa0lqb2lOR1l6WTJSbFlXRXlObU0zTkRReE5qWmhaVFpsWWpReFpHRXhNemd6WlRNME5UQTRORGc1TmlKOToxMTAwMA%3D%3D
Rate limited. Waiting 151.0s before retry [Retry 1/5].
HTTP Error 429 thrown while requesting GET https://huggingface.co/api/datasets/allenai/c4/tree/main?expand=false&recursive=true&limit=1000&cursor=ZXlKbWFXeGxYMjVoYldVaU9pSnRkV3gwYVd4cGJtZDFZV3d2WXpRdFltY3VkR1p5WldOdmNtUXRNREF4T1RRdGIyWXRNREV3TWpRdWFuTnZiaTVuZWlJc0luUnlaV1ZmYjJsa0lqb2lOR1l6WTJSbFlXRXlObU0zTkRReE5qWmhaVFpsWWpReFpHRXhNemd6WlRNME5UQTRORGc1TmlKOToxMTAwMA%3D%3D
Rate limited. Waiting 151.0s before retry [Retry 1/5].
HTTP Error 429 thrown while requesting GET https://huggingface.co/api/datasets/allenai/c4/tree/main?expand=false&recursive=true&limit=1000&cursor=ZXlKbWFXeGxYMjVoYldVaU9pSnRkV3gwYVd4cGJtZDFZV3d2WXpRdFltY3VkR1p5WldOdmNtUXRNREF4T1RRdGIyWXRNREV3TWpRdWFuTnZiaTVuZWlJc0luUnlaV1ZmYjJsa0lqb2lOR1l6WTJSbFlXRXlObU0zTkRReE5qWmhaVFpsWWpReFpHRXhNemd6WlRNME5UQTRORGc1TmlKOToxMTAwMA%3D%3D
Rate limited. Waiting 151.0s before retry [Retry 1/5].
HTTP Error 429 thrown while requesting GET https://huggingface.co/api/datasets/allenai/c4/tree/main?expand=false&recursive=true&limit=1000&cursor=ZXlKbWFXeGxYMjVoYldVaU9pSnRkV3gwYVd4cGJtZDFZV3d2WXpRdFlYSXVkR1p5WldOdmNtUXRNREEyTVRBdGIyWXRNREV3TWpRdWFuTnZiaTVuZWlJc0luUnlaV1ZmYjJsa0lqb2lOR1l6WTJSbFlXRXlObU0zTkRReE5qWmhaVFpsWWpReFpHRXhNemd6WlRNME5UQTRORGc1TmlKOToxMDAwMA%3D%3D
Rate limited. Waiting 151.0s before retry [Retry 1/5].
HTTP Error 429 thrown while requesting GET https://huggingface.co/api/datasets/allenai/c4/tree/main?expand=false&recursive=true&limit=1000&cursor=ZXlKbWFXeGxYMjVoYldVaU9pSnRkV3gwYVd4cGJtZDFZV3d2WXpRdFkzTXVkR1p5WldOdmNtUXRNREF4TWpRdGIyWXRNREV3TWpRdWFuTnZiaTVuZWlJc0luUnlaV1ZmYjJsa0lqb2lOR1l6WTJSbFlXRXlObU0zTkRReE5qWmhaVFpsWWpReFpHRXhNemd6WlRNME5UQTRORGc1TmlKOToxMzAwMA%3D%3D
Rate limited. Waiting 151.0s before retry [Retry 1/5].
HTTP Error 429 thrown while requesting GET https://huggingface.co/api/datasets/allenai/c4/tree/main?expand=false&recursive=true&limit=1000&cursor=ZXlKbWFXeGxYMjVoYldVaU9pSnRkV3gwYVd4cGJtZDFZV3d2WXpRdFltNHVkR1p5WldOdmNtUXRNREF4TmprdGIyWXRNREExTVRJdWFuTnZiaTVuZWlJc0luUnlaV1ZmYjJsa0lqb2lOR1l6WTJSbFlXRXlObU0zTkRReE5qWmhaVFpsWWpReFpHRXhNemd6WlRNME5UQTRORGc1TmlKOToxMjAwMA%3D%3D
Rate limited. Waiting 151.0s before retry [Retry 1/5].
HTTP Error 429 thrown while requesting GET https://huggingface.co/api/datasets/allenai/c4/tree/main?expand=false&recursive=true&limit=1000&cursor=ZXlKbWFXeGxYMjVoYldVaU9pSnRkV3gwYVd4cGJtZDFZV3d2WXpRdFltY3VkR1p5WldOdmNtUXRNREF4T1RRdGIyWXRNREV3TWpRdWFuTnZiaTVuZWlJc0luUnlaV1ZmYjJsa0lqb2lOR1l6WTJSbFlXRXlObU0zTkRReE5qWmhaVFpsWWpReFpHRXhNemd6WlRNME5UQTRORGc1TmlKOToxMTAwMA%3D%3D
Rate limited. Waiting 151.0s before retry [Retry 1/5].
HTTP Error 429 thrown while requesting GET https://huggingface.co/api/datasets/allenai/c4/tree/main?expand=false&recursive=true&limit=1000&cursor=ZXlKbWFXeGxYMjVoYldVaU9pSnRkV3gwYVd4cGJtZDFZV3d2WXpRdFltNHVkR1p5WldOdmNtUXRNREF4TmprdGIyWXRNREExTVRJdWFuTnZiaTVuZWlJc0luUnlaV1ZmYjJsa0lqb2lOR1l6WTJSbFlXRXlObU0zTkRReE5qWmhaVFpsWWpReFpHRXhNemd6WlRNME5UQTRORGc1TmlKOToxMjAwMA%3D%3D
Rate limited. Waiting 151.0s before retry [Retry 1/5].
HTTP Error 429 thrown while requesting GET https://huggingface.co/api/datasets/allenai/c4/tree/main?expand=false&recursive=true&limit=1000&cursor=ZXlKbWFXeGxYMjVoYldVaU9pSnRkV3gwYVd4cGJtZDFZV3d2WXpRdFpXNHVkR1p5WldOdmNtUXRNRGcxT0RNdGIyWXRNVEV5TmpRdWFuTnZiaTVuZWlJc0luUnlaV1ZmYjJsa0lqb2lOR1l6WTJSbFlXRXlObU0zTkRReE5qWmhaVFpsWWpReFpHRXhNemd6WlRNME5UQTRORGc1TmlKOToyNzAwMA%3D%3D
Rate limited. Waiting 295.0s before retry [Retry 1/5].
HTTP Error 429 thrown while requesting GET https://huggingface.co/api/datasets/allenai/c4/tree/main?expand=false&recursive=true&limit=1000&cursor=ZXlKbWFXeGxYMjVoYldVaU9pSnRkV3gwYVd4cGJtZDFZV3d2WXpRdFpXNHVkR1p5WldOdmNtUXRNRGsxT0RNdGIyWXRNVEV5TmpRdWFuTnZiaTVuZWlJc0luUnlaV1ZmYjJsa0lqb2lOR1l6WTJSbFlXRXlObU0zTkRReE5qWmhaVFpsWWpReFpHRXhNemd6WlRNME5UQTRORGc1TmlKOToyODAwMA%3D%3D
Rate limited. Waiting 295.0s before retry [Retry 1/5].
HTTP Error 429 thrown while requesting GET https://huggingface.co/api/datasets/allenai/c4/tree/main?expand=false&recursive=true&limit=1000&cursor=ZXlKbWFXeGxYMjVoYldVaU9pSnRkV3gwYVd4cGJtZDFZV3d2WXpRdFpXNHVkR1p5WldOdmNtUXRNRGcxT0RNdGIyWXRNVEV5TmpRdWFuTnZiaTVuZWlJc0luUnlaV1ZmYjJsa0lqb2lOR1l6WTJSbFlXRXlObU0zTkRReE5qWmhaVFpsWWpReFpHRXhNemd6WlRNME5UQTRORGc1TmlKOToyNzAwMA%3D%3D
Rate limited. Waiting 295.0s before retry [Retry 1/5].
HTTP Error 429 thrown while requesting GET https://huggingface.co/api/datasets/allenai/c4/tree/main?expand=false&recursive=true&limit=1000&cursor=ZXlKbWFXeGxYMjVoYldVaU9pSnRkV3gwYVd4cGJtZDFZV3d2WXpRdFpYTXVkR1p5WldOdmNtUXRNREF5TnpBdGIyWXRNREl3TkRndWFuTnZiaTVuZWlJc0luUnlaV1ZmYjJsa0lqb2lOR1l6WTJSbFlXRXlObU0zTkRReE5qWmhaVFpsWWpReFpHRXhNemd6WlRNME5UQTRORGc1TmlKOTozMDAwMA%3D%3D
Rate limited. Waiting 295.0s before retry [Retry 1/5].
HTTP Error 429 thrown while requesting GET https://huggingface.co/api/datasets/allenai/c4/tree/main?expand=false&recursive=true&limit=1000&cursor=ZXlKbWFXeGxYMjVoYldVaU9pSnRkV3gwYVd4cGJtZDFZV3d2WXpRdFpXNHVkR1p5WldOdmNtUXRNRGMxT0RNdGIyWXRNVEV5TmpRdWFuTnZiaTVuZWlJc0luUnlaV1ZmYjJsa0lqb2lOR1l6WTJSbFlXRXlObU0zTkRReE5qWmhaVFpsWWpReFpHRXhNemd6WlRNME5UQTRORGc1TmlKOToyNjAwMA%3D%3D
Rate limited. Waiting 295.0s before retry [Retry 1/5].
HTTP Error 429 thrown while requesting GET https://huggingface.co/api/datasets/allenai/c4/tree/main?expand=false&recursive=true&limit=1000&cursor=ZXlKbWFXeGxYMjVoYldVaU9pSnRkV3gwYVd4cGJtZDFZV3d2WXpRdFpXNHVkR1p5WldOdmNtUXRNRGMxT0RNdGIyWXRNVEV5TmpRdWFuTnZiaTVuZWlJc0luUnlaV1ZmYjJsa0lqb2lOR1l6WTJSbFlXRXlObU0zTkRReE5qWmhaVFpsWWpReFpHRXhNemd6WlRNME5UQTRORGc1TmlKOToyNjAwMA%3D%3D
Rate limited. Waiting 295.0s before retry [Retry 1/5].
HTTP Error 429 thrown while requesting GET https://huggingface.co/api/datasets/allenai/c4/tree/main?expand=false&recursive=true&limit=1000&cursor=ZXlKbWFXeGxYMjVoYldVaU9pSnRkV3gwYVd4cGJtZDFZV3d2WXpRdFpXNHVkR1p5WldOdmNtUXRNRGMxT0RNdGIyWXRNVEV5TmpRdWFuTnZiaTVuZWlJc0luUnlaV1ZmYjJsa0lqb2lOR1l6WTJSbFlXRXlObU0zTkRReE5qWmhaVFpsWWpReFpHRXhNemd6WlRNME5UQTRORGc1TmlKOToyNjAwMA%3D%3D
Rate limited. Waiting 295.0s before retry [Retry 1/5].
HTTP Error 429 thrown while requesting GET https://huggingface.co/api/datasets/allenai/c4/tree/main?expand=false&recursive=true&limit=1000&cursor=ZXlKbWFXeGxYMjVoYldVaU9pSnRkV3gwYVd4cGJtZDFZV3d2WXpRdFpXNHVkR1p5WldOdmNtUXRNRFUxT0RNdGIyWXRNVEV5TmpRdWFuTnZiaTVuZWlJc0luUnlaV1ZmYjJsa0lqb2lOR1l6WTJSbFlXRXlObU0zTkRReE5qWmhaVFpsWWpReFpHRXhNemd6WlRNME5UQTRORGc1TmlKOToyNDAwMA%3D%3D
Rate limited. Waiting 295.0s before retry [Retry 1/5].
HTTP Error 429 thrown while requesting GET https://huggingface.co/api/datasets/allenai/c4/tree/main?expand=false&recursive=true&limit=1000&cursor=ZXlKbWFXeGxYMjVoYldVaU9pSnRkV3gwYVd4cGJtZDFZV3d2WXpRdFpXNHVkR1p5WldOdmNtUXRNRGcxT0RNdGIyWXRNVEV5TmpRdWFuTnZiaTVuZWlJc0luUnlaV1ZmYjJsa0lqb2lOR1l6WTJSbFlXRXlObU0zTkRReE5qWmhaVFpsWWpReFpHRXhNemd6WlRNME5UQTRORGc1TmlKOToyNzAwMA%3D%3D
Rate limited. Waiting 295.0s before retry [Retry 1/5].
HTTP Error 429 thrown while requesting GET https://huggingface.co/api/datasets/allenai/c4/tree/main?expand=false&recursive=true&limit=1000&cursor=ZXlKbWFXeGxYMjVoYldVaU9pSnRkV3gwYVd4cGJtZDFZV3d2WXpRdFpXNHVkR1p5WldOdmNtUXRNRGsxT0RNdGIyWXRNVEV5TmpRdWFuTnZiaTVuZWlJc0luUnlaV1ZmYjJsa0lqb2lOR1l6WTJSbFlXRXlObU0zTkRReE5qWmhaVFpsWWpReFpHRXhNemd6WlRNME5UQTRORGc1TmlKOToyODAwMA%3D%3D
Rate limited. Waiting 295.0s before retry [Retry 1/5].
HTTP Error 429 thrown while requesting GET https://huggingface.co/api/datasets/allenai/c4/tree/main?expand=false&recursive=true&limit=1000&cursor=ZXlKbWFXeGxYMjVoYldVaU9pSnRkV3gwYVd4cGJtZDFZV3d2WXpRdFpXNHVkR1p5WldOdmNtUXRNVEExT0RNdGIyWXRNVEV5TmpRdWFuTnZiaTVuZWlJc0luUnlaV1ZmYjJsa0lqb2lOR1l6WTJSbFlXRXlObU0zTkRReE5qWmhaVFpsWWpReFpHRXhNemd6WlRNME5UQTRORGc1TmlKOToyOTAwMA%3D%3D
Rate limited. Waiting 295.0s before retry [Retry 1/5].
HTTP Error 429 thrown while requesting GET https://huggingface.co/api/datasets/allenai/c4/tree/main?expand=false&recursive=true&limit=1000&cursor=ZXlKbWFXeGxYMjVoYldVaU9pSnRkV3gwYVd4cGJtZDFZV3d2WXpRdFpXNHVkR1p5WldOdmNtUXRNRGMxT0RNdGIyWXRNVEV5TmpRdWFuTnZiaTVuZWlJc0luUnlaV1ZmYjJsa0lqb2lOR1l6WTJSbFlXRXlObU0zTkRReE5qWmhaVFpsWWpReFpHRXhNemd6WlRNME5UQTRORGc1TmlKOToyNjAwMA%3D%3D
Rate limited. Waiting 295.0s before retry [Retry 1/5].
HTTP Error 429 thrown while requesting GET https://huggingface.co/api/datasets/allenai/c4/tree/main?expand=false&recursive=true&limit=1000&cursor=ZXlKbWFXeGxYMjVoYldVaU9pSnRkV3gwYVd4cGJtZDFZV3d2WXpRdFpXNHVkR1p5WldOdmNtUXRNRGMxT0RNdGIyWXRNVEV5TmpRdWFuTnZiaTVuZWlJc0luUnlaV1ZmYjJsa0lqb2lOR1l6WTJSbFlXRXlObU0zTkRReE5qWmhaVFpsWWpReFpHRXhNemd6WlRNME5UQTRORGc1TmlKOToyNjAwMA%3D%3D
Rate limited. Waiting 295.0s before retry [Retry 1/5].
HTTP Error 429 thrown while requesting GET https://huggingface.co/api/datasets/allenai/c4/tree/main?expand=false&recursive=true&limit=1000&cursor=ZXlKbWFXeGxYMjVoYldVaU9pSnRkV3gwYVd4cGJtZDFZV3d2WXpRdFpXNHVkR1p5WldOdmNtUXRNRGcxT0RNdGIyWXRNVEV5TmpRdWFuTnZiaTVuZWlJc0luUnlaV1ZmYjJsa0lqb2lOR1l6WTJSbFlXRXlObU0zTkRReE5qWmhaVFpsWWpReFpHRXhNemd6WlRNME5UQTRORGc1TmlKOToyNzAwMA%3D%3D
Rate limited. Waiting 295.0s before retry [Retry 1/5].
HTTP Error 429 thrown while requesting GET https://huggingface.co/api/datasets/allenai/c4/tree/main?expand=false&recursive=true&limit=1000&cursor=ZXlKbWFXeGxYMjVoYldVaU9pSnRkV3gwYVd4cGJtZDFZV3d2WXpRdFpXNHVkR1p5WldOdmNtUXRNRGMxT0RNdGIyWXRNVEV5TmpRdWFuTnZiaTVuZWlJc0luUnlaV1ZmYjJsa0lqb2lOR1l6WTJSbFlXRXlObU0zTkRReE5qWmhaVFpsWWpReFpHRXhNemd6WlRNME5UQTRORGc1TmlKOToyNjAwMA%3D%3D
Rate limited. Waiting 295.0s before retry [Retry 1/5].
HTTP Error 429 thrown while requesting GET https://huggingface.co/api/datasets/allenai/c4/tree/main?expand=false&recursive=true&limit=1000&cursor=ZXlKbWFXeGxYMjVoYldVaU9pSnRkV3gwYVd4cGJtZDFZV3d2WXpRdFpXNHVkR1p5WldOdmNtUXRNRFkxT0RNdGIyWXRNVEV5TmpRdWFuTnZiaTVuZWlJc0luUnlaV1ZmYjJsa0lqb2lOR1l6WTJSbFlXRXlObU0zTkRReE5qWmhaVFpsWWpReFpHRXhNemd6WlRNME5UQTRORGc1TmlKOToyNTAwMA%3D%3D
Rate limited. Waiting 295.0s before retry [Retry 1/5].
HTTP Error 429 thrown while requesting GET https://huggingface.co/api/datasets/allenai/c4/tree/main?expand=false&recursive=true&limit=1000&cursor=ZXlKbWFXeGxYMjVoYldVaU9pSnRkV3gwYVd4cGJtZDFZV3d2WXpRdFpXNHVkR1p5WldOdmNtUXRNRGsxT0RNdGIyWXRNVEV5TmpRdWFuTnZiaTVuZWlJc0luUnlaV1ZmYjJsa0lqb2lOR1l6WTJSbFlXRXlObU0zTkRReE5qWmhaVFpsWWpReFpHRXhNemd6WlRNME5UQTRORGc1TmlKOToyODAwMA%3D%3D
Rate limited. Waiting 295.0s before retry [Retry 1/5].
HTTP Error 429 thrown while requesting GET https://huggingface.co/api/datasets/allenai/c4/tree/main?expand=false&recursive=true&limit=1000&cursor=ZXlKbWFXeGxYMjVoYldVaU9pSnRkV3gwYVd4cGJtZDFZV3d2WXpRdFpXNHVkR1p5WldOdmNtUXRNRGsxT0RNdGIyWXRNVEV5TmpRdWFuTnZiaTVuZWlJc0luUnlaV1ZmYjJsa0lqb2lOR1l6WTJSbFlXRXlObU0zTkRReE5qWmhaVFpsWWpReFpHRXhNemd6WlRNME5UQTRORGc1TmlKOToyODAwMA%3D%3D
Rate limited. Waiting 295.0s before retry [Retry 1/5].
HTTP Error 429 thrown while requesting GET https://huggingface.co/api/datasets/allenai/c4/tree/main?expand=false&recursive=true&limit=1000&cursor=ZXlKbWFXeGxYMjVoYldVaU9pSnRkV3gwYVd4cGJtZDFZV3d2WXpRdFpXNHVkR1p5WldOdmNtUXRNRGcxT0RNdGIyWXRNVEV5TmpRdWFuTnZiaTVuZWlJc0luUnlaV1ZmYjJsa0lqb2lOR1l6WTJSbFlXRXlObU0zTkRReE5qWmhaVFpsWWpReFpHRXhNemd6WlRNME5UQTRORGc1TmlKOToyNzAwMA%3D%3D
Rate limited. Waiting 295.0s before retry [Retry 1/5].
HTTP Error 429 thrown while requesting GET https://huggingface.co/api/datasets/allenai/c4/tree/main?expand=false&recursive=true&limit=1000&cursor=ZXlKbWFXeGxYMjVoYldVaU9pSnRkV3gwYVd4cGJtZDFZV3d2WXpRdFpXNHVkR1p5WldOdmNtUXRNRFExT0RNdGIyWXRNVEV5TmpRdWFuTnZiaTVuZWlJc0luUnlaV1ZmYjJsa0lqb2lOR1l6WTJSbFlXRXlObU0zTkRReE5qWmhaVFpsWWpReFpHRXhNemd6WlRNME5UQTRORGc1TmlKOToyMzAwMA%3D%3D
Rate limited. Waiting 295.0s before retry [Retry 1/5].
HTTP Error 429 thrown while requesting GET https://huggingface.co/api/datasets/allenai/c4/tree/main?expand=false&recursive=true&limit=1000&cursor=ZXlKbWFXeGxYMjVoYldVaU9pSnRkV3gwYVd4cGJtZDFZV3d2WXpRdFpXNHVkR1p5WldOdmNtUXRNRGMxT0RNdGIyWXRNVEV5TmpRdWFuTnZiaTVuZWlJc0luUnlaV1ZmYjJsa0lqb2lOR1l6WTJSbFlXRXlObU0zTkRReE5qWmhaVFpsWWpReFpHRXhNemd6WlRNME5UQTRORGc1TmlKOToyNjAwMA%3D%3D
Rate limited. Waiting 295.0s before retry [Retry 1/5].
HTTP Error 429 thrown while requesting GET https://huggingface.co/api/datasets/allenai/c4/tree/main?expand=false&recursive=true&limit=1000&cursor=ZXlKbWFXeGxYMjVoYldVaU9pSnRkV3gwYVd4cGJtZDFZV3d2WXpRdFpXNHVkR1p5WldOdmNtUXRNRGMxT0RNdGIyWXRNVEV5TmpRdWFuTnZiaTVuZWlJc0luUnlaV1ZmYjJsa0lqb2lOR1l6WTJSbFlXRXlObU0zTkRReE5qWmhaVFpsWWpReFpHRXhNemd6WlRNME5UQTRORGc1TmlKOToyNjAwMA%3D%3D
Rate limited. Waiting 295.0s before retry [Retry 1/5].
HTTP Error 429 thrown while requesting GET https://huggingface.co/api/datasets/allenai/c4/tree/main?expand=false&recursive=true&limit=1000&cursor=ZXlKbWFXeGxYMjVoYldVaU9pSnRkV3gwYVd4cGJtZDFZV3d2WXpRdFpXNHVkR1p5WldOdmNtUXRNRGMxT0RNdGIyWXRNVEV5TmpRdWFuTnZiaTVuZWlJc0luUnlaV1ZmYjJsa0lqb2lOR1l6WTJSbFlXRXlObU0zTkRReE5qWmhaVFpsWWpReFpHRXhNemd6WlRNME5UQTRORGc1TmlKOToyNjAwMA%3D%3D
Rate limited. Waiting 295.0s before retry [Retry 1/5].
HTTP Error 429 thrown while requesting GET https://huggingface.co/api/datasets/allenai/c4/tree/main?expand=false&recursive=true&limit=1000&cursor=ZXlKbWFXeGxYMjVoYldVaU9pSnRkV3gwYVd4cGJtZDFZV3d2WXpRdFpXNHVkR1p5WldOdmNtUXRNRGcxT0RNdGIyWXRNVEV5TmpRdWFuTnZiaTVuZWlJc0luUnlaV1ZmYjJsa0lqb2lOR1l6WTJSbFlXRXlObU0zTkRReE5qWmhaVFpsWWpReFpHRXhNemd6WlRNME5UQTRORGc1TmlKOToyNzAwMA%3D%3D
Rate limited. Waiting 295.0s before retry [Retry 1/5].
HTTP Error 429 thrown while requesting GET https://huggingface.co/api/datasets/allenai/c4/tree/main?expand=false&recursive=true&limit=1000&cursor=ZXlKbWFXeGxYMjVoYldVaU9pSnRkV3gwYVd4cGJtZDFZV3d2WXpRdFpXNHVkR1p5WldOdmNtUXRNRGcxT0RNdGIyWXRNVEV5TmpRdWFuTnZiaTVuZWlJc0luUnlaV1ZmYjJsa0lqb2lOR1l6WTJSbFlXRXlObU0zTkRReE5qWmhaVFpsWWpReFpHRXhNemd6WlRNME5UQTRORGc1TmlKOToyNzAwMA%3D%3D
Rate limited. Waiting 295.0s before retry [Retry 1/5].
HTTP Error 429 thrown while requesting GET https://huggingface.co/api/datasets/allenai/c4/tree/main?expand=false&recursive=true&limit=1000&cursor=ZXlKbWFXeGxYMjVoYldVaU9pSnRkV3gwYVd4cGJtZDFZV3d2WXpRdFpXNHVkR1p5WldOdmNtUXRNVEExT0RNdGIyWXRNVEV5TmpRdWFuTnZiaTVuZWlJc0luUnlaV1ZmYjJsa0lqb2lOR1l6WTJSbFlXRXlObU0zTkRReE5qWmhaVFpsWWpReFpHRXhNemd6WlRNME5UQTRORGc1TmlKOToyOTAwMA%3D%3D
Rate limited. Waiting 295.0s before retry [Retry 1/5].
HTTP Error 429 thrown while requesting GET https://huggingface.co/api/datasets/allenai/c4/tree/main?expand=false&recursive=true&limit=1000&cursor=ZXlKbWFXeGxYMjVoYldVaU9pSnRkV3gwYVd4cGJtZDFZV3d2WXpRdFpXNHVkR1p5WldOdmNtUXRNRGMxT0RNdGIyWXRNVEV5TmpRdWFuTnZiaTVuZWlJc0luUnlaV1ZmYjJsa0lqb2lOR1l6WTJSbFlXRXlObU0zTkRReE5qWmhaVFpsWWpReFpHRXhNemd6WlRNME5UQTRORGc1TmlKOToyNjAwMA%3D%3D
Rate limited. Waiting 295.0s before retry [Retry 1/5].
HTTP Error 429 thrown while requesting GET https://huggingface.co/api/datasets/allenai/c4/tree/main?expand=false&recursive=true&limit=1000&cursor=ZXlKbWFXeGxYMjVoYldVaU9pSnRkV3gwYVd4cGJtZDFZV3d2WXpRdFpXNHVkR1p5WldOdmNtUXRNRFkxT0RNdGIyWXRNVEV5TmpRdWFuTnZiaTVuZWlJc0luUnlaV1ZmYjJsa0lqb2lOR1l6WTJSbFlXRXlObU0zTkRReE5qWmhaVFpsWWpReFpHRXhNemd6WlRNME5UQTRORGc1TmlKOToyNTAwMA%3D%3D
Rate limited. Waiting 295.0s before retry [Retry 1/5].
HTTP Error 429 thrown while requesting GET https://huggingface.co/api/datasets/allenai/c4/tree/main?expand=false&recursive=true&limit=1000&cursor=ZXlKbWFXeGxYMjVoYldVaU9pSnRkV3gwYVd4cGJtZDFZV3d2WXpRdFpXNHVkR1p5WldOdmNtUXRNRGcxT0RNdGIyWXRNVEV5TmpRdWFuTnZiaTVuZWlJc0luUnlaV1ZmYjJsa0lqb2lOR1l6WTJSbFlXRXlObU0zTkRReE5qWmhaVFpsWWpReFpHRXhNemd6WlRNME5UQTRORGc1TmlKOToyNzAwMA%3D%3D
Rate limited. Waiting 295.0s before retry [Retry 1/5].
HTTP Error 429 thrown while requesting GET https://huggingface.co/api/datasets/allenai/c4/tree/main?expand=false&recursive=true&limit=1000&cursor=ZXlKbWFXeGxYMjVoYldVaU9pSnRkV3gwYVd4cGJtZDFZV3d2WXpRdFpXNHVkR1p5WldOdmNtUXRNRGsxT0RNdGIyWXRNVEV5TmpRdWFuTnZiaTVuZWlJc0luUnlaV1ZmYjJsa0lqb2lOR1l6WTJSbFlXRXlObU0zTkRReE5qWmhaVFpsWWpReFpHRXhNemd6WlRNME5UQTRORGc1TmlKOToyODAwMA%3D%3D
Rate limited. Waiting 295.0s before retry [Retry 1/5].
HTTP Error 429 thrown while requesting GET https://huggingface.co/api/datasets/allenai/c4/tree/main?expand=false&recursive=true&limit=1000&cursor=ZXlKbWFXeGxYMjVoYldVaU9pSnRkV3gwYVd4cGJtZDFZV3d2WXpRdFpXNHVkR1p5WldOdmNtUXRNRGcxT0RNdGIyWXRNVEV5TmpRdWFuTnZiaTVuZWlJc0luUnlaV1ZmYjJsa0lqb2lOR1l6WTJSbFlXRXlObU0zTkRReE5qWmhaVFpsWWpReFpHRXhNemd6WlRNME5UQTRORGc1TmlKOToyNzAwMA%3D%3D
Rate limited. Waiting 295.0s before retry [Retry 1/5].
HTTP Error 429 thrown while requesting GET https://huggingface.co/api/datasets/allenai/c4/tree/main?expand=false&recursive=true&limit=1000&cursor=ZXlKbWFXeGxYMjVoYldVaU9pSnRkV3gwYVd4cGJtZDFZV3d2WXpRdFpXNHVkR1p5WldOdmNtUXRNRGcxT0RNdGIyWXRNVEV5TmpRdWFuTnZiaTVuZWlJc0luUnlaV1ZmYjJsa0lqb2lOR1l6WTJSbFlXRXlObU0zTkRReE5qWmhaVFpsWWpReFpHRXhNemd6WlRNME5UQTRORGc1TmlKOToyNzAwMA%3D%3D
Rate limited. Waiting 295.0s before retry [Retry 1/5].
HTTP Error 429 thrown while requesting GET https://huggingface.co/api/datasets/allenai/c4/tree/main?expand=false&recursive=true&limit=1000&cursor=ZXlKbWFXeGxYMjVoYldVaU9pSnRkV3gwYVd4cGJtZDFZV3d2WXpRdGFYUXVkR1p5WldOdmNtUXRNREF3TnpjdGIyWXRNREV3TWpRdWFuTnZiaTVuZWlJc0luUnlaV1ZmYjJsa0lqb2lOR1l6WTJSbFlXRXlObU0zTkRReE5qWmhaVFpsWWpReFpHRXhNemd6WlRNME5UQTRORGc1TmlKOTo0MDAwMA%3D%3D
Rate limited. Waiting 296.0s before retry [Retry 1/5].
HTTP Error 429 thrown while requesting GET https://huggingface.co/api/datasets/allenai/c4/tree/main?expand=false&recursive=true&limit=1000&cursor=ZXlKbWFXeGxYMjVoYldVaU9pSnRkV3gwYVd4cGJtZDFZV3d2WXpRdGFtRXVkR1p5WldOdmNtUXRNREV3TVRFdGIyWXRNREV3TWpRdWFuTnZiaTVuZWlJc0luUnlaV1ZmYjJsa0lqb2lOR1l6WTJSbFlXRXlObU0zTkRReE5qWmhaVFpsWWpReFpHRXhNemd6WlRNME5UQTRORGc1TmlKOTo0MzAwMA%3D%3D
Rate limited. Waiting 296.0s before retry [Retry 1/5].
HTTP Error 429 thrown while requesting GET https://huggingface.co/api/datasets/allenai/c4/tree/main?expand=false&recursive=true&limit=1000&cursor=ZXlKbWFXeGxYMjVoYldVaU9pSnRkV3gwYVd4cGJtZDFZV3d2WXpRdGFtRXVkR1p5WldOdmNtUXRNREF3TVRFdGIyWXRNREV3TWpRdWFuTnZiaTVuZWlJc0luUnlaV1ZmYjJsa0lqb2lOR1l6WTJSbFlXRXlObU0zTkRReE5qWmhaVFpsWWpReFpHRXhNemd6WlRNME5UQTRORGc1TmlKOTo0MjAwMA%3D%3D
Rate limited. Waiting 296.0s before retry [Retry 1/5].
HTTP Error 429 thrown while requesting GET https://huggingface.co/api/datasets/allenai/c4/tree/main?expand=false&recursive=true&limit=1000&cursor=ZXlKbWFXeGxYMjVoYldVaU9pSnRkV3gwYVd4cGJtZDFZV3d2WXpRdGFtRXVkR1p5WldOdmNtUXRNREF3TVRFdGIyWXRNREV3TWpRdWFuTnZiaTVuZWlJc0luUnlaV1ZmYjJsa0lqb2lOR1l6WTJSbFlXRXlObU0zTkRReE5qWmhaVFpsWWpReFpHRXhNemd6WlRNME5UQTRORGc1TmlKOTo0MjAwMA%3D%3D
Rate limited. Waiting 296.0s before retry [Retry 1/5].
HTTP Error 429 thrown while requesting GET https://huggingface.co/api/datasets/allenai/c4/tree/main?expand=false&recursive=true&limit=1000&cursor=ZXlKbWFXeGxYMjVoYldVaU9pSnRkV3gwYVd4cGJtZDFZV3d2WXpRdGEyOHVkR1p5WldOdmNtUXRNREF6TXpNdGIyWXRNREV3TWpRdWFuTnZiaTVuZWlJc0luUnlaV1ZmYjJsa0lqb2lOR1l6WTJSbFlXRXlObU0zTkRReE5qWmhaVFpsWWpReFpHRXhNemd6WlRNME5UQTRORGc1TmlKOTo0NDAwMA%3D%3D
Rate limited. Waiting 295.0s before retry [Retry 1/5].
HTTP Error 429 thrown while requesting GET https://huggingface.co/api/datasets/allenai/c4/tree/main?expand=false&recursive=true&limit=1000&cursor=ZXlKbWFXeGxYMjVoYldVaU9pSnRkV3gwYVd4cGJtZDFZV3d2WXpRdGFtRXVkR1p5WldOdmNtUXRNREF3TVRFdGIyWXRNREV3TWpRdWFuTnZiaTVuZWlJc0luUnlaV1ZmYjJsa0lqb2lOR1l6WTJSbFlXRXlObU0zTkRReE5qWmhaVFpsWWpReFpHRXhNemd6WlRNME5UQTRORGc1TmlKOTo0MjAwMA%3D%3D
Rate limited. Waiting 295.0s before retry [Retry 1/5].
HTTP Error 429 thrown while requesting GET https://huggingface.co/api/datasets/allenai/c4/tree/main?expand=false&recursive=true&limit=1000&cursor=ZXlKbWFXeGxYMjVoYldVaU9pSnRkV3gwYVd4cGJtZDFZV3d2WXpRdGFYUXVkR1p5WldOdmNtUXRNREF3TnpjdGIyWXRNREV3TWpRdWFuTnZiaTVuZWlJc0luUnlaV1ZmYjJsa0lqb2lOR1l6WTJSbFlXRXlObU0zTkRReE5qWmhaVFpsWWpReFpHRXhNemd6WlRNME5UQTRORGc1TmlKOTo0MDAwMA%3D%3D
Rate limited. Waiting 295.0s before retry [Retry 1/5].
HTTP Error 429 thrown while requesting GET https://huggingface.co/api/datasets/allenai/c4/tree/main?expand=false&recursive=true&limit=1000&cursor=ZXlKbWFXeGxYMjVoYldVaU9pSnRkV3gwYVd4cGJtZDFZV3d2WXpRdGFtRXVkR1p5WldOdmNtUXRNREF3TVRFdGIyWXRNREV3TWpRdWFuTnZiaTVuZWlJc0luUnlaV1ZmYjJsa0lqb2lOR1l6WTJSbFlXRXlObU0zTkRReE5qWmhaVFpsWWpReFpHRXhNemd6WlRNME5UQTRORGc1TmlKOTo0MjAwMA%3D%3D
Rate limited. Waiting 295.0s before retry [Retry 1/5].
HTTP Error 429 thrown while requesting GET https://huggingface.co/api/datasets/allenai/c4/tree/main?expand=false&recursive=true&limit=1000&cursor=ZXlKbWFXeGxYMjVoYldVaU9pSnRkV3gwYVd4cGJtZDFZV3d2WXpRdGFtRXVkR1p5WldOdmNtUXRNREF3TVRFdGIyWXRNREV3TWpRdWFuTnZiaTVuZWlJc0luUnlaV1ZmYjJsa0lqb2lOR1l6WTJSbFlXRXlObU0zTkRReE5qWmhaVFpsWWpReFpHRXhNemd6WlRNME5UQTRORGc1TmlKOTo0MjAwMA%3D%3D
Rate limited. Waiting 295.0s before retry [Retry 1/5].
HTTP Error 429 thrown while requesting GET https://huggingface.co/api/datasets/allenai/c4/tree/main?expand=false&recursive=true&limit=1000&cursor=ZXlKbWFXeGxYMjVoYldVaU9pSnRkV3gwYVd4cGJtZDFZV3d2WXpRdGFtRXVkR1p5WldOdmNtUXRNREF3TVRFdGIyWXRNREV3TWpRdWFuTnZiaTVuZWlJc0luUnlaV1ZmYjJsa0lqb2lOR1l6WTJSbFlXRXlObU0zTkRReE5qWmhaVFpsWWpReFpHRXhNemd6WlRNME5UQTRORGc1TmlKOTo0MjAwMA%3D%3D
Rate limited. Waiting 295.0s before retry [Retry 1/5].
HTTP Error 429 thrown while requesting GET https://huggingface.co/api/datasets/allenai/c4/tree/main?expand=false&recursive=true&limit=1000&cursor=ZXlKbWFXeGxYMjVoYldVaU9pSnRkV3gwYVd4cGJtZDFZV3d2WXpRdGFtRXVkR1p5WldOdmNtUXRNREF3TVRFdGIyWXRNREV3TWpRdWFuTnZiaTVuZWlJc0luUnlaV1ZmYjJsa0lqb2lOR1l6WTJSbFlXRXlObU0zTkRReE5qWmhaVFpsWWpReFpHRXhNemd6WlRNME5UQTRORGc1TmlKOTo0MjAwMA%3D%3D
Rate limited. Waiting 295.0s before retry [Retry 1/5].
HTTP Error 429 thrown while requesting GET https://huggingface.co/api/datasets/allenai/c4/tree/main?expand=false&recursive=true&limit=1000&cursor=ZXlKbWFXeGxYMjVoYldVaU9pSnRkV3gwYVd4cGJtZDFZV3d2WXpRdGFtRXVkR1p5WldOdmNtUXRNREF3TVRFdGIyWXRNREV3TWpRdWFuTnZiaTVuZWlJc0luUnlaV1ZmYjJsa0lqb2lOR1l6WTJSbFlXRXlObU0zTkRReE5qWmhaVFpsWWpReFpHRXhNemd6WlRNME5UQTRORGc1TmlKOTo0MjAwMA%3D%3D
Rate limited. Waiting 295.0s before retry [Retry 1/5].
HTTP Error 429 thrown while requesting GET https://huggingface.co/api/datasets/allenai/c4/tree/main?expand=false&recursive=true&limit=1000&cursor=ZXlKbWFXeGxYMjVoYldVaU9pSnRkV3gwYVd4cGJtZDFZV3d2WXpRdGFIVXVkR1p5WldOdmNtUXRNREEwTURBdGIyWXRNREV3TWpRdWFuTnZiaTVuZWlJc0luUnlaV1ZmYjJsa0lqb2lOR1l6WTJSbFlXRXlObU0zTkRReE5qWmhaVFpsWWpReFpHRXhNemd6WlRNME5UQTRORGc1TmlKOTozODAwMA%3D%3D
Rate limited. Waiting 295.0s before retry [Retry 1/5].
HTTP Error 429 thrown while requesting GET https://huggingface.co/api/datasets/allenai/c4/tree/main?expand=false&recursive=true&limit=1000&cursor=ZXlKbWFXeGxYMjVoYldVaU9pSnRkV3gwYVd4cGJtZDFZV3d2WXpRdGEyOHVkR1p5WldOdmNtUXRNREF6TXpNdGIyWXRNREV3TWpRdWFuTnZiaTVuZWlJc0luUnlaV1ZmYjJsa0lqb2lOR1l6WTJSbFlXRXlObU0zTkRReE5qWmhaVFpsWWpReFpHRXhNemd6WlRNME5UQTRORGc1TmlKOTo0NDAwMA%3D%3D
Rate limited. Waiting 295.0s before retry [Retry 1/5].
HTTP Error 429 thrown while requesting GET https://huggingface.co/api/datasets/allenai/c4/tree/main?expand=false&recursive=true&limit=1000&cursor=ZXlKbWFXeGxYMjVoYldVaU9pSnRkV3gwYVd4cGJtZDFZV3d2WXpRdGEyOHVkR1p5WldOdmNtUXRNREF6TXpNdGIyWXRNREV3TWpRdWFuTnZiaTVuZWlJc0luUnlaV1ZmYjJsa0lqb2lOR1l6WTJSbFlXRXlObU0zTkRReE5qWmhaVFpsWWpReFpHRXhNemd6WlRNME5UQTRORGc1TmlKOTo0NDAwMA%3D%3D
Rate limited. Waiting 295.0s before retry [Retry 1/5].
HTTP Error 429 thrown while requesting GET https://huggingface.co/api/datasets/allenai/c4/tree/main?expand=false&recursive=true&limit=1000&cursor=ZXlKbWFXeGxYMjVoYldVaU9pSnRkV3gwYVd4cGJtZDFZV3d2WXpRdGFYUXVkR1p5WldOdmNtUXRNREF3TnpjdGIyWXRNREV3TWpRdWFuTnZiaTVuZWlJc0luUnlaV1ZmYjJsa0lqb2lOR1l6WTJSbFlXRXlObU0zTkRReE5qWmhaVFpsWWpReFpHRXhNemd6WlRNME5UQTRORGc1TmlKOTo0MDAwMA%3D%3D
Rate limited. Waiting 295.0s before retry [Retry 1/5].
HTTP Error 429 thrown while requesting GET https://huggingface.co/api/datasets/allenai/c4/tree/main?expand=false&recursive=true&limit=1000&cursor=ZXlKbWFXeGxYMjVoYldVaU9pSnRkV3gwYVd4cGJtZDFZV3d2WXpRdGJIUXVkR1p5WldOdmNtUXRNREF4TVRrdGIyWXRNREExTVRJdWFuTnZiaTVuZWlJc0luUnlaV1ZmYjJsa0lqb2lOR1l6WTJSbFlXRXlObU0zTkRReE5qWmhaVFpsWWpReFpHRXhNemd6WlRNME5UQTRORGc1TmlKOTo0NTAwMA%3D%3D
Rate limited. Waiting 295.0s before retry [Retry 1/5].
HTTP Error 429 thrown while requesting GET https://huggingface.co/api/datasets/allenai/c4/tree/main?expand=false&recursive=true&limit=1000&cursor=ZXlKbWFXeGxYMjVoYldVaU9pSnRkV3gwYVd4cGJtZDFZV3d2WXpRdGFtRXVkR1p5WldOdmNtUXRNREV3TVRFdGIyWXRNREV3TWpRdWFuTnZiaTVuZWlJc0luUnlaV1ZmYjJsa0lqb2lOR1l6WTJSbFlXRXlObU0zTkRReE5qWmhaVFpsWWpReFpHRXhNemd6WlRNME5UQTRORGc1TmlKOTo0MzAwMA%3D%3D
Rate limited. Waiting 295.0s before retry [Retry 1/5].
HTTP Error 429 thrown while requesting GET https://huggingface.co/api/datasets/allenai/c4/tree/main?expand=false&recursive=true&limit=1000&cursor=ZXlKbWFXeGxYMjVoYldVaU9pSnRkV3gwYVd4cGJtZDFZV3d2WXpRdGFtRXVkR1p5WldOdmNtUXRNREF3TVRFdGIyWXRNREV3TWpRdWFuTnZiaTVuZWlJc0luUnlaV1ZmYjJsa0lqb2lOR1l6WTJSbFlXRXlObU0zTkRReE5qWmhaVFpsWWpReFpHRXhNemd6WlRNME5UQTRORGc1TmlKOTo0MjAwMA%3D%3D
Rate limited. Waiting 295.0s before retry [Retry 1/5].
HTTP Error 429 thrown while requesting GET https://huggingface.co/api/datasets/allenai/c4/tree/main?expand=false&recursive=true&limit=1000&cursor=ZXlKbWFXeGxYMjVoYldVaU9pSnRkV3gwYVd4cGJtZDFZV3d2WXpRdGJYSXVkR1p5WldOdmNtUXRNREE1TkRndGIyWXRNREV3TWpRdWFuTnZiaTVuZWlJc0luUnlaV1ZmYjJsa0lqb2lOR1l6WTJSbFlXRXlObU0zTkRReE5qWmhaVFpsWWpReFpHRXhNemd6WlRNME5UQTRORGc1TmlKOTo0NzAwMA%3D%3D
Rate limited. Waiting 295.0s before retry [Retry 1/5].
HTTP Error 429 thrown while requesting GET https://huggingface.co/api/datasets/allenai/c4/tree/main?expand=false&recursive=true&limit=1000&cursor=ZXlKbWFXeGxYMjVoYldVaU9pSnRkV3gwYVd4cGJtZDFZV3d2WXpRdGFtRXVkR1p5WldOdmNtUXRNREV3TVRFdGIyWXRNREV3TWpRdWFuTnZiaTVuZWlJc0luUnlaV1ZmYjJsa0lqb2lOR1l6WTJSbFlXRXlObU0zTkRReE5qWmhaVFpsWWpReFpHRXhNemd6WlRNME5UQTRORGc1TmlKOTo0MzAwMA%3D%3D
Rate limited. Waiting 295.0s before retry [Retry 1/5].
HTTP Error 429 thrown while requesting GET https://huggingface.co/api/datasets/allenai/c4/tree/main?expand=false&recursive=true&limit=1000&cursor=ZXlKbWFXeGxYMjVoYldVaU9pSnRkV3gwYVd4cGJtZDFZV3d2WXpRdGFYUXVkR1p5WldOdmNtUXRNREF3TnpjdGIyWXRNREV3TWpRdWFuTnZiaTVuZWlJc0luUnlaV1ZmYjJsa0lqb2lOR1l6WTJSbFlXRXlObU0zTkRReE5qWmhaVFpsWWpReFpHRXhNemd6WlRNME5UQTRORGc1TmlKOTo0MDAwMA%3D%3D
Rate limited. Waiting 295.0s before retry [Retry 1/5].
HTTP Error 429 thrown while requesting GET https://huggingface.co/api/datasets/allenai/c4/tree/main?expand=false&recursive=true&limit=1000&cursor=ZXlKbWFXeGxYMjVoYldVaU9pSnRkV3gwYVd4cGJtZDFZV3d2WXpRdGFtRXVkR1p5WldOdmNtUXRNREV3TVRFdGIyWXRNREV3TWpRdWFuTnZiaTVuZWlJc0luUnlaV1ZmYjJsa0lqb2lOR1l6WTJSbFlXRXlObU0zTkRReE5qWmhaVFpsWWpReFpHRXhNemd6WlRNME5UQTRORGc1TmlKOTo0MzAwMA%3D%3D
Rate limited. Waiting 295.0s before retry [Retry 1/5].
HTTP Error 429 thrown while requesting GET https://huggingface.co/api/datasets/allenai/c4/tree/main?expand=false&recursive=true&limit=1000&cursor=ZXlKbWFXeGxYMjVoYldVaU9pSnRkV3gwYVd4cGJtZDFZV3d2WXpRdGFtRXVkR1p5WldOdmNtUXRNREF3TVRFdGIyWXRNREV3TWpRdWFuTnZiaTVuZWlJc0luUnlaV1ZmYjJsa0lqb2lOR1l6WTJSbFlXRXlObU0zTkRReE5qWmhaVFpsWWpReFpHRXhNemd6WlRNME5UQTRORGc1TmlKOTo0MjAwMA%3D%3D
Rate limited. Waiting 295.0s before retry [Retry 1/5].
HTTP Error 429 thrown while requesting GET https://huggingface.co/api/datasets/allenai/c4/tree/main?expand=false&recursive=true&limit=1000&cursor=ZXlKbWFXeGxYMjVoYldVaU9pSnRkV3gwYVd4cGJtZDFZV3d2WXpRdGFYUXVkR1p5WldOdmNtUXRNREF3TnpjdGIyWXRNREV3TWpRdWFuTnZiaTVuZWlJc0luUnlaV1ZmYjJsa0lqb2lOR1l6WTJSbFlXRXlObU0zTkRReE5qWmhaVFpsWWpReFpHRXhNemd6WlRNME5UQTRORGc1TmlKOTo0MDAwMA%3D%3D
Rate limited. Waiting 295.0s before retry [Retry 1/5].
HTTP Error 429 thrown while requesting GET https://huggingface.co/api/datasets/allenai/c4/tree/main?expand=false&recursive=true&limit=1000&cursor=ZXlKbWFXeGxYMjVoYldVaU9pSnRkV3gwYVd4cGJtZDFZV3d2WXpRdGFtRXVkR1p5WldOdmNtUXRNREF3TVRFdGIyWXRNREV3TWpRdWFuTnZiaTVuZWlJc0luUnlaV1ZmYjJsa0lqb2lOR1l6WTJSbFlXRXlObU0zTkRReE5qWmhaVFpsWWpReFpHRXhNemd6WlRNME5UQTRORGc1TmlKOTo0MjAwMA%3D%3D
Rate limited. Waiting 295.0s before retry [Retry 1/5].
HTTP Error 429 thrown while requesting GET https://huggingface.co/api/datasets/allenai/c4/tree/main?expand=false&recursive=true&limit=1000&cursor=ZXlKbWFXeGxYMjVoYldVaU9pSnRkV3gwYVd4cGJtZDFZV3d2WXpRdGFtRXVkR1p5WldOdmNtUXRNREV3TVRFdGIyWXRNREV3TWpRdWFuTnZiaTVuZWlJc0luUnlaV1ZmYjJsa0lqb2lOR1l6WTJSbFlXRXlObU0zTkRReE5qWmhaVFpsWWpReFpHRXhNemd6WlRNME5UQTRORGc1TmlKOTo0MzAwMA%3D%3D
Rate limited. Waiting 295.0s before retry [Retry 1/5].
HTTP Error 429 thrown while requesting GET https://huggingface.co/api/datasets/allenai/c4/tree/main?expand=false&recursive=true&limit=1000&cursor=ZXlKbWFXeGxYMjVoYldVaU9pSnRkV3gwYVd4cGJtZDFZV3d2WXpRdGFtRXVkR1p5WldOdmNtUXRNREF3TVRFdGIyWXRNREV3TWpRdWFuTnZiaTVuZWlJc0luUnlaV1ZmYjJsa0lqb2lOR1l6WTJSbFlXRXlObU0zTkRReE5qWmhaVFpsWWpReFpHRXhNemd6WlRNME5UQTRORGc1TmlKOTo0MjAwMA%3D%3D
Rate limited. Waiting 295.0s before retry [Retry 1/5].
HTTP Error 429 thrown while requesting GET https://huggingface.co/api/datasets/allenai/c4/tree/main?expand=false&recursive=true&limit=1000&cursor=ZXlKbWFXeGxYMjVoYldVaU9pSnRkV3gwYVd4cGJtZDFZV3d2WXpRdGJIUXVkR1p5WldOdmNtUXRNREF4TVRrdGIyWXRNREExTVRJdWFuTnZiaTVuZWlJc0luUnlaV1ZmYjJsa0lqb2lOR1l6WTJSbFlXRXlObU0zTkRReE5qWmhaVFpsWWpReFpHRXhNemd6WlRNME5UQTRORGc1TmlKOTo0NTAwMA%3D%3D
Rate limited. Waiting 295.0s before retry [Retry 1/5].
HTTP Error 429 thrown while requesting GET https://huggingface.co/api/datasets/allenai/c4/tree/main?expand=false&recursive=true&limit=1000&cursor=ZXlKbWFXeGxYMjVoYldVaU9pSnRkV3gwYVd4cGJtZDFZV3d2WXpRdGFtRXVkR1p5WldOdmNtUXRNREV3TVRFdGIyWXRNREV3TWpRdWFuTnZiaTVuZWlJc0luUnlaV1ZmYjJsa0lqb2lOR1l6WTJSbFlXRXlObU0zTkRReE5qWmhaVFpsWWpReFpHRXhNemd6WlRNME5UQTRORGc1TmlKOTo0MzAwMA%3D%3D
Rate limited. Waiting 295.0s before retry [Retry 1/5].
HTTP Error 429 thrown while requesting GET https://huggingface.co/api/datasets/allenai/c4/tree/main?expand=false&recursive=true&limit=1000&cursor=ZXlKbWFXeGxYMjVoYldVaU9pSnRkV3gwYVd4cGJtZDFZV3d2WXpRdGFtRXVkR1p5WldOdmNtUXRNREV3TVRFdGIyWXRNREV3TWpRdWFuTnZiaTVuZWlJc0luUnlaV1ZmYjJsa0lqb2lOR1l6WTJSbFlXRXlObU0zTkRReE5qWmhaVFpsWWpReFpHRXhNemd6WlRNME5UQTRORGc1TmlKOTo0MzAwMA%3D%3D
Rate limited. Waiting 295.0s before retry [Retry 1/5].
HTTP Error 429 thrown while requesting GET https://huggingface.co/api/datasets/allenai/c4/tree/main?expand=false&recursive=true&limit=1000&cursor=ZXlKbWFXeGxYMjVoYldVaU9pSnRkV3gwYVd4cGJtZDFZV3d2WXpRdGFtRXVkR1p5WldOdmNtUXRNREV3TVRFdGIyWXRNREV3TWpRdWFuTnZiaTVuZWlJc0luUnlaV1ZmYjJsa0lqb2lOR1l6WTJSbFlXRXlObU0zTkRReE5qWmhaVFpsWWpReFpHRXhNemd6WlRNME5UQTRORGc1TmlKOTo0MzAwMA%3D%3D
Rate limited. Waiting 295.0s before retry [Retry 1/5].
HTTP Error 429 thrown while requesting GET https://huggingface.co/api/datasets/allenai/c4/tree/main?expand=false&recursive=true&limit=1000&cursor=ZXlKbWFXeGxYMjVoYldVaU9pSnRkV3gwYVd4cGJtZDFZV3d2WXpRdGNuVXVkR1p5WldOdmNtUXRNREkzTURVdGIyWXRNRFF3T1RZdWFuTnZiaTVuZWlJc0luUnlaV1ZmYjJsa0lqb2lOR1l6WTJSbFlXRXlObU0zTkRReE5qWmhaVFpsWWpReFpHRXhNemd6WlRNME5UQTRORGc1TmlKOTo1NjAwMA%3D%3D
Rate limited. Waiting 296.0s before retry [Retry 1/5].
HTTP Error 429 thrown while requesting GET https://huggingface.co/api/datasets/allenai/c4/tree/main?expand=false&recursive=true&limit=1000&cursor=ZXlKbWFXeGxYMjVoYldVaU9pSnRkV3gwYVd4cGJtZDFZV3d2WXpRdGNuVXVkR1p5WldOdmNtUXRNRE0zTURVdGIyWXRNRFF3T1RZdWFuTnZiaTVuZWlJc0luUnlaV1ZmYjJsa0lqb2lOR1l6WTJSbFlXRXlObU0zTkRReE5qWmhaVFpsWWpReFpHRXhNemd6WlRNME5UQTRORGc1TmlKOTo1NzAwMA%3D%3D
Rate limited. Waiting 296.0s before retry [Retry 1/5].
HTTP Error 429 thrown while requesting GET https://huggingface.co/api/datasets/allenai/c4/tree/main?expand=false&recursive=true&limit=1000&cursor=ZXlKbWFXeGxYMjVoYldVaU9pSnRkV3gwYVd4cGJtZDFZV3d2WXpRdGNuVXVkR1p5WldOdmNtUXRNREkzTURVdGIyWXRNRFF3T1RZdWFuTnZiaTVuZWlJc0luUnlaV1ZmYjJsa0lqb2lOR1l6WTJSbFlXRXlObU0zTkRReE5qWmhaVFpsWWpReFpHRXhNemd6WlRNME5UQTRORGc1TmlKOTo1NjAwMA%3D%3D
Rate limited. Waiting 296.0s before retry [Retry 1/5].
HTTP Error 429 thrown while requesting GET https://huggingface.co/api/datasets/allenai/c4/tree/main?expand=false&recursive=true&limit=1000&cursor=ZXlKbWFXeGxYMjVoYldVaU9pSnRkV3gwYVd4cGJtZDFZV3d2WXpRdGNuVXVkR1p5WldOdmNtUXRNRE0zTURVdGIyWXRNRFF3T1RZdWFuTnZiaTVuZWlJc0luUnlaV1ZmYjJsa0lqb2lOR1l6WTJSbFlXRXlObU0zTkRReE5qWmhaVFpsWWpReFpHRXhNemd6WlRNME5UQTRORGc1TmlKOTo1NzAwMA%3D%3D
Rate limited. Waiting 296.0s before retry [Retry 1/5].
HTTP Error 429 thrown while requesting GET https://huggingface.co/api/datasets/allenai/c4/tree/main?expand=false&recursive=true&limit=1000&cursor=ZXlKbWFXeGxYMjVoYldVaU9pSnRkV3gwYVd4cGJtZDFZV3d2WXpRdGNuVXVkR1p5WldOdmNtUXRNRE0zTURVdGIyWXRNRFF3T1RZdWFuTnZiaTVuZWlJc0luUnlaV1ZmYjJsa0lqb2lOR1l6WTJSbFlXRXlObU0zTkRReE5qWmhaVFpsWWpReFpHRXhNemd6WlRNME5UQTRORGc1TmlKOTo1NzAwMA%3D%3D
Rate limited. Waiting 296.0s before retry [Retry 1/5].
HTTP Error 429 thrown while requesting GET https://huggingface.co/api/datasets/allenai/c4/tree/main?expand=false&recursive=true&limit=1000&cursor=ZXlKbWFXeGxYMjVoYldVaU9pSnRkV3gwYVd4cGJtZDFZV3d2WXpRdGNuVXVkR1p5WldOdmNtUXRNREEzTURVdGIyWXRNRFF3T1RZdWFuTnZiaTVuZWlJc0luUnlaV1ZmYjJsa0lqb2lOR1l6WTJSbFlXRXlObU0zTkRReE5qWmhaVFpsWWpReFpHRXhNemd6WlRNME5UQTRORGc1TmlKOTo1NDAwMA%3D%3D
Rate limited. Waiting 296.0s before retry [Retry 1/5].
HTTP Error 429 thrown while requesting GET https://huggingface.co/api/datasets/allenai/c4/tree/main?expand=false&recursive=true&limit=1000&cursor=ZXlKbWFXeGxYMjVoYldVaU9pSnRkV3gwYVd4cGJtZDFZV3d2WXpRdGRHRXVkR1p5WldOdmNtUXRNREF4TnpZdGIyWXRNREF5TlRZdWFuTnZiaTVuZWlJc0luUnlaV1ZmYjJsa0lqb2lOR1l6WTJSbFlXRXlObU0zTkRReE5qWmhaVFpsWWpReFpHRXhNemd6WlRNME5UQTRORGc1TmlKOTo2MDAwMA%3D%3D
Rate limited. Waiting 296.0s before retry [Retry 1/5].
HTTP Error 429 thrown while requesting GET https://huggingface.co/api/datasets/allenai/c4/tree/main?expand=false&recursive=true&limit=1000&cursor=ZXlKbWFXeGxYMjVoYldVaU9pSnRkV3gwYVd4cGJtZDFZV3d2WXpRdGMyc3VkR1p5WldOdmNtUXRNREEwTnpndGIyWXRNREExTVRJdWFuTnZiaTVuZWlJc0luUnlaV1ZmYjJsa0lqb2lOR1l6WTJSbFlXRXlObU0zTkRReE5qWmhaVFpsWWpReFpHRXhNemd6WlRNME5UQTRORGc1TmlKOTo1ODAwMA%3D%3D
Rate limited. Waiting 296.0s before retry [Retry 1/5].
HTTP Error 429 thrown while requesting GET https://huggingface.co/api/datasets/allenai/c4/tree/main?expand=false&recursive=true&limit=1000&cursor=ZXlKbWFXeGxYMjVoYldVaU9pSnRkV3gwYVd4cGJtZDFZV3d2WXpRdGNuVXVkR1p5WldOdmNtUXRNREkzTURVdGIyWXRNRFF3T1RZdWFuTnZiaTVuZWlJc0luUnlaV1ZmYjJsa0lqb2lOR1l6WTJSbFlXRXlObU0zTkRReE5qWmhaVFpsWWpReFpHRXhNemd6WlRNME5UQTRORGc1TmlKOTo1NjAwMA%3D%3D
Rate limited. Waiting 296.0s before retry [Retry 1/5].
HTTP Error 429 thrown while requesting GET https://huggingface.co/api/datasets/allenai/c4/tree/main?expand=false&recursive=true&limit=1000&cursor=ZXlKbWFXeGxYMjVoYldVaU9pSnRkV3gwYVd4cGJtZDFZV3d2WXpRdGMzWXVkR1p5WldOdmNtUXRNREF5TXpRdGIyWXRNREV3TWpRdWFuTnZiaTVuZWlJc0luUnlaV1ZmYjJsa0lqb2lOR1l6WTJSbFlXRXlObU0zTkRReE5qWmhaVFpsWWpReFpHRXhNemd6WlRNME5UQTRORGc1TmlKOTo1OTAwMA%3D%3D
Rate limited. Waiting 296.0s before retry [Retry 1/5].
HTTP Error 429 thrown while requesting GET https://huggingface.co/api/datasets/allenai/c4/tree/main?expand=false&recursive=true&limit=1000&cursor=ZXlKbWFXeGxYMjVoYldVaU9pSnRkV3gwYVd4cGJtZDFZV3d2WXpRdGNuVXVkR1p5WldOdmNtUXRNREkzTURVdGIyWXRNRFF3T1RZdWFuTnZiaTVuZWlJc0luUnlaV1ZmYjJsa0lqb2lOR1l6WTJSbFlXRXlObU0zTkRReE5qWmhaVFpsWWpReFpHRXhNemd6WlRNME5UQTRORGc1TmlKOTo1NjAwMA%3D%3D
Rate limited. Waiting 296.0s before retry [Retry 1/5].
HTTP Error 429 thrown while requesting GET https://huggingface.co/api/datasets/allenai/c4/tree/main?expand=false&recursive=true&limit=1000&cursor=ZXlKbWFXeGxYMjVoYldVaU9pSnRkV3gwYVd4cGJtZDFZV3d2WXpRdGMyc3VkR1p5WldOdmNtUXRNREEwTnpndGIyWXRNREExTVRJdWFuTnZiaTVuZWlJc0luUnlaV1ZmYjJsa0lqb2lOR1l6WTJSbFlXRXlObU0zTkRReE5qWmhaVFpsWWpReFpHRXhNemd6WlRNME5UQTRORGc1TmlKOTo1ODAwMA%3D%3D
Rate limited. Waiting 296.0s before retry [Retry 1/5].
HTTP Error 429 thrown while requesting GET https://huggingface.co/api/datasets/allenai/c4/tree/main?expand=false&recursive=true&limit=1000&cursor=ZXlKbWFXeGxYMjVoYldVaU9pSnRkV3gwYVd4cGJtZDFZV3d2WXpRdGMyc3VkR1p5WldOdmNtUXRNREEwTnpndGIyWXRNREExTVRJdWFuTnZiaTVuZWlJc0luUnlaV1ZmYjJsa0lqb2lOR1l6WTJSbFlXRXlObU0zTkRReE5qWmhaVFpsWWpReFpHRXhNemd6WlRNME5UQTRORGc1TmlKOTo1ODAwMA%3D%3D
Rate limited. Waiting 296.0s before retry [Retry 1/5].
HTTP Error 429 thrown while requesting GET https://huggingface.co/api/datasets/allenai/c4/tree/main?expand=false&recursive=true&limit=1000&cursor=ZXlKbWFXeGxYMjVoYldVaU9pSnRkV3gwYVd4cGJtZDFZV3d2WXpRdGNuVXVkR1p5WldOdmNtUXRNREkzTURVdGIyWXRNRFF3T1RZdWFuTnZiaTVuZWlJc0luUnlaV1ZmYjJsa0lqb2lOR1l6WTJSbFlXRXlObU0zTkRReE5qWmhaVFpsWWpReFpHRXhNemd6WlRNME5UQTRORGc1TmlKOTo1NjAwMA%3D%3D
Rate limited. Waiting 296.0s before retry [Retry 1/5].
HTTP Error 429 thrown while requesting GET https://huggingface.co/api/datasets/allenai/c4/tree/main?expand=false&recursive=true&limit=1000&cursor=ZXlKbWFXeGxYMjVoYldVaU9pSnRkV3gwYVd4cGJtZDFZV3d2WXpRdGNuVXVkR1p5WldOdmNtUXRNREkzTURVdGIyWXRNRFF3T1RZdWFuTnZiaTVuZWlJc0luUnlaV1ZmYjJsa0lqb2lOR1l6WTJSbFlXRXlObU0zTkRReE5qWmhaVFpsWWpReFpHRXhNemd6WlRNME5UQTRORGc1TmlKOTo1NjAwMA%3D%3D
Rate limited. Waiting 296.0s before retry [Retry 1/5].
HTTP Error 429 thrown while requesting GET https://huggingface.co/api/datasets/allenai/c4/tree/main?expand=false&recursive=true&limit=1000&cursor=ZXlKbWFXeGxYMjVoYldVaU9pSnRkV3gwYVd4cGJtZDFZV3d2WXpRdGMyc3VkR1p5WldOdmNtUXRNREEwTnpndGIyWXRNREExTVRJdWFuTnZiaTVuZWlJc0luUnlaV1ZmYjJsa0lqb2lOR1l6WTJSbFlXRXlObU0zTkRReE5qWmhaVFpsWWpReFpHRXhNemd6WlRNME5UQTRORGc1TmlKOTo1ODAwMA%3D%3D
Rate limited. Waiting 296.0s before retry [Retry 1/5].
HTTP Error 429 thrown while requesting GET https://huggingface.co/api/datasets/allenai/c4/tree/main?expand=false&recursive=true&limit=1000&cursor=ZXlKbWFXeGxYMjVoYldVaU9pSnRkV3gwYVd4cGJtZDFZV3d2WXpRdGMyc3VkR1p5WldOdmNtUXRNREEwTnpndGIyWXRNREExTVRJdWFuTnZiaTVuZWlJc0luUnlaV1ZmYjJsa0lqb2lOR1l6WTJSbFlXRXlObU0zTkRReE5qWmhaVFpsWWpReFpHRXhNemd6WlRNME5UQTRORGc1TmlKOTo1ODAwMA%3D%3D
Rate limited. Waiting 296.0s before retry [Retry 1/5].
HTTP Error 429 thrown while requesting GET https://huggingface.co/api/datasets/allenai/c4/tree/main?expand=false&recursive=true&limit=1000&cursor=ZXlKbWFXeGxYMjVoYldVaU9pSnRkV3gwYVd4cGJtZDFZV3d2WXpRdGNuVXVkR1p5WldOdmNtUXRNRE0zTURVdGIyWXRNRFF3T1RZdWFuTnZiaTVuZWlJc0luUnlaV1ZmYjJsa0lqb2lOR1l6WTJSbFlXRXlObU0zTkRReE5qWmhaVFpsWWpReFpHRXhNemd6WlRNME5UQTRORGc1TmlKOTo1NzAwMA%3D%3D
Rate limited. Waiting 296.0s before retry [Retry 1/5].
HTTP Error 429 thrown while requesting GET https://huggingface.co/api/datasets/allenai/c4/tree/main?expand=false&recursive=true&limit=1000&cursor=ZXlKbWFXeGxYMjVoYldVaU9pSnRkV3gwYVd4cGJtZDFZV3d2WXpRdGRXc3VkR1p5WldOdmNtUXRNREEyTnpFdGIyWXRNREV3TWpRdWFuTnZiaTVuZWlJc0luUnlaV1ZmYjJsa0lqb2lOR1l6WTJSbFlXRXlObU0zTkRReE5qWmhaVFpsWWpReFpHRXhNemd6WlRNME5UQTRORGc1TmlKOTo2MzAwMA%3D%3D
Rate limited. Waiting 296.0s before retry [Retry 1/5].
HTTP Error 429 thrown while requesting GET https://huggingface.co/api/datasets/allenai/c4/tree/main?expand=false&recursive=true&limit=1000&cursor=ZXlKbWFXeGxYMjVoYldVaU9pSnRkV3gwYVd4cGJtZDFZV3d2WXpRdGRHZ3VkR1p5WldOdmNtUXRNREEzTWpVdGIyWXRNREV3TWpRdWFuTnZiaTVuZWlJc0luUnlaV1ZmYjJsa0lqb2lOR1l6WTJSbFlXRXlObU0zTkRReE5qWmhaVFpsWWpReFpHRXhNemd6WlRNME5UQTRORGc1TmlKOTo2MTAwMA%3D%3D
Rate limited. Waiting 296.0s before retry [Retry 1/5].
HTTP Error 429 thrown while requesting GET https://huggingface.co/api/datasets/allenai/c4/tree/main?expand=false&recursive=true&limit=1000&cursor=ZXlKbWFXeGxYMjVoYldVaU9pSnRkV3gwYVd4cGJtZDFZV3d2WXpRdGRHRXVkR1p5WldOdmNtUXRNREF4TnpZdGIyWXRNREF5TlRZdWFuTnZiaTVuZWlJc0luUnlaV1ZmYjJsa0lqb2lOR1l6WTJSbFlXRXlObU0zTkRReE5qWmhaVFpsWWpReFpHRXhNemd6WlRNME5UQTRORGc1TmlKOTo2MDAwMA%3D%3D
Rate limited. Waiting 296.0s before retry [Retry 1/5].
HTTP Error 429 thrown while requesting GET https://huggingface.co/api/datasets/allenai/c4/tree/main?expand=false&recursive=true&limit=1000&cursor=ZXlKbWFXeGxYMjVoYldVaU9pSnRkV3gwYVd4cGJtZDFZV3d2WXpRdGMzWXVkR1p5WldOdmNtUXRNREF5TXpRdGIyWXRNREV3TWpRdWFuTnZiaTVuZWlJc0luUnlaV1ZmYjJsa0lqb2lOR1l6WTJSbFlXRXlObU0zTkRReE5qWmhaVFpsWWpReFpHRXhNemd6WlRNME5UQTRORGc1TmlKOTo1OTAwMA%3D%3D
Rate limited. Waiting 295.0s before retry [Retry 1/5].
HTTP Error 429 thrown while requesting GET https://huggingface.co/api/datasets/allenai/c4/tree/main?expand=false&recursive=true&limit=1000&cursor=ZXlKbWFXeGxYMjVoYldVaU9pSnRkV3gwYVd4cGJtZDFZV3d2WXpRdGRHZ3VkR1p5WldOdmNtUXRNREEzTWpVdGIyWXRNREV3TWpRdWFuTnZiaTVuZWlJc0luUnlaV1ZmYjJsa0lqb2lOR1l6WTJSbFlXRXlObU0zTkRReE5qWmhaVFpsWWpReFpHRXhNemd6WlRNME5UQTRORGc1TmlKOTo2MTAwMA%3D%3D
Rate limited. Waiting 295.0s before retry [Retry 1/5].
HTTP Error 429 thrown while requesting GET https://huggingface.co/api/datasets/allenai/c4/tree/main?expand=false&recursive=true&limit=1000&cursor=ZXlKbWFXeGxYMjVoYldVaU9pSnRkV3gwYVd4cGJtZDFZV3d2WXpRdGNuVXVkR1p5WldOdmNtUXRNREkzTURVdGIyWXRNRFF3T1RZdWFuTnZiaTVuZWlJc0luUnlaV1ZmYjJsa0lqb2lOR1l6WTJSbFlXRXlObU0zTkRReE5qWmhaVFpsWWpReFpHRXhNemd6WlRNME5UQTRORGc1TmlKOTo1NjAwMA%3D%3D
Rate limited. Waiting 295.0s before retry [Retry 1/5].
HTTP Error 429 thrown while requesting GET https://huggingface.co/api/datasets/allenai/c4/tree/main?expand=false&recursive=true&limit=1000&cursor=ZXlKbWFXeGxYMjVoYldVaU9pSnRkV3gwYVd4cGJtZDFZV3d2WXpRdGRHZ3VkR1p5WldOdmNtUXRNREEzTWpVdGIyWXRNREV3TWpRdWFuTnZiaTVuZWlJc0luUnlaV1ZmYjJsa0lqb2lOR1l6WTJSbFlXRXlObU0zTkRReE5qWmhaVFpsWWpReFpHRXhNemd6WlRNME5UQTRORGc1TmlKOTo2MTAwMA%3D%3D
Rate limited. Waiting 295.0s before retry [Retry 1/5].
HTTP Error 429 thrown while requesting GET https://huggingface.co/api/datasets/allenai/c4/tree/main?expand=false&recursive=true&limit=1000&cursor=ZXlKbWFXeGxYMjVoYldVaU9pSnRkV3gwYVd4cGJtZDFZV3d2WXpRdGMyc3VkR1p5WldOdmNtUXRNREEwTnpndGIyWXRNREExTVRJdWFuTnZiaTVuZWlJc0luUnlaV1ZmYjJsa0lqb2lOR1l6WTJSbFlXRXlObU0zTkRReE5qWmhaVFpsWWpReFpHRXhNemd6WlRNME5UQTRORGc1TmlKOTo1ODAwMA%3D%3D
Rate limited. Waiting 295.0s before retry [Retry 1/5].
HTTP Error 429 thrown while requesting GET https://huggingface.co/api/datasets/allenai/c4/tree/main?expand=false&recursive=true&limit=1000&cursor=ZXlKbWFXeGxYMjVoYldVaU9pSnRkV3gwYVd4cGJtZDFZV3d2WXpRdGNuVXVkR1p5WldOdmNtUXRNREEzTURVdGIyWXRNRFF3T1RZdWFuTnZiaTVuZWlJc0luUnlaV1ZmYjJsa0lqb2lOR1l6WTJSbFlXRXlObU0zTkRReE5qWmhaVFpsWWpReFpHRXhNemd6WlRNME5UQTRORGc1TmlKOTo1NDAwMA%3D%3D
Rate limited. Waiting 295.0s before retry [Retry 1/5].
HTTP Error 429 thrown while requesting GET https://huggingface.co/api/datasets/allenai/c4/tree/main?expand=false&recursive=true&limit=1000&cursor=ZXlKbWFXeGxYMjVoYldVaU9pSnRkV3gwYVd4cGJtZDFZV3d2WXpRdGRHRXVkR1p5WldOdmNtUXRNREF4TnpZdGIyWXRNREF5TlRZdWFuTnZiaTVuZWlJc0luUnlaV1ZmYjJsa0lqb2lOR1l6WTJSbFlXRXlObU0zTkRReE5qWmhaVFpsWWpReFpHRXhNemd6WlRNME5UQTRORGc1TmlKOTo2MDAwMA%3D%3D
Rate limited. Waiting 295.0s before retry [Retry 1/5].
HTTP Error 429 thrown while requesting GET https://huggingface.co/api/datasets/allenai/c4/tree/main?expand=false&recursive=true&limit=1000&cursor=ZXlKbWFXeGxYMjVoYldVaU9pSnRkV3gwYVd4cGJtZDFZV3d2WXpRdGMzWXVkR1p5WldOdmNtUXRNREF5TXpRdGIyWXRNREV3TWpRdWFuTnZiaTVuZWlJc0luUnlaV1ZmYjJsa0lqb2lOR1l6WTJSbFlXRXlObU0zTkRReE5qWmhaVFpsWWpReFpHRXhNemd6WlRNME5UQTRORGc1TmlKOTo1OTAwMA%3D%3D
Rate limited. Waiting 295.0s before retry [Retry 1/5].
HTTP Error 429 thrown while requesting GET https://huggingface.co/api/datasets/allenai/c4/tree/main?expand=false&recursive=true&limit=1000&cursor=ZXlKbWFXeGxYMjVoYldVaU9pSnRkV3gwYVd4cGJtZDFZV3d2WXpRdGMzWXVkR1p5WldOdmNtUXRNREF5TXpRdGIyWXRNREV3TWpRdWFuTnZiaTVuZWlJc0luUnlaV1ZmYjJsa0lqb2lOR1l6WTJSbFlXRXlObU0zTkRReE5qWmhaVFpsWWpReFpHRXhNemd6WlRNME5UQTRORGc1TmlKOTo1OTAwMA%3D%3D
Rate limited. Waiting 295.0s before retry [Retry 1/5].
HTTP Error 429 thrown while requesting GET https://huggingface.co/api/datasets/allenai/c4/tree/main?expand=false&recursive=true&limit=1000&cursor=ZXlKbWFXeGxYMjVoYldVaU9pSnRkV3gwYVd4cGJtZDFZV3d2WXpRdGMyc3VkR1p5WldOdmNtUXRNREEwTnpndGIyWXRNREExTVRJdWFuTnZiaTVuZWlJc0luUnlaV1ZmYjJsa0lqb2lOR1l6WTJSbFlXRXlObU0zTkRReE5qWmhaVFpsWWpReFpHRXhNemd6WlRNME5UQTRORGc1TmlKOTo1ODAwMA%3D%3D
Rate limited. Waiting 295.0s before retry [Retry 1/5].
HTTP Error 429 thrown while requesting GET https://huggingface.co/api/datasets/allenai/c4/tree/main?expand=false&recursive=true&limit=1000&cursor=ZXlKbWFXeGxYMjVoYldVaU9pSnRkV3gwYVd4cGJtZDFZV3d2WXpRdGMzWXVkR1p5WldOdmNtUXRNREF5TXpRdGIyWXRNREV3TWpRdWFuTnZiaTVuZWlJc0luUnlaV1ZmYjJsa0lqb2lOR1l6WTJSbFlXRXlObU0zTkRReE5qWmhaVFpsWWpReFpHRXhNemd6WlRNME5UQTRORGc1TmlKOTo1OTAwMA%3D%3D
Rate limited. Waiting 295.0s before retry [Retry 1/5].
Warning: You are sending unauthenticated requests to the HF Hub. Please set a HF_TOKEN to enable higher rate limits and faster downloads.
Warning: You are sending unauthenticated requests to the HF Hub. Please set a HF_TOKEN to enable higher rate limits and faster downloads.
Warning: You are sending unauthenticated requests to the HF Hub. Please set a HF_TOKEN to enable higher rate limits and faster downloads.
Warning: You are sending unauthenticated requests to the HF Hub. Please set a HF_TOKEN to enable higher rate limits and faster downloads.
Warning: You are sending unauthenticated requests to the HF Hub. Please set a HF_TOKEN to enable higher rate limits and faster downloads.
Warning: You are sending unauthenticated requests to the HF Hub. Please set a HF_TOKEN to enable higher rate limits and faster downloads.
Warning: You are sending unauthenticated requests to the HF Hub. Please set a HF_TOKEN to enable higher rate limits and faster downloads.
Warning: You are sending unauthenticated requests to the HF Hub. Please set a HF_TOKEN to enable higher rate limits and faster downloads.
Warning: You are sending unauthenticated requests to the HF Hub. Please set a HF_TOKEN to enable higher rate limits and faster downloads.
Warning: You are sending unauthenticated requests to the HF Hub. Please set a HF_TOKEN to enable higher rate limits and faster downloads.
Warning: You are sending unauthenticated requests to the HF Hub. Please set a HF_TOKEN to enable higher rate limits and faster downloads.
Warning: You are sending unauthenticated requests to the HF Hub. Please set a HF_TOKEN to enable higher rate limits and faster downloads.
Warning: You are sending unauthenticated requests to the HF Hub. Please set a HF_TOKEN to enable higher rate limits and faster downloads.
Warning: You are sending unauthenticated requests to the HF Hub. Please set a HF_TOKEN to enable higher rate limits and faster downloads.
Warning: You are sending unauthenticated requests to the HF Hub. Please set a HF_TOKEN to enable higher rate limits and faster downloads.
Warning: You are sending unauthenticated requests to the HF Hub. Please set a HF_TOKEN to enable higher rate limits and faster downloads.
Warning: You are sending unauthenticated requests to the HF Hub. Please set a HF_TOKEN to enable higher rate limits and faster downloads.
Warning: You are sending unauthenticated requests to the HF Hub. Please set a HF_TOKEN to enable higher rate limits and faster downloads.
Warning: You are sending unauthenticated requests to the HF Hub. Please set a HF_TOKEN to enable higher rate limits and faster downloads.
Warning: You are sending unauthenticated requests to the HF Hub. Please set a HF_TOKEN to enable higher rate limits and faster downloads.
Warning: You are sending unauthenticated requests to the HF Hub. Please set a HF_TOKEN to enable higher rate limits and faster downloads.
Warning: You are sending unauthenticated requests to the HF Hub. Please set a HF_TOKEN to enable higher rate limits and faster downloads.
Warning: You are sending unauthenticated requests to the HF Hub. Please set a HF_TOKEN to enable higher rate limits and faster downloads.
Warning: You are sending unauthenticated requests to the HF Hub. Please set a HF_TOKEN to enable higher rate limits and faster downloads.
Warning: You are sending unauthenticated requests to the HF Hub. Please set a HF_TOKEN to enable higher rate limits and faster downloads.
Warning: You are sending unauthenticated requests to the HF Hub. Please set a HF_TOKEN to enable higher rate limits and faster downloads.
Warning: You are sending unauthenticated requests to the HF Hub. Please set a HF_TOKEN to enable higher rate limits and faster downloads.
Warning: You are sending unauthenticated requests to the HF Hub. Please set a HF_TOKEN to enable higher rate limits and faster downloads.
Warning: You are sending unauthenticated requests to the HF Hub. Please set a HF_TOKEN to enable higher rate limits and faster downloads.
Warning: You are sending unauthenticated requests to the HF Hub. Please set a HF_TOKEN to enable higher rate limits and faster downloads.
Warning: You are sending unauthenticated requests to the HF Hub. Please set a HF_TOKEN to enable higher rate limits and faster downloads.
Warning: You are sending unauthenticated requests to the HF Hub. Please set a HF_TOKEN to enable higher rate limits and faster downloads.
Traceback (most recent call last):
  File "/onyx/data/p330/Natural-Pion/scripts/prepare_data.py", line 302, in <module>
    main()
  File "/onyx/data/p330/Natural-Pion/scripts/prepare_data.py", line 280, in main
    write_split(args.out / f"c4_train.part{k}.bin", train_files[k::n], share, args,
  File "/onyx/data/p330/Natural-Pion/scripts/prepare_data.py", line 147, in write_split
    local = fetch(args.dataset, files[index], args.cache_dir)
            ^^^^^^^^^^^^^^^^^^^^^^^^^^^^^^^^^^^^^^^^^^^^^^^^^
  File "/onyx/data/p330/Natural-Pion/scripts/prepare_data.py", line 85, in fetch
    return Path(hf_hub_download(dataset, filename, repo_type="dataset",
                ^^^^^^^^^^^^^^^^^^^^^^^^^^^^^^^^^^^^^^^^^^^^^^^^^^^^^^^
  File "/usr/local/lib/python3.12/dist-packages/huggingface_hub/utils/_validators.py", line 88, in _inner_fn
    return fn(*args, **kwargs)
           ^^^^^^^^^^^^^^^^^^^
  File "/usr/local/lib/python3.12/dist-packages/huggingface_hub/file_download.py", line 992, in hf_hub_download
    return _hf_hub_download_to_local_dir(
           ^^^^^^^^^^^^^^^^^^^^^^^^^^^^^^
  File "/usr/local/lib/python3.12/dist-packages/huggingface_hub/file_download.py", line 1451, in _hf_hub_download_to_local_dir
    _download_to_tmp_and_move(
  File "/usr/local/lib/python3.12/dist-packages/huggingface_hub/file_download.py", line 1920, in _download_to_tmp_and_move
    xet_get(
  File "/usr/local/lib/python3.12/dist-packages/huggingface_hub/file_download.py", line 563, in xet_get
    with session.new_file_download_group(
         ^^^^^^^^^^^^^^^^^^^^^^^^^^^^^^^^
ConnectionError: Network error: Request error: HTTP status client error (429 Too Many Requests), domain: https://huggingface.co/api/datasets/allenai/c4/xet-read-token/1588ec454efa1a09f29cd18ddd04fe05fc8653a2
Traceback (most recent call last):
  File "/onyx/data/p330/Natural-Pion/scripts/prepare_data.py", line 302, in <module>
    main()
  File "/onyx/data/p330/Natural-Pion/scripts/prepare_data.py", line 280, in main
    write_split(args.out / f"c4_train.part{k}.bin", train_files[k::n], share, args,
  File "/onyx/data/p330/Natural-Pion/scripts/prepare_data.py", line 147, in write_split
    local = fetch(args.dataset, files[index], args.cache_dir)
            ^^^^^^^^^^^^^^^^^^^^^^^^^^^^^^^^^^^^^^^^^^^^^^^^^
  File "/onyx/data/p330/Natural-Pion/scripts/prepare_data.py", line 85, in fetch
    return Path(hf_hub_download(dataset, filename, repo_type="dataset",
                ^^^^^^^^^^^^^^^^^^^^^^^^^^^^^^^^^^^^^^^^^^^^^^^^^^^^^^^
  File "/usr/local/lib/python3.12/dist-packages/huggingface_hub/utils/_validators.py", line 88, in _inner_fn
    return fn(*args, **kwargs)
           ^^^^^^^^^^^^^^^^^^^
  File "/usr/local/lib/python3.12/dist-packages/huggingface_hub/file_download.py", line 992, in hf_hub_download
    return _hf_hub_download_to_local_dir(
           ^^^^^^^^^^^^^^^^^^^^^^^^^^^^^^
  File "/usr/local/lib/python3.12/dist-packages/huggingface_hub/file_download.py", line 1451, in _hf_hub_download_to_local_dir
    _download_to_tmp_and_move(
  File "/usr/local/lib/python3.12/dist-packages/huggingface_hub/file_download.py", line 1920, in _download_to_tmp_and_move
    xet_get(
  File "/usr/local/lib/python3.12/dist-packages/huggingface_hub/file_download.py", line 563, in xet_get
    with session.new_file_download_group(
         ^^^^^^^^^^^^^^^^^^^^^^^^^^^^^^^^
ConnectionError: Network error: Request error: HTTP status client error (429 Too Many Requests), domain: https://huggingface.co/api/datasets/allenai/c4/xet-read-token/1588ec454efa1a09f29cd18ddd04fe05fc8653a2
Traceback (most recent call last):
  File "/onyx/data/p330/Natural-Pion/scripts/prepare_data.py", line 302, in <module>
    main()
  File "/onyx/data/p330/Natural-Pion/scripts/prepare_data.py", line 280, in main
    write_split(args.out / f"c4_train.part{k}.bin", train_files[k::n], share, args,
  File "/onyx/data/p330/Natural-Pion/scripts/prepare_data.py", line 147, in write_split
    local = fetch(args.dataset, files[index], args.cache_dir)
            ^^^^^^^^^^^^^^^^^^^^^^^^^^^^^^^^^^^^^^^^^^^^^^^^^
  File "/onyx/data/p330/Natural-Pion/scripts/prepare_data.py", line 85, in fetch
    return Path(hf_hub_download(dataset, filename, repo_type="dataset",
                ^^^^^^^^^^^^^^^^^^^^^^^^^^^^^^^^^^^^^^^^^^^^^^^^^^^^^^^
  File "/usr/local/lib/python3.12/dist-packages/huggingface_hub/utils/_validators.py", line 88, in _inner_fn
    return fn(*args, **kwargs)
           ^^^^^^^^^^^^^^^^^^^
  File "/usr/local/lib/python3.12/dist-packages/huggingface_hub/file_download.py", line 992, in hf_hub_download
    return _hf_hub_download_to_local_dir(
           ^^^^^^^^^^^^^^^^^^^^^^^^^^^^^^
  File "/usr/local/lib/python3.12/dist-packages/huggingface_hub/file_download.py", line 1451, in _hf_hub_download_to_local_dir
    _download_to_tmp_and_move(
  File "/usr/local/lib/python3.12/dist-packages/huggingface_hub/file_download.py", line 1920, in _download_to_tmp_and_move
    xet_get(
  File "/usr/local/lib/python3.12/dist-packages/huggingface_hub/file_download.py", line 563, in xet_get
    with session.new_file_download_group(
         ^^^^^^^^^^^^^^^^^^^^^^^^^^^^^^^^
ConnectionError: Network error: Request error: HTTP status client error (429 Too Many Requests), domain: https://huggingface.co/api/datasets/allenai/c4/xet-read-token/1588ec454efa1a09f29cd18ddd04fe05fc8653a2
Traceback (most recent call last):
  File "/onyx/data/p330/Natural-Pion/scripts/prepare_data.py", line 302, in <module>
    main()
  File "/onyx/data/p330/Natural-Pion/scripts/prepare_data.py", line 280, in main
    write_split(args.out / f"c4_train.part{k}.bin", train_files[k::n], share, args,
  File "/onyx/data/p330/Natural-Pion/scripts/prepare_data.py", line 147, in write_split
    local = fetch(args.dataset, files[index], args.cache_dir)
            ^^^^^^^^^^^^^^^^^^^^^^^^^^^^^^^^^^^^^^^^^^^^^^^^^
  File "/onyx/data/p330/Natural-Pion/scripts/prepare_data.py", line 85, in fetch
    return Path(hf_hub_download(dataset, filename, repo_type="dataset",
                ^^^^^^^^^^^^^^^^^^^^^^^^^^^^^^^^^^^^^^^^^^^^^^^^^^^^^^^
  File "/usr/local/lib/python3.12/dist-packages/huggingface_hub/utils/_validators.py", line 88, in _inner_fn
    return fn(*args, **kwargs)
           ^^^^^^^^^^^^^^^^^^^
  File "/usr/local/lib/python3.12/dist-packages/huggingface_hub/file_download.py", line 992, in hf_hub_download
    return _hf_hub_download_to_local_dir(
           ^^^^^^^^^^^^^^^^^^^^^^^^^^^^^^
  File "/usr/local/lib/python3.12/dist-packages/huggingface_hub/file_download.py", line 1451, in _hf_hub_download_to_local_dir
    _download_to_tmp_and_move(
  File "/usr/local/lib/python3.12/dist-packages/huggingface_hub/file_download.py", line 1920, in _download_to_tmp_and_move
    xet_get(
  File "/usr/local/lib/python3.12/dist-packages/huggingface_hub/file_download.py", line 563, in xet_get
    with session.new_file_download_group(
         ^^^^^^^^^^^^^^^^^^^^^^^^^^^^^^^^
ConnectionError: Network error: Request error: HTTP status client error (429 Too Many Requests), domain: https://huggingface.co/api/datasets/allenai/c4/xet-read-token/1588ec454efa1a09f29cd18ddd04fe05fc8653a2
Traceback (most recent call last):
  File "/onyx/data/p330/Natural-Pion/scripts/prepare_data.py", line 302, in <module>
    main()
  File "/onyx/data/p330/Natural-Pion/scripts/prepare_data.py", line 280, in main
    write_split(args.out / f"c4_train.part{k}.bin", train_files[k::n], share, args,
  File "/onyx/data/p330/Natural-Pion/scripts/prepare_data.py", line 147, in write_split
    local = fetch(args.dataset, files[index], args.cache_dir)
            ^^^^^^^^^^^^^^^^^^^^^^^^^^^^^^^^^^^^^^^^^^^^^^^^^
  File "/onyx/data/p330/Natural-Pion/scripts/prepare_data.py", line 85, in fetch
    return Path(hf_hub_download(dataset, filename, repo_type="dataset",
                ^^^^^^^^^^^^^^^^^^^^^^^^^^^^^^^^^^^^^^^^^^^^^^^^^^^^^^^
  File "/usr/local/lib/python3.12/dist-packages/huggingface_hub/utils/_validators.py", line 88, in _inner_fn
    return fn(*args, **kwargs)
           ^^^^^^^^^^^^^^^^^^^
  File "/usr/local/lib/python3.12/dist-packages/huggingface_hub/file_download.py", line 992, in hf_hub_download
    return _hf_hub_download_to_local_dir(
           ^^^^^^^^^^^^^^^^^^^^^^^^^^^^^^
  File "/usr/local/lib/python3.12/dist-packages/huggingface_hub/file_download.py", line 1451, in _hf_hub_download_to_local_dir
    _download_to_tmp_and_move(
  File "/usr/local/lib/python3.12/dist-packages/huggingface_hub/file_download.py", line 1920, in _download_to_tmp_and_move
    xet_get(
  File "/usr/local/lib/python3.12/dist-packages/huggingface_hub/file_download.py", line 563, in xet_get
    with session.new_file_download_group(
         ^^^^^^^^^^^^^^^^^^^^^^^^^^^^^^^^
ConnectionError: Network error: Request error: HTTP status client error (429 Too Many Requests), domain: https://huggingface.co/api/datasets/allenai/c4/xet-read-token/1588ec454efa1a09f29cd18ddd04fe05fc8653a2
Traceback (most recent call last):
  File "/onyx/data/p330/Natural-Pion/scripts/prepare_data.py", line 302, in <module>
    main()
  File "/onyx/data/p330/Natural-Pion/scripts/prepare_data.py", line 280, in main
    write_split(args.out / f"c4_train.part{k}.bin", train_files[k::n], share, args,
  File "/onyx/data/p330/Natural-Pion/scripts/prepare_data.py", line 147, in write_split
    local = fetch(args.dataset, files[index], args.cache_dir)
            ^^^^^^^^^^^^^^^^^^^^^^^^^^^^^^^^^^^^^^^^^^^^^^^^^
  File "/onyx/data/p330/Natural-Pion/scripts/prepare_data.py", line 85, in fetch
    return Path(hf_hub_download(dataset, filename, repo_type="dataset",
                ^^^^^^^^^^^^^^^^^^^^^^^^^^^^^^^^^^^^^^^^^^^^^^^^^^^^^^^
  File "/usr/local/lib/python3.12/dist-packages/huggingface_hub/utils/_validators.py", line 88, in _inner_fn
    return fn(*args, **kwargs)
           ^^^^^^^^^^^^^^^^^^^
  File "/usr/local/lib/python3.12/dist-packages/huggingface_hub/file_download.py", line 992, in hf_hub_download
    return _hf_hub_download_to_local_dir(
           ^^^^^^^^^^^^^^^^^^^^^^^^^^^^^^
  File "/usr/local/lib/python3.12/dist-packages/huggingface_hub/file_download.py", line 1451, in _hf_hub_download_to_local_dir
    _download_to_tmp_and_move(
  File "/usr/local/lib/python3.12/dist-packages/huggingface_hub/file_download.py", line 1920, in _download_to_tmp_and_move
    xet_get(
  File "/usr/local/lib/python3.12/dist-packages/huggingface_hub/file_download.py", line 563, in xet_get
    with session.new_file_download_group(
         ^^^^^^^^^^^^^^^^^^^^^^^^^^^^^^^^
ConnectionError: Network error: Request error: HTTP status client error (429 Too Many Requests), domain: https://huggingface.co/api/datasets/allenai/c4/xet-read-token/1588ec454efa1a09f29cd18ddd04fe05fc8653a2
Traceback (most recent call last):
  File "/onyx/data/p330/Natural-Pion/scripts/prepare_data.py", line 302, in <module>
    main()
  File "/onyx/data/p330/Natural-Pion/scripts/prepare_data.py", line 280, in main
    write_split(args.out / f"c4_train.part{k}.bin", train_files[k::n], share, args,
  File "/onyx/data/p330/Natural-Pion/scripts/prepare_data.py", line 147, in write_split
    local = fetch(args.dataset, files[index], args.cache_dir)
            ^^^^^^^^^^^^^^^^^^^^^^^^^^^^^^^^^^^^^^^^^^^^^^^^^
  File "/onyx/data/p330/Natural-Pion/scripts/prepare_data.py", line 85, in fetch
    return Path(hf_hub_download(dataset, filename, repo_type="dataset",
                ^^^^^^^^^^^^^^^^^^^^^^^^^^^^^^^^^^^^^^^^^^^^^^^^^^^^^^^
  File "/usr/local/lib/python3.12/dist-packages/huggingface_hub/utils/_validators.py", line 88, in _inner_fn
    return fn(*args, **kwargs)
           ^^^^^^^^^^^^^^^^^^^
  File "/usr/local/lib/python3.12/dist-packages/huggingface_hub/file_download.py", line 992, in hf_hub_download
    return _hf_hub_download_to_local_dir(
           ^^^^^^^^^^^^^^^^^^^^^^^^^^^^^^
  File "/usr/local/lib/python3.12/dist-packages/huggingface_hub/file_download.py", line 1451, in _hf_hub_download_to_local_dir
    _download_to_tmp_and_move(
  File "/usr/local/lib/python3.12/dist-packages/huggingface_hub/file_download.py", line 1920, in _download_to_tmp_and_move
    xet_get(
  File "/usr/local/lib/python3.12/dist-packages/huggingface_hub/file_download.py", line 563, in xet_get
    with session.new_file_download_group(
         ^^^^^^^^^^^^^^^^^^^^^^^^^^^^^^^^
ConnectionError: Network error: Request error: HTTP status client error (429 Too Many Requests), domain: https://huggingface.co/api/datasets/allenai/c4/xet-read-token/1588ec454efa1a09f29cd18ddd04fe05fc8653a2
Traceback (most recent call last):
  File "/onyx/data/p330/Natural-Pion/scripts/prepare_data.py", line 302, in <module>
    main()
  File "/onyx/data/p330/Natural-Pion/scripts/prepare_data.py", line 280, in main
    write_split(args.out / f"c4_train.part{k}.bin", train_files[k::n], share, args,
  File "/onyx/data/p330/Natural-Pion/scripts/prepare_data.py", line 147, in write_split
    local = fetch(args.dataset, files[index], args.cache_dir)
            ^^^^^^^^^^^^^^^^^^^^^^^^^^^^^^^^^^^^^^^^^^^^^^^^^
  File "/onyx/data/p330/Natural-Pion/scripts/prepare_data.py", line 85, in fetch
    return Path(hf_hub_download(dataset, filename, repo_type="dataset",
                ^^^^^^^^^^^^^^^^^^^^^^^^^^^^^^^^^^^^^^^^^^^^^^^^^^^^^^^
  File "/usr/local/lib/python3.12/dist-packages/huggingface_hub/utils/_validators.py", line 88, in _inner_fn
    return fn(*args, **kwargs)
           ^^^^^^^^^^^^^^^^^^^
  File "/usr/local/lib/python3.12/dist-packages/huggingface_hub/file_download.py", line 992, in hf_hub_download
    return _hf_hub_download_to_local_dir(
           ^^^^^^^^^^^^^^^^^^^^^^^^^^^^^^
  File "/usr/local/lib/python3.12/dist-packages/huggingface_hub/file_download.py", line 1451, in _hf_hub_download_to_local_dir
    _download_to_tmp_and_move(
  File "/usr/local/lib/python3.12/dist-packages/huggingface_hub/file_download.py", line 1920, in _download_to_tmp_and_move
    xet_get(
  File "/usr/local/lib/python3.12/dist-packages/huggingface_hub/file_download.py", line 563, in xet_get
    with session.new_file_download_group(
         ^^^^^^^^^^^^^^^^^^^^^^^^^^^^^^^^
ConnectionError: Network error: Request error: HTTP status client error (429 Too Many Requests), domain: https://huggingface.co/api/datasets/allenai/c4/xet-read-token/1588ec454efa1a09f29cd18ddd04fe05fc8653a2
Traceback (most recent call last):
  File "/onyx/data/p330/Natural-Pion/scripts/prepare_data.py", line 302, in <module>
    main()
  File "/onyx/data/p330/Natural-Pion/scripts/prepare_data.py", line 280, in main
    write_split(args.out / f"c4_train.part{k}.bin", train_files[k::n], share, args,
  File "/onyx/data/p330/Natural-Pion/scripts/prepare_data.py", line 147, in write_split
    local = fetch(args.dataset, files[index], args.cache_dir)
            ^^^^^^^^^^^^^^^^^^^^^^^^^^^^^^^^^^^^^^^^^^^^^^^^^
  File "/onyx/data/p330/Natural-Pion/scripts/prepare_data.py", line 85, in fetch
    return Path(hf_hub_download(dataset, filename, repo_type="dataset",
                ^^^^^^^^^^^^^^^^^^^^^^^^^^^^^^^^^^^^^^^^^^^^^^^^^^^^^^^
  File "/usr/local/lib/python3.12/dist-packages/huggingface_hub/utils/_validators.py", line 88, in _inner_fn
    return fn(*args, **kwargs)
           ^^^^^^^^^^^^^^^^^^^
  File "/usr/local/lib/python3.12/dist-packages/huggingface_hub/file_download.py", line 992, in hf_hub_download
    return _hf_hub_download_to_local_dir(
           ^^^^^^^^^^^^^^^^^^^^^^^^^^^^^^
  File "/usr/local/lib/python3.12/dist-packages/huggingface_hub/file_download.py", line 1451, in _hf_hub_download_to_local_dir
    _download_to_tmp_and_move(
  File "/usr/local/lib/python3.12/dist-packages/huggingface_hub/file_download.py", line 1920, in _download_to_tmp_and_move
    xet_get(
  File "/usr/local/lib/python3.12/dist-packages/huggingface_hub/file_download.py", line 563, in xet_get
    with session.new_file_download_group(
         ^^^^^^^^^^^^^^^^^^^^^^^^^^^^^^^^
ConnectionError: Network error: Request error: HTTP status client error (429 Too Many Requests), domain: https://huggingface.co/api/datasets/allenai/c4/xet-read-token/1588ec454efa1a09f29cd18ddd04fe05fc8653a2
Traceback (most recent call last):
  File "/onyx/data/p330/Natural-Pion/scripts/prepare_data.py", line 302, in <module>
    main()
  File "/onyx/data/p330/Natural-Pion/scripts/prepare_data.py", line 280, in main
    write_split(args.out / f"c4_train.part{k}.bin", train_files[k::n], share, args,
  File "/onyx/data/p330/Natural-Pion/scripts/prepare_data.py", line 147, in write_split
    local = fetch(args.dataset, files[index], args.cache_dir)
            ^^^^^^^^^^^^^^^^^^^^^^^^^^^^^^^^^^^^^^^^^^^^^^^^^
  File "/onyx/data/p330/Natural-Pion/scripts/prepare_data.py", line 85, in fetch
    return Path(hf_hub_download(dataset, filename, repo_type="dataset",
                ^^^^^^^^^^^^^^^^^^^^^^^^^^^^^^^^^^^^^^^^^^^^^^^^^^^^^^^
  File "/usr/local/lib/python3.12/dist-packages/huggingface_hub/utils/_validators.py", line 88, in _inner_fn
    return fn(*args, **kwargs)
           ^^^^^^^^^^^^^^^^^^^
  File "/usr/local/lib/python3.12/dist-packages/huggingface_hub/file_download.py", line 992, in hf_hub_download
    return _hf_hub_download_to_local_dir(
           ^^^^^^^^^^^^^^^^^^^^^^^^^^^^^^
  File "/usr/local/lib/python3.12/dist-packages/huggingface_hub/file_download.py", line 1451, in _hf_hub_download_to_local_dir
    _download_to_tmp_and_move(
  File "/usr/local/lib/python3.12/dist-packages/huggingface_hub/file_download.py", line 1920, in _download_to_tmp_and_move
    xet_get(
  File "/usr/local/lib/python3.12/dist-packages/huggingface_hub/file_download.py", line 563, in xet_get
    with session.new_file_download_group(
         ^^^^^^^^^^^^^^^^^^^^^^^^^^^^^^^^
ConnectionError: Network error: Request error: HTTP status client error (429 Too Many Requests), domain: https://huggingface.co/api/datasets/allenai/c4/xet-read-token/1588ec454efa1a09f29cd18ddd04fe05fc8653a2
Traceback (most recent call last):
  File "/onyx/data/p330/Natural-Pion/scripts/prepare_data.py", line 302, in <module>
    main()
  File "/onyx/data/p330/Natural-Pion/scripts/prepare_data.py", line 280, in main
    write_split(args.out / f"c4_train.part{k}.bin", train_files[k::n], share, args,
  File "/onyx/data/p330/Natural-Pion/scripts/prepare_data.py", line 147, in write_split
    local = fetch(args.dataset, files[index], args.cache_dir)
            ^^^^^^^^^^^^^^^^^^^^^^^^^^^^^^^^^^^^^^^^^^^^^^^^^
  File "/onyx/data/p330/Natural-Pion/scripts/prepare_data.py", line 85, in fetch
    return Path(hf_hub_download(dataset, filename, repo_type="dataset",
                ^^^^^^^^^^^^^^^^^^^^^^^^^^^^^^^^^^^^^^^^^^^^^^^^^^^^^^^
  File "/usr/local/lib/python3.12/dist-packages/huggingface_hub/utils/_validators.py", line 88, in _inner_fn
    return fn(*args, **kwargs)
           ^^^^^^^^^^^^^^^^^^^
  File "/usr/local/lib/python3.12/dist-packages/huggingface_hub/file_download.py", line 992, in hf_hub_download
    return _hf_hub_download_to_local_dir(
           ^^^^^^^^^^^^^^^^^^^^^^^^^^^^^^
  File "/usr/local/lib/python3.12/dist-packages/huggingface_hub/file_download.py", line 1451, in _hf_hub_download_to_local_dir
    _download_to_tmp_and_move(
  File "/usr/local/lib/python3.12/dist-packages/huggingface_hub/file_download.py", line 1920, in _download_to_tmp_and_move
    xet_get(
  File "/usr/local/lib/python3.12/dist-packages/huggingface_hub/file_download.py", line 563, in xet_get
    with session.new_file_download_group(
         ^^^^^^^^^^^^^^^^^^^^^^^^^^^^^^^^
ConnectionError: Network error: Request error: HTTP status client error (429 Too Many Requests), domain: https://huggingface.co/api/datasets/allenai/c4/xet-read-token/1588ec454efa1a09f29cd18ddd04fe05fc8653a2
Traceback (most recent call last):
  File "/onyx/data/p330/Natural-Pion/scripts/prepare_data.py", line 302, in <module>
    main()
  File "/onyx/data/p330/Natural-Pion/scripts/prepare_data.py", line 280, in main
    write_split(args.out / f"c4_train.part{k}.bin", train_files[k::n], share, args,
  File "/onyx/data/p330/Natural-Pion/scripts/prepare_data.py", line 147, in write_split
    local = fetch(args.dataset, files[index], args.cache_dir)
            ^^^^^^^^^^^^^^^^^^^^^^^^^^^^^^^^^^^^^^^^^^^^^^^^^
  File "/onyx/data/p330/Natural-Pion/scripts/prepare_data.py", line 85, in fetch
    return Path(hf_hub_download(dataset, filename, repo_type="dataset",
                ^^^^^^^^^^^^^^^^^^^^^^^^^^^^^^^^^^^^^^^^^^^^^^^^^^^^^^^
  File "/usr/local/lib/python3.12/dist-packages/huggingface_hub/utils/_validators.py", line 88, in _inner_fn
    return fn(*args, **kwargs)
           ^^^^^^^^^^^^^^^^^^^
  File "/usr/local/lib/python3.12/dist-packages/huggingface_hub/file_download.py", line 992, in hf_hub_download
    return _hf_hub_download_to_local_dir(
           ^^^^^^^^^^^^^^^^^^^^^^^^^^^^^^
  File "/usr/local/lib/python3.12/dist-packages/huggingface_hub/file_download.py", line 1451, in _hf_hub_download_to_local_dir
    _download_to_tmp_and_move(
  File "/usr/local/lib/python3.12/dist-packages/huggingface_hub/file_download.py", line 1920, in _download_to_tmp_and_move
    xet_get(
  File "/usr/local/lib/python3.12/dist-packages/huggingface_hub/file_download.py", line 563, in xet_get
    with session.new_file_download_group(
         ^^^^^^^^^^^^^^^^^^^^^^^^^^^^^^^^
ConnectionError: Network error: Request error: HTTP status client error (429 Too Many Requests), domain: https://huggingface.co/api/datasets/allenai/c4/xet-read-token/1588ec454efa1a09f29cd18ddd04fe05fc8653a2
Traceback (most recent call last):
  File "/onyx/data/p330/Natural-Pion/scripts/prepare_data.py", line 302, in <module>
    main()
  File "/onyx/data/p330/Natural-Pion/scripts/prepare_data.py", line 280, in main
    write_split(args.out / f"c4_train.part{k}.bin", train_files[k::n], share, args,
  File "/onyx/data/p330/Natural-Pion/scripts/prepare_data.py", line 147, in write_split
    local = fetch(args.dataset, files[index], args.cache_dir)
            ^^^^^^^^^^^^^^^^^^^^^^^^^^^^^^^^^^^^^^^^^^^^^^^^^
  File "/onyx/data/p330/Natural-Pion/scripts/prepare_data.py", line 85, in fetch
    return Path(hf_hub_download(dataset, filename, repo_type="dataset",
                ^^^^^^^^^^^^^^^^^^^^^^^^^^^^^^^^^^^^^^^^^^^^^^^^^^^^^^^
  File "/usr/local/lib/python3.12/dist-packages/huggingface_hub/utils/_validators.py", line 88, in _inner_fn
    return fn(*args, **kwargs)
           ^^^^^^^^^^^^^^^^^^^
  File "/usr/local/lib/python3.12/dist-packages/huggingface_hub/file_download.py", line 992, in hf_hub_download
    return _hf_hub_download_to_local_dir(
           ^^^^^^^^^^^^^^^^^^^^^^^^^^^^^^
  File "/usr/local/lib/python3.12/dist-packages/huggingface_hub/file_download.py", line 1451, in _hf_hub_download_to_local_dir
    _download_to_tmp_and_move(
  File "/usr/local/lib/python3.12/dist-packages/huggingface_hub/file_download.py", line 1920, in _download_to_tmp_and_move
    xet_get(
  File "/usr/local/lib/python3.12/dist-packages/huggingface_hub/file_download.py", line 563, in xet_get
    with session.new_file_download_group(
         ^^^^^^^^^^^^^^^^^^^^^^^^^^^^^^^^
ConnectionError: Network error: Request error: HTTP status client error (429 Too Many Requests), domain: https://huggingface.co/api/datasets/allenai/c4/xet-read-token/1588ec454efa1a09f29cd18ddd04fe05fc8653a2
Traceback (most recent call last):
  File "/onyx/data/p330/Natural-Pion/scripts/prepare_data.py", line 302, in <module>
    main()
  File "/onyx/data/p330/Natural-Pion/scripts/prepare_data.py", line 280, in main
    write_split(args.out / f"c4_train.part{k}.bin", train_files[k::n], share, args,
  File "/onyx/data/p330/Natural-Pion/scripts/prepare_data.py", line 147, in write_split
    local = fetch(args.dataset, files[index], args.cache_dir)
            ^^^^^^^^^^^^^^^^^^^^^^^^^^^^^^^^^^^^^^^^^^^^^^^^^
  File "/onyx/data/p330/Natural-Pion/scripts/prepare_data.py", line 85, in fetch
    return Path(hf_hub_download(dataset, filename, repo_type="dataset",
                ^^^^^^^^^^^^^^^^^^^^^^^^^^^^^^^^^^^^^^^^^^^^^^^^^^^^^^^
  File "/usr/local/lib/python3.12/dist-packages/huggingface_hub/utils/_validators.py", line 88, in _inner_fn
    return fn(*args, **kwargs)
           ^^^^^^^^^^^^^^^^^^^
  File "/usr/local/lib/python3.12/dist-packages/huggingface_hub/file_download.py", line 992, in hf_hub_download
    return _hf_hub_download_to_local_dir(
           ^^^^^^^^^^^^^^^^^^^^^^^^^^^^^^
  File "/usr/local/lib/python3.12/dist-packages/huggingface_hub/file_download.py", line 1451, in _hf_hub_download_to_local_dir
    _download_to_tmp_and_move(
  File "/usr/local/lib/python3.12/dist-packages/huggingface_hub/file_download.py", line 1920, in _download_to_tmp_and_move
    xet_get(
  File "/usr/local/lib/python3.12/dist-packages/huggingface_hub/file_download.py", line 563, in xet_get
    with session.new_file_download_group(
         ^^^^^^^^^^^^^^^^^^^^^^^^^^^^^^^^
ConnectionError: Network error: Request error: HTTP status client error (429 Too Many Requests), domain: https://huggingface.co/api/datasets/allenai/c4/xet-read-token/1588ec454efa1a09f29cd18ddd04fe05fc8653a2
Traceback (most recent call last):
  File "/onyx/data/p330/Natural-Pion/scripts/prepare_data.py", line 302, in <module>
    main()
  File "/onyx/data/p330/Natural-Pion/scripts/prepare_data.py", line 280, in main
    write_split(args.out / f"c4_train.part{k}.bin", train_files[k::n], share, args,
  File "/onyx/data/p330/Natural-Pion/scripts/prepare_data.py", line 147, in write_split
    local = fetch(args.dataset, files[index], args.cache_dir)
            ^^^^^^^^^^^^^^^^^^^^^^^^^^^^^^^^^^^^^^^^^^^^^^^^^
  File "/onyx/data/p330/Natural-Pion/scripts/prepare_data.py", line 85, in fetch
    return Path(hf_hub_download(dataset, filename, repo_type="dataset",
                ^^^^^^^^^^^^^^^^^^^^^^^^^^^^^^^^^^^^^^^^^^^^^^^^^^^^^^^
  File "/usr/local/lib/python3.12/dist-packages/huggingface_hub/utils/_validators.py", line 88, in _inner_fn
    return fn(*args, **kwargs)
           ^^^^^^^^^^^^^^^^^^^
  File "/usr/local/lib/python3.12/dist-packages/huggingface_hub/file_download.py", line 992, in hf_hub_download
    return _hf_hub_download_to_local_dir(
           ^^^^^^^^^^^^^^^^^^^^^^^^^^^^^^
  File "/usr/local/lib/python3.12/dist-packages/huggingface_hub/file_download.py", line 1451, in _hf_hub_download_to_local_dir
    _download_to_tmp_and_move(
  File "/usr/local/lib/python3.12/dist-packages/huggingface_hub/file_download.py", line 1920, in _download_to_tmp_and_move
    xet_get(
  File "/usr/local/lib/python3.12/dist-packages/huggingface_hub/file_download.py", line 563, in xet_get
    with session.new_file_download_group(
         ^^^^^^^^^^^^^^^^^^^^^^^^^^^^^^^^
ConnectionError: Network error: Request error: HTTP status client error (429 Too Many Requests), domain: https://huggingface.co/api/datasets/allenai/c4/xet-read-token/1588ec454efa1a09f29cd18ddd04fe05fc8653a2
Traceback (most recent call last):
  File "/onyx/data/p330/Natural-Pion/scripts/prepare_data.py", line 302, in <module>
    main()
  File "/onyx/data/p330/Natural-Pion/scripts/prepare_data.py", line 280, in main
    write_split(args.out / f"c4_train.part{k}.bin", train_files[k::n], share, args,
  File "/onyx/data/p330/Natural-Pion/scripts/prepare_data.py", line 147, in write_split
    local = fetch(args.dataset, files[index], args.cache_dir)
            ^^^^^^^^^^^^^^^^^^^^^^^^^^^^^^^^^^^^^^^^^^^^^^^^^
  File "/onyx/data/p330/Natural-Pion/scripts/prepare_data.py", line 85, in fetch
    return Path(hf_hub_download(dataset, filename, repo_type="dataset",
                ^^^^^^^^^^^^^^^^^^^^^^^^^^^^^^^^^^^^^^^^^^^^^^^^^^^^^^^
  File "/usr/local/lib/python3.12/dist-packages/huggingface_hub/utils/_validators.py", line 88, in _inner_fn
    return fn(*args, **kwargs)
           ^^^^^^^^^^^^^^^^^^^
  File "/usr/local/lib/python3.12/dist-packages/huggingface_hub/file_download.py", line 992, in hf_hub_download
    return _hf_hub_download_to_local_dir(
           ^^^^^^^^^^^^^^^^^^^^^^^^^^^^^^
  File "/usr/local/lib/python3.12/dist-packages/huggingface_hub/file_download.py", line 1451, in _hf_hub_download_to_local_dir
    _download_to_tmp_and_move(
  File "/usr/local/lib/python3.12/dist-packages/huggingface_hub/file_download.py", line 1920, in _download_to_tmp_and_move
    xet_get(
  File "/usr/local/lib/python3.12/dist-packages/huggingface_hub/file_download.py", line 563, in xet_get
    with session.new_file_download_group(
         ^^^^^^^^^^^^^^^^^^^^^^^^^^^^^^^^
ConnectionError: Network error: Request error: HTTP status client error (429 Too Many Requests), domain: https://huggingface.co/api/datasets/allenai/c4/xet-read-token/1588ec454efa1a09f29cd18ddd04fe05fc8653a2
Traceback (most recent call last):
  File "/onyx/data/p330/Natural-Pion/scripts/prepare_data.py", line 302, in <module>
    main()
  File "/onyx/data/p330/Natural-Pion/scripts/prepare_data.py", line 280, in main
    write_split(args.out / f"c4_train.part{k}.bin", train_files[k::n], share, args,
  File "/onyx/data/p330/Natural-Pion/scripts/prepare_data.py", line 147, in write_split
    local = fetch(args.dataset, files[index], args.cache_dir)
            ^^^^^^^^^^^^^^^^^^^^^^^^^^^^^^^^^^^^^^^^^^^^^^^^^
  File "/onyx/data/p330/Natural-Pion/scripts/prepare_data.py", line 85, in fetch
    return Path(hf_hub_download(dataset, filename, repo_type="dataset",
                ^^^^^^^^^^^^^^^^^^^^^^^^^^^^^^^^^^^^^^^^^^^^^^^^^^^^^^^
  File "/usr/local/lib/python3.12/dist-packages/huggingface_hub/utils/_validators.py", line 88, in _inner_fn
    return fn(*args, **kwargs)
           ^^^^^^^^^^^^^^^^^^^
  File "/usr/local/lib/python3.12/dist-packages/huggingface_hub/file_download.py", line 992, in hf_hub_download
    return _hf_hub_download_to_local_dir(
           ^^^^^^^^^^^^^^^^^^^^^^^^^^^^^^
  File "/usr/local/lib/python3.12/dist-packages/huggingface_hub/file_download.py", line 1451, in _hf_hub_download_to_local_dir
    _download_to_tmp_and_move(
  File "/usr/local/lib/python3.12/dist-packages/huggingface_hub/file_download.py", line 1920, in _download_to_tmp_and_move
    xet_get(
  File "/usr/local/lib/python3.12/dist-packages/huggingface_hub/file_download.py", line 563, in xet_get
    with session.new_file_download_group(
         ^^^^^^^^^^^^^^^^^^^^^^^^^^^^^^^^
ConnectionError: Network error: Request error: HTTP status client error (429 Too Many Requests), domain: https://huggingface.co/api/datasets/allenai/c4/xet-read-token/1588ec454efa1a09f29cd18ddd04fe05fc8653a2
Traceback (most recent call last):
  File "/onyx/data/p330/Natural-Pion/scripts/prepare_data.py", line 302, in <module>
    main()
  File "/onyx/data/p330/Natural-Pion/scripts/prepare_data.py", line 280, in main
    write_split(args.out / f"c4_train.part{k}.bin", train_files[k::n], share, args,
  File "/onyx/data/p330/Natural-Pion/scripts/prepare_data.py", line 147, in write_split
    local = fetch(args.dataset, files[index], args.cache_dir)
            ^^^^^^^^^^^^^^^^^^^^^^^^^^^^^^^^^^^^^^^^^^^^^^^^^
  File "/onyx/data/p330/Natural-Pion/scripts/prepare_data.py", line 85, in fetch
    return Path(hf_hub_download(dataset, filename, repo_type="dataset",
                ^^^^^^^^^^^^^^^^^^^^^^^^^^^^^^^^^^^^^^^^^^^^^^^^^^^^^^^
  File "/usr/local/lib/python3.12/dist-packages/huggingface_hub/utils/_validators.py", line 88, in _inner_fn
    return fn(*args, **kwargs)
           ^^^^^^^^^^^^^^^^^^^
  File "/usr/local/lib/python3.12/dist-packages/huggingface_hub/file_download.py", line 992, in hf_hub_download
    return _hf_hub_download_to_local_dir(
           ^^^^^^^^^^^^^^^^^^^^^^^^^^^^^^
  File "/usr/local/lib/python3.12/dist-packages/huggingface_hub/file_download.py", line 1451, in _hf_hub_download_to_local_dir
    _download_to_tmp_and_move(
  File "/usr/local/lib/python3.12/dist-packages/huggingface_hub/file_download.py", line 1920, in _download_to_tmp_and_move
    xet_get(
  File "/usr/local/lib/python3.12/dist-packages/huggingface_hub/file_download.py", line 563, in xet_get
    with session.new_file_download_group(
         ^^^^^^^^^^^^^^^^^^^^^^^^^^^^^^^^
ConnectionError: Network error: Request error: HTTP status client error (429 Too Many Requests), domain: https://huggingface.co/api/datasets/allenai/c4/xet-read-token/1588ec454efa1a09f29cd18ddd04fe05fc8653a2
Traceback (most recent call last):
  File "/onyx/data/p330/Natural-Pion/scripts/prepare_data.py", line 302, in <module>
    main()
  File "/onyx/data/p330/Natural-Pion/scripts/prepare_data.py", line 280, in main
    write_split(args.out / f"c4_train.part{k}.bin", train_files[k::n], share, args,
  File "/onyx/data/p330/Natural-Pion/scripts/prepare_data.py", line 147, in write_split
    local = fetch(args.dataset, files[index], args.cache_dir)
            ^^^^^^^^^^^^^^^^^^^^^^^^^^^^^^^^^^^^^^^^^^^^^^^^^
  File "/onyx/data/p330/Natural-Pion/scripts/prepare_data.py", line 85, in fetch
    return Path(hf_hub_download(dataset, filename, repo_type="dataset",
                ^^^^^^^^^^^^^^^^^^^^^^^^^^^^^^^^^^^^^^^^^^^^^^^^^^^^^^^
  File "/usr/local/lib/python3.12/dist-packages/huggingface_hub/utils/_validators.py", line 88, in _inner_fn
    return fn(*args, **kwargs)
           ^^^^^^^^^^^^^^^^^^^
  File "/usr/local/lib/python3.12/dist-packages/huggingface_hub/file_download.py", line 992, in hf_hub_download
    return _hf_hub_download_to_local_dir(
           ^^^^^^^^^^^^^^^^^^^^^^^^^^^^^^
  File "/usr/local/lib/python3.12/dist-packages/huggingface_hub/file_download.py", line 1451, in _hf_hub_download_to_local_dir
    _download_to_tmp_and_move(
  File "/usr/local/lib/python3.12/dist-packages/huggingface_hub/file_download.py", line 1920, in _download_to_tmp_and_move
    xet_get(
  File "/usr/local/lib/python3.12/dist-packages/huggingface_hub/file_download.py", line 563, in xet_get
    with session.new_file_download_group(
         ^^^^^^^^^^^^^^^^^^^^^^^^^^^^^^^^
ConnectionError: Network error: Request error: HTTP status client error (429 Too Many Requests), domain: https://huggingface.co/api/datasets/allenai/c4/xet-read-token/1588ec454efa1a09f29cd18ddd04fe05fc8653a2
Traceback (most recent call last):
  File "/onyx/data/p330/Natural-Pion/scripts/prepare_data.py", line 302, in <module>
    main()
  File "/onyx/data/p330/Natural-Pion/scripts/prepare_data.py", line 280, in main
    write_split(args.out / f"c4_train.part{k}.bin", train_files[k::n], share, args,
  File "/onyx/data/p330/Natural-Pion/scripts/prepare_data.py", line 147, in write_split
    local = fetch(args.dataset, files[index], args.cache_dir)
            ^^^^^^^^^^^^^^^^^^^^^^^^^^^^^^^^^^^^^^^^^^^^^^^^^
  File "/onyx/data/p330/Natural-Pion/scripts/prepare_data.py", line 85, in fetch
    return Path(hf_hub_download(dataset, filename, repo_type="dataset",
                ^^^^^^^^^^^^^^^^^^^^^^^^^^^^^^^^^^^^^^^^^^^^^^^^^^^^^^^
  File "/usr/local/lib/python3.12/dist-packages/huggingface_hub/utils/_validators.py", line 88, in _inner_fn
    return fn(*args, **kwargs)
           ^^^^^^^^^^^^^^^^^^^
  File "/usr/local/lib/python3.12/dist-packages/huggingface_hub/file_download.py", line 992, in hf_hub_download
    return _hf_hub_download_to_local_dir(
           ^^^^^^^^^^^^^^^^^^^^^^^^^^^^^^
  File "/usr/local/lib/python3.12/dist-packages/huggingface_hub/file_download.py", line 1451, in _hf_hub_download_to_local_dir
    _download_to_tmp_and_move(
  File "/usr/local/lib/python3.12/dist-packages/huggingface_hub/file_download.py", line 1920, in _download_to_tmp_and_move
    xet_get(
  File "/usr/local/lib/python3.12/dist-packages/huggingface_hub/file_download.py", line 563, in xet_get
    with session.new_file_download_group(
         ^^^^^^^^^^^^^^^^^^^^^^^^^^^^^^^^
ConnectionError: Network error: Request error: HTTP status client error (429 Too Many Requests), domain: https://huggingface.co/api/datasets/allenai/c4/xet-read-token/1588ec454efa1a09f29cd18ddd04fe05fc8653a2
Traceback (most recent call last):
  File "/onyx/data/p330/Natural-Pion/scripts/prepare_data.py", line 302, in <module>
    main()
  File "/onyx/data/p330/Natural-Pion/scripts/prepare_data.py", line 298, in main
    run_shards(args, train_files)
  File "/onyx/data/p330/Natural-Pion/scripts/prepare_data.py", line 237, in run_shards
    raise RuntimeError(
RuntimeError: shards [1, 2, 5, 7, 8, 9, 10, 11, 12, 13, 15, 17, 18, 19, 21, 23, 24, 29, 30, 31] failed; the rest kept their progress markers, so re-running the same command resumes instead of starting over
