HTTP Error 429 thrown while requesting GET https://huggingface.co/api/datasets/allenai/c4/tree/main?expand=false&recursive=true&limit=1000&cursor=ZXlKbWFXeGxYMjVoYldVaU9pSnRkV3gwYVd4cGJtZDFZV3d2WXpRdFltNHVkR1p5WldOdmNtUXRNREF4TmprdGIyWXRNREExTVRJdWFuTnZiaTVuZWlJc0luUnlaV1ZmYjJsa0lqb2lOR1l6WTJSbFlXRXlObU0zTkRReE5qWmhaVFpsWWpReFpHRXhNemd6WlRNME5UQTRORGc1TmlKOToxMjAwMA%3D%3D
Rate limited. Waiting 117.0s before retry [Retry 1/5].
HTTP Error 429 thrown while requesting GET https://huggingface.co/api/datasets/allenai/c4/tree/main?expand=false&recursive=true&limit=1000&cursor=ZXlKbWFXeGxYMjVoYldVaU9pSnRkV3gwYVd4cGJtZDFZV3d2WXpRdFltY3VkR1p5WldOdmNtUXRNREF4T1RRdGIyWXRNREV3TWpRdWFuTnZiaTVuZWlJc0luUnlaV1ZmYjJsa0lqb2lOR1l6WTJSbFlXRXlObU0zTkRReE5qWmhaVFpsWWpReFpHRXhNemd6WlRNME5UQTRORGc1TmlKOToxMTAwMA%3D%3D
Rate limited. Waiting 117.0s before retry [Retry 1/5].
HTTP Error 429 thrown while requesting GET https://huggingface.co/api/datasets/allenai/c4/tree/main?expand=false&recursive=true&limit=1000&cursor=ZXlKbWFXeGxYMjVoYldVaU9pSnRkV3gwYVd4cGJtZDFZV3d2WXpRdFltY3VkR1p5WldOdmNtUXRNREF4T1RRdGIyWXRNREV3TWpRdWFuTnZiaTVuZWlJc0luUnlaV1ZmYjJsa0lqb2lOR1l6WTJSbFlXRXlObU0zTkRReE5qWmhaVFpsWWpReFpHRXhNemd6WlRNME5UQTRORGc1TmlKOToxMTAwMA%3D%3D
Rate limited. Waiting 117.0s before retry [Retry 1/5].
HTTP Error 429 thrown while requesting GET https://huggingface.co/api/datasets/allenai/c4/tree/main?expand=false&recursive=true&limit=1000&cursor=ZXlKbWFXeGxYMjVoYldVaU9pSnRkV3gwYVd4cGJtZDFZV3d2WXpRdFltY3VkR1p5WldOdmNtUXRNREF4T1RRdGIyWXRNREV3TWpRdWFuTnZiaTVuZWlJc0luUnlaV1ZmYjJsa0lqb2lOR1l6WTJSbFlXRXlObU0zTkRReE5qWmhaVFpsWWpReFpHRXhNemd6WlRNME5UQTRORGc1TmlKOToxMTAwMA%3D%3D
Rate limited. Waiting 117.0s before retry [Retry 1/5].
HTTP Error 429 thrown while requesting GET https://huggingface.co/api/datasets/allenai/c4/tree/main?expand=false&recursive=true&limit=1000&cursor=ZXlKbWFXeGxYMjVoYldVaU9pSnRkV3gwYVd4cGJtZDFZV3d2WXpRdFltY3VkR1p5WldOdmNtUXRNREF4T1RRdGIyWXRNREV3TWpRdWFuTnZiaTVuZWlJc0luUnlaV1ZmYjJsa0lqb2lOR1l6WTJSbFlXRXlObU0zTkRReE5qWmhaVFpsWWpReFpHRXhNemd6WlRNME5UQTRORGc1TmlKOToxMTAwMA%3D%3D
Rate limited. Waiting 117.0s before retry [Retry 1/5].
HTTP Error 429 thrown while requesting GET https://huggingface.co/api/datasets/allenai/c4/tree/main?expand=false&recursive=true&limit=1000&cursor=ZXlKbWFXeGxYMjVoYldVaU9pSnRkV3gwYVd4cGJtZDFZV3d2WXpRdFltY3VkR1p5WldOdmNtUXRNREF4T1RRdGIyWXRNREV3TWpRdWFuTnZiaTVuZWlJc0luUnlaV1ZmYjJsa0lqb2lOR1l6WTJSbFlXRXlObU0zTkRReE5qWmhaVFpsWWpReFpHRXhNemd6WlRNME5UQTRORGc1TmlKOToxMTAwMA%3D%3D
Rate limited. Waiting 117.0s before retry [Retry 1/5].
HTTP Error 429 thrown while requesting GET https://huggingface.co/api/datasets/allenai/c4/tree/main?expand=false&recursive=true&limit=1000&cursor=ZXlKbWFXeGxYMjVoYldVaU9pSnRkV3gwYVd4cGJtZDFZV3d2WXpRdFltY3VkR1p5WldOdmNtUXRNREF4T1RRdGIyWXRNREV3TWpRdWFuTnZiaTVuZWlJc0luUnlaV1ZmYjJsa0lqb2lOR1l6WTJSbFlXRXlObU0zTkRReE5qWmhaVFpsWWpReFpHRXhNemd6WlRNME5UQTRORGc1TmlKOToxMTAwMA%3D%3D
Rate limited. Waiting 117.0s before retry [Retry 1/5].
HTTP Error 429 thrown while requesting GET https://huggingface.co/api/datasets/allenai/c4/tree/main?expand=false&recursive=true&limit=1000&cursor=ZXlKbWFXeGxYMjVoYldVaU9pSnRkV3gwYVd4cGJtZDFZV3d2WXpRdFltY3VkR1p5WldOdmNtUXRNREF4T1RRdGIyWXRNREV3TWpRdWFuTnZiaTVuZWlJc0luUnlaV1ZmYjJsa0lqb2lOR1l6WTJSbFlXRXlObU0zTkRReE5qWmhaVFpsWWpReFpHRXhNemd6WlRNME5UQTRORGc1TmlKOToxMTAwMA%3D%3D
Rate limited. Waiting 117.0s before retry [Retry 1/5].
HTTP Error 429 thrown while requesting GET https://huggingface.co/api/datasets/allenai/c4/tree/main?expand=false&recursive=true&limit=1000&cursor=ZXlKbWFXeGxYMjVoYldVaU9pSnRkV3gwYVd4cGJtZDFZV3d2WXpRdFltY3VkR1p5WldOdmNtUXRNREF4T1RRdGIyWXRNREV3TWpRdWFuTnZiaTVuZWlJc0luUnlaV1ZmYjJsa0lqb2lOR1l6WTJSbFlXRXlObU0zTkRReE5qWmhaVFpsWWpReFpHRXhNemd6WlRNME5UQTRORGc1TmlKOToxMTAwMA%3D%3D
Rate limited. Waiting 117.0s before retry [Retry 1/5].
HTTP Error 429 thrown while requesting GET https://huggingface.co/api/datasets/allenai/c4/tree/main?expand=false&recursive=true&limit=1000&cursor=ZXlKbWFXeGxYMjVoYldVaU9pSnRkV3gwYVd4cGJtZDFZV3d2WXpRdFltY3VkR1p5WldOdmNtUXRNREF4T1RRdGIyWXRNREV3TWpRdWFuTnZiaTVuZWlJc0luUnlaV1ZmYjJsa0lqb2lOR1l6WTJSbFlXRXlObU0zTkRReE5qWmhaVFpsWWpReFpHRXhNemd6WlRNME5UQTRORGc1TmlKOToxMTAwMA%3D%3D
Rate limited. Waiting 117.0s before retry [Retry 1/5].
HTTP Error 429 thrown while requesting GET https://huggingface.co/api/datasets/allenai/c4/tree/main?expand=false&recursive=true&limit=1000&cursor=ZXlKbWFXeGxYMjVoYldVaU9pSnRkV3gwYVd4cGJtZDFZV3d2WXpRdFltY3VkR1p5WldOdmNtUXRNREF4T1RRdGIyWXRNREV3TWpRdWFuTnZiaTVuZWlJc0luUnlaV1ZmYjJsa0lqb2lOR1l6WTJSbFlXRXlObU0zTkRReE5qWmhaVFpsWWpReFpHRXhNemd6WlRNME5UQTRORGc1TmlKOToxMTAwMA%3D%3D
Rate limited. Waiting 117.0s before retry [Retry 1/5].
HTTP Error 429 thrown while requesting GET https://huggingface.co/api/datasets/allenai/c4/tree/main?expand=false&recursive=true&limit=1000&cursor=ZXlKbWFXeGxYMjVoYldVaU9pSnRkV3gwYVd4cGJtZDFZV3d2WXpRdFlYSXVkR1p5WldOdmNtUXRNREEyTVRBdGIyWXRNREV3TWpRdWFuTnZiaTVuZWlJc0luUnlaV1ZmYjJsa0lqb2lOR1l6WTJSbFlXRXlObU0zTkRReE5qWmhaVFpsWWpReFpHRXhNemd6WlRNME5UQTRORGc1TmlKOToxMDAwMA%3D%3D
Rate limited. Waiting 117.0s before retry [Retry 1/5].
HTTP Error 429 thrown while requesting GET https://huggingface.co/api/datasets/allenai/c4/tree/main?expand=false&recursive=true&limit=1000&cursor=ZXlKbWFXeGxYMjVoYldVaU9pSnRkV3gwYVd4cGJtZDFZV3d2WXpRdFkzTXVkR1p5WldOdmNtUXRNREF4TWpRdGIyWXRNREV3TWpRdWFuTnZiaTVuZWlJc0luUnlaV1ZmYjJsa0lqb2lOR1l6WTJSbFlXRXlObU0zTkRReE5qWmhaVFpsWWpReFpHRXhNemd6WlRNME5UQTRORGc1TmlKOToxMzAwMA%3D%3D
Rate limited. Waiting 117.0s before retry [Retry 1/5].
HTTP Error 429 thrown while requesting GET https://huggingface.co/api/datasets/allenai/c4/tree/main?expand=false&recursive=true&limit=1000&cursor=ZXlKbWFXeGxYMjVoYldVaU9pSnRkV3gwYVd4cGJtZDFZV3d2WXpRdFltY3VkR1p5WldOdmNtUXRNREF4T1RRdGIyWXRNREV3TWpRdWFuTnZiaTVuZWlJc0luUnlaV1ZmYjJsa0lqb2lOR1l6WTJSbFlXRXlObU0zTkRReE5qWmhaVFpsWWpReFpHRXhNemd6WlRNME5UQTRORGc1TmlKOToxMTAwMA%3D%3D
Rate limited. Waiting 117.0s before retry [Retry 1/5].
HTTP Error 429 thrown while requesting GET https://huggingface.co/api/datasets/allenai/c4/tree/main?expand=false&recursive=true&limit=1000&cursor=ZXlKbWFXeGxYMjVoYldVaU9pSnRkV3gwYVd4cGJtZDFZV3d2WXpRdFltY3VkR1p5WldOdmNtUXRNREF4T1RRdGIyWXRNREV3TWpRdWFuTnZiaTVuZWlJc0luUnlaV1ZmYjJsa0lqb2lOR1l6WTJSbFlXRXlObU0zTkRReE5qWmhaVFpsWWpReFpHRXhNemd6WlRNME5UQTRORGc1TmlKOToxMTAwMA%3D%3D
HTTP Error 429 thrown while requesting GET https://huggingface.co/api/datasets/allenai/c4/tree/main?expand=false&recursive=true&limit=1000&cursor=ZXlKbWFXeGxYMjVoYldVaU9pSnRkV3gwYVd4cGJtZDFZV3d2WXpRdFltY3VkR1p5WldOdmNtUXRNREF4T1RRdGIyWXRNREV3TWpRdWFuTnZiaTVuZWlJc0luUnlaV1ZmYjJsa0lqb2lOR1l6WTJSbFlXRXlObU0zTkRReE5qWmhaVFpsWWpReFpHRXhNemd6WlRNME5UQTRORGc1TmlKOToxMTAwMA%3D%3D
Rate limited. Waiting 117.0s before retry [Retry 1/5].
Rate limited. Waiting 117.0s before retry [Retry 1/5].
HTTP Error 429 thrown while requesting GET https://huggingface.co/api/datasets/allenai/c4/tree/main?expand=false&recursive=true&limit=1000&cursor=ZXlKbWFXeGxYMjVoYldVaU9pSnRkV3gwYVd4cGJtZDFZV3d2WXpRdFltNHVkR1p5WldOdmNtUXRNREF4TmprdGIyWXRNREExTVRJdWFuTnZiaTVuZWlJc0luUnlaV1ZmYjJsa0lqb2lOR1l6WTJSbFlXRXlObU0zTkRReE5qWmhaVFpsWWpReFpHRXhNemd6WlRNME5UQTRORGc1TmlKOToxMjAwMA%3D%3D
Rate limited. Waiting 117.0s before retry [Retry 1/5].
HTTP Error 429 thrown while requesting GET https://huggingface.co/api/datasets/allenai/c4/tree/main?expand=false&recursive=true&limit=1000&cursor=ZXlKbWFXeGxYMjVoYldVaU9pSnRkV3gwYVd4cGJtZDFZV3d2WXpRdFltY3VkR1p5WldOdmNtUXRNREF4T1RRdGIyWXRNREV3TWpRdWFuTnZiaTVuZWlJc0luUnlaV1ZmYjJsa0lqb2lOR1l6WTJSbFlXRXlObU0zTkRReE5qWmhaVFpsWWpReFpHRXhNemd6WlRNME5UQTRORGc1TmlKOToxMTAwMA%3D%3D
Rate limited. Waiting 117.0s before retry [Retry 1/5].
HTTP Error 429 thrown while requesting GET https://huggingface.co/api/datasets/allenai/c4/tree/main?expand=false&recursive=true&limit=1000&cursor=ZXlKbWFXeGxYMjVoYldVaU9pSnRkV3gwYVd4cGJtZDFZV3d2WXpRdFltY3VkR1p5WldOdmNtUXRNREF4T1RRdGIyWXRNREV3TWpRdWFuTnZiaTVuZWlJc0luUnlaV1ZmYjJsa0lqb2lOR1l6WTJSbFlXRXlObU0zTkRReE5qWmhaVFpsWWpReFpHRXhNemd6WlRNME5UQTRORGc1TmlKOToxMTAwMA%3D%3D
Rate limited. Waiting 117.0s before retry [Retry 1/5].
HTTP Error 429 thrown while requesting GET https://huggingface.co/api/datasets/allenai/c4/tree/main?expand=false&recursive=true&limit=1000&cursor=ZXlKbWFXeGxYMjVoYldVaU9pSnRkV3gwYVd4cGJtZDFZV3d2WXpRdFltY3VkR1p5WldOdmNtUXRNREF4T1RRdGIyWXRNREV3TWpRdWFuTnZiaTVuZWlJc0luUnlaV1ZmYjJsa0lqb2lOR1l6WTJSbFlXRXlObU0zTkRReE5qWmhaVFpsWWpReFpHRXhNemd6WlRNME5UQTRORGc1TmlKOToxMTAwMA%3D%3D
Rate limited. Waiting 117.0s before retry [Retry 1/5].
HTTP Error 429 thrown while requesting GET https://huggingface.co/api/datasets/allenai/c4/tree/main?expand=false&recursive=true&limit=1000&cursor=ZXlKbWFXeGxYMjVoYldVaU9pSnRkV3gwYVd4cGJtZDFZV3d2WXpRdFltY3VkR1p5WldOdmNtUXRNREF4T1RRdGIyWXRNREV3TWpRdWFuTnZiaTVuZWlJc0luUnlaV1ZmYjJsa0lqb2lOR1l6WTJSbFlXRXlObU0zTkRReE5qWmhaVFpsWWpReFpHRXhNemd6WlRNME5UQTRORGc1TmlKOToxMTAwMA%3D%3D
Rate limited. Waiting 117.0s before retry [Retry 1/5].
HTTP Error 429 thrown while requesting GET https://huggingface.co/api/datasets/allenai/c4/tree/main?expand=false&recursive=true&limit=1000&cursor=ZXlKbWFXeGxYMjVoYldVaU9pSnRkV3gwYVd4cGJtZDFZV3d2WXpRdFltY3VkR1p5WldOdmNtUXRNREF4T1RRdGIyWXRNREV3TWpRdWFuTnZiaTVuZWlJc0luUnlaV1ZmYjJsa0lqb2lOR1l6WTJSbFlXRXlObU0zTkRReE5qWmhaVFpsWWpReFpHRXhNemd6WlRNME5UQTRORGc1TmlKOToxMTAwMA%3D%3D
Rate limited. Waiting 117.0s before retry [Retry 1/5].
HTTP Error 429 thrown while requesting GET https://huggingface.co/api/datasets/allenai/c4/tree/main?expand=false&recursive=true&limit=1000&cursor=ZXlKbWFXeGxYMjVoYldVaU9pSnRkV3gwYVd4cGJtZDFZV3d2WXpRdFltY3VkR1p5WldOdmNtUXRNREF4T1RRdGIyWXRNREV3TWpRdWFuTnZiaTVuZWlJc0luUnlaV1ZmYjJsa0lqb2lOR1l6WTJSbFlXRXlObU0zTkRReE5qWmhaVFpsWWpReFpHRXhNemd6WlRNME5UQTRORGc1TmlKOToxMTAwMA%3D%3D
Rate limited. Waiting 117.0s before retry [Retry 1/5].
HTTP Error 429 thrown while requesting GET https://huggingface.co/api/datasets/allenai/c4/tree/main?expand=false&recursive=true&limit=1000&cursor=ZXlKbWFXeGxYMjVoYldVaU9pSnRkV3gwYVd4cGJtZDFZV3d2WXpRdFltY3VkR1p5WldOdmNtUXRNREF4T1RRdGIyWXRNREV3TWpRdWFuTnZiaTVuZWlJc0luUnlaV1ZmYjJsa0lqb2lOR1l6WTJSbFlXRXlObU0zTkRReE5qWmhaVFpsWWpReFpHRXhNemd6WlRNME5UQTRORGc1TmlKOToxMTAwMA%3D%3D
Rate limited. Waiting 117.0s before retry [Retry 1/5].
HTTP Error 429 thrown while requesting GET https://huggingface.co/api/datasets/allenai/c4/tree/main?expand=false&recursive=true&limit=1000&cursor=ZXlKbWFXeGxYMjVoYldVaU9pSnRkV3gwYVd4cGJtZDFZV3d2WXpRdFltNHVkR1p5WldOdmNtUXRNREF4TmprdGIyWXRNREExTVRJdWFuTnZiaTVuZWlJc0luUnlaV1ZmYjJsa0lqb2lOR1l6WTJSbFlXRXlObU0zTkRReE5qWmhaVFpsWWpReFpHRXhNemd6WlRNME5UQTRORGc1TmlKOToxMjAwMA%3D%3D
Rate limited. Waiting 117.0s before retry [Retry 1/5].
HTTP Error 429 thrown while requesting GET https://huggingface.co/api/datasets/allenai/c4/tree/main?expand=false&recursive=true&limit=1000&cursor=ZXlKbWFXeGxYMjVoYldVaU9pSnRkV3gwYVd4cGJtZDFZV3d2WXpRdFlYSXVkR1p5WldOdmNtUXRNREEyTVRBdGIyWXRNREV3TWpRdWFuTnZiaTVuZWlJc0luUnlaV1ZmYjJsa0lqb2lOR1l6WTJSbFlXRXlObU0zTkRReE5qWmhaVFpsWWpReFpHRXhNemd6WlRNME5UQTRORGc1TmlKOToxMDAwMA%3D%3D
Rate limited. Waiting 117.0s before retry [Retry 1/5].
HTTP Error 429 thrown while requesting GET https://huggingface.co/api/datasets/allenai/c4/tree/main?expand=false&recursive=true&limit=1000&cursor=ZXlKbWFXeGxYMjVoYldVaU9pSnRkV3gwYVd4cGJtZDFZV3d2WXpRdFltNHVkR1p5WldOdmNtUXRNREF4TmprdGIyWXRNREExTVRJdWFuTnZiaTVuZWlJc0luUnlaV1ZmYjJsa0lqb2lOR1l6WTJSbFlXRXlObU0zTkRReE5qWmhaVFpsWWpReFpHRXhNemd6WlRNME5UQTRORGc1TmlKOToxMjAwMA%3D%3D
Rate limited. Waiting 117.0s before retry [Retry 1/5].
HTTP Error 429 thrown while requesting GET https://huggingface.co/api/datasets/allenai/c4/tree/main?expand=false&recursive=true&limit=1000&cursor=ZXlKbWFXeGxYMjVoYldVaU9pSnRkV3gwYVd4cGJtZDFZV3d2WXpRdFltNHVkR1p5WldOdmNtUXRNREF4TmprdGIyWXRNREExTVRJdWFuTnZiaTVuZWlJc0luUnlaV1ZmYjJsa0lqb2lOR1l6WTJSbFlXRXlObU0zTkRReE5qWmhaVFpsWWpReFpHRXhNemd6WlRNME5UQTRORGc1TmlKOToxMjAwMA%3D%3D
Rate limited. Waiting 117.0s before retry [Retry 1/5].
HTTP Error 429 thrown while requesting GET https://huggingface.co/api/datasets/allenai/c4/tree/main?expand=false&recursive=true&limit=1000&cursor=ZXlKbWFXeGxYMjVoYldVaU9pSnRkV3gwYVd4cGJtZDFZV3d2WXpRdFltNHVkR1p5WldOdmNtUXRNREF4TmprdGIyWXRNREExTVRJdWFuTnZiaTVuZWlJc0luUnlaV1ZmYjJsa0lqb2lOR1l6WTJSbFlXRXlObU0zTkRReE5qWmhaVFpsWWpReFpHRXhNemd6WlRNME5UQTRORGc1TmlKOToxMjAwMA%3D%3D
Rate limited. Waiting 117.0s before retry [Retry 1/5].
HTTP Error 429 thrown while requesting GET https://huggingface.co/api/datasets/allenai/c4/tree/main?expand=false&recursive=true&limit=1000&cursor=ZXlKbWFXeGxYMjVoYldVaU9pSnRkV3gwYVd4cGJtZDFZV3d2WXpRdFltY3VkR1p5WldOdmNtUXRNREF4T1RRdGIyWXRNREV3TWpRdWFuTnZiaTVuZWlJc0luUnlaV1ZmYjJsa0lqb2lOR1l6WTJSbFlXRXlObU0zTkRReE5qWmhaVFpsWWpReFpHRXhNemd6WlRNME5UQTRORGc1TmlKOToxMTAwMA%3D%3D
Rate limited. Waiting 117.0s before retry [Retry 1/5].
HTTP Error 429 thrown while requesting GET https://huggingface.co/api/datasets/allenai/c4/tree/main?expand=false&recursive=true&limit=1000&cursor=ZXlKbWFXeGxYMjVoYldVaU9pSnRkV3gwYVd4cGJtZDFZV3d2WXpRdFltNHVkR1p5WldOdmNtUXRNREF4TmprdGIyWXRNREExTVRJdWFuTnZiaTVuZWlJc0luUnlaV1ZmYjJsa0lqb2lOR1l6WTJSbFlXRXlObU0zTkRReE5qWmhaVFpsWWpReFpHRXhNemd6WlRNME5UQTRORGc1TmlKOToxMjAwMA%3D%3D
Rate limited. Waiting 117.0s before retry [Retry 1/5].
HTTP Error 429 thrown while requesting GET https://huggingface.co/api/datasets/allenai/c4/tree/main?expand=false&recursive=true&limit=1000&cursor=ZXlKbWFXeGxYMjVoYldVaU9pSnRkV3gwYVd4cGJtZDFZV3d2WXpRdFltNHVkR1p5WldOdmNtUXRNREF4TmprdGIyWXRNREExTVRJdWFuTnZiaTVuZWlJc0luUnlaV1ZmYjJsa0lqb2lOR1l6WTJSbFlXRXlObU0zTkRReE5qWmhaVFpsWWpReFpHRXhNemd6WlRNME5UQTRORGc1TmlKOToxMjAwMA%3D%3D
Rate limited. Waiting 117.0s before retry [Retry 1/5].
HTTP Error 429 thrown while requesting GET https://huggingface.co/api/datasets/allenai/c4/tree/main?expand=false&recursive=true&limit=1000&cursor=ZXlKbWFXeGxYMjVoYldVaU9pSnRkV3gwYVd4cGJtZDFZV3d2WXpRdFpXNHVkR1p5WldOdmNtUXRNRGMxT0RNdGIyWXRNVEV5TmpRdWFuTnZiaTVuZWlJc0luUnlaV1ZmYjJsa0lqb2lOR1l6WTJSbFlXRXlObU0zTkRReE5qWmhaVFpsWWpReFpHRXhNemd6WlRNME5UQTRORGc1TmlKOToyNjAwMA%3D%3D
Rate limited. Waiting 296.0s before retry [Retry 1/5].
HTTP Error 429 thrown while requesting GET https://huggingface.co/api/datasets/allenai/c4/tree/main?expand=false&recursive=true&limit=1000&cursor=ZXlKbWFXeGxYMjVoYldVaU9pSnRkV3gwYVd4cGJtZDFZV3d2WXpRdFpXNHVkR1p5WldOdmNtUXRNRGMxT0RNdGIyWXRNVEV5TmpRdWFuTnZiaTVuZWlJc0luUnlaV1ZmYjJsa0lqb2lOR1l6WTJSbFlXRXlObU0zTkRReE5qWmhaVFpsWWpReFpHRXhNemd6WlRNME5UQTRORGc1TmlKOToyNjAwMA%3D%3D
Rate limited. Waiting 296.0s before retry [Retry 1/5].
HTTP Error 429 thrown while requesting GET https://huggingface.co/api/datasets/allenai/c4/tree/main?expand=false&recursive=true&limit=1000&cursor=ZXlKbWFXeGxYMjVoYldVaU9pSnRkV3gwYVd4cGJtZDFZV3d2WXpRdFpXNHVkR1p5WldOdmNtUXRNRGcxT0RNdGIyWXRNVEV5TmpRdWFuTnZiaTVuZWlJc0luUnlaV1ZmYjJsa0lqb2lOR1l6WTJSbFlXRXlObU0zTkRReE5qWmhaVFpsWWpReFpHRXhNemd6WlRNME5UQTRORGc1TmlKOToyNzAwMA%3D%3D
Rate limited. Waiting 296.0s before retry [Retry 1/5].
HTTP Error 429 thrown while requesting GET https://huggingface.co/api/datasets/allenai/c4/tree/main?expand=false&recursive=true&limit=1000&cursor=ZXlKbWFXeGxYMjVoYldVaU9pSnRkV3gwYVd4cGJtZDFZV3d2WXpRdFpXNHVkR1p5WldOdmNtUXRNRGsxT0RNdGIyWXRNVEV5TmpRdWFuTnZiaTVuZWlJc0luUnlaV1ZmYjJsa0lqb2lOR1l6WTJSbFlXRXlObU0zTkRReE5qWmhaVFpsWWpReFpHRXhNemd6WlRNME5UQTRORGc1TmlKOToyODAwMA%3D%3D
Rate limited. Waiting 296.0s before retry [Retry 1/5].
HTTP Error 429 thrown while requesting GET https://huggingface.co/api/datasets/allenai/c4/tree/main?expand=false&recursive=true&limit=1000&cursor=ZXlKbWFXeGxYMjVoYldVaU9pSnRkV3gwYVd4cGJtZDFZV3d2WXpRdFpXNHVkR1p5WldOdmNtUXRNRGcxT0RNdGIyWXRNVEV5TmpRdWFuTnZiaTVuZWlJc0luUnlaV1ZmYjJsa0lqb2lOR1l6WTJSbFlXRXlObU0zTkRReE5qWmhaVFpsWWpReFpHRXhNemd6WlRNME5UQTRORGc1TmlKOToyNzAwMA%3D%3D
Rate limited. Waiting 296.0s before retry [Retry 1/5].
HTTP Error 429 thrown while requesting GET https://huggingface.co/api/datasets/allenai/c4/tree/main?expand=false&recursive=true&limit=1000&cursor=ZXlKbWFXeGxYMjVoYldVaU9pSnRkV3gwYVd4cGJtZDFZV3d2WXpRdFpXNHVkR1p5WldOdmNtUXRNRGcxT0RNdGIyWXRNVEV5TmpRdWFuTnZiaTVuZWlJc0luUnlaV1ZmYjJsa0lqb2lOR1l6WTJSbFlXRXlObU0zTkRReE5qWmhaVFpsWWpReFpHRXhNemd6WlRNME5UQTRORGc1TmlKOToyNzAwMA%3D%3D
Rate limited. Waiting 296.0s before retry [Retry 1/5].
HTTP Error 429 thrown while requesting GET https://huggingface.co/api/datasets/allenai/c4/tree/main?expand=false&recursive=true&limit=1000&cursor=ZXlKbWFXeGxYMjVoYldVaU9pSnRkV3gwYVd4cGJtZDFZV3d2WXpRdFpXNHVkR1p5WldOdmNtUXRNRGcxT0RNdGIyWXRNVEV5TmpRdWFuTnZiaTVuZWlJc0luUnlaV1ZmYjJsa0lqb2lOR1l6WTJSbFlXRXlObU0zTkRReE5qWmhaVFpsWWpReFpHRXhNemd6WlRNME5UQTRORGc1TmlKOToyNzAwMA%3D%3D
Rate limited. Waiting 296.0s before retry [Retry 1/5].
HTTP Error 429 thrown while requesting GET https://huggingface.co/api/datasets/allenai/c4/tree/main?expand=false&recursive=true&limit=1000&cursor=ZXlKbWFXeGxYMjVoYldVaU9pSnRkV3gwYVd4cGJtZDFZV3d2WXpRdFpXNHVkR1p5WldOdmNtUXRNRGMxT0RNdGIyWXRNVEV5TmpRdWFuTnZiaTVuZWlJc0luUnlaV1ZmYjJsa0lqb2lOR1l6WTJSbFlXRXlObU0zTkRReE5qWmhaVFpsWWpReFpHRXhNemd6WlRNME5UQTRORGc1TmlKOToyNjAwMA%3D%3D
Rate limited. Waiting 296.0s before retry [Retry 1/5].
HTTP Error 429 thrown while requesting GET https://huggingface.co/api/datasets/allenai/c4/tree/main?expand=false&recursive=true&limit=1000&cursor=ZXlKbWFXeGxYMjVoYldVaU9pSnRkV3gwYVd4cGJtZDFZV3d2WXpRdFpXNHVkR1p5WldOdmNtUXRNRGcxT0RNdGIyWXRNVEV5TmpRdWFuTnZiaTVuZWlJc0luUnlaV1ZmYjJsa0lqb2lOR1l6WTJSbFlXRXlObU0zTkRReE5qWmhaVFpsWWpReFpHRXhNemd6WlRNME5UQTRORGc1TmlKOToyNzAwMA%3D%3D
Rate limited. Waiting 296.0s before retry [Retry 1/5].
HTTP Error 429 thrown while requesting GET https://huggingface.co/api/datasets/allenai/c4/tree/main?expand=false&recursive=true&limit=1000&cursor=ZXlKbWFXeGxYMjVoYldVaU9pSnRkV3gwYVd4cGJtZDFZV3d2WXpRdFpXNHVkR1p5WldOdmNtUXRNRGcxT0RNdGIyWXRNVEV5TmpRdWFuTnZiaTVuZWlJc0luUnlaV1ZmYjJsa0lqb2lOR1l6WTJSbFlXRXlObU0zTkRReE5qWmhaVFpsWWpReFpHRXhNemd6WlRNME5UQTRORGc1TmlKOToyNzAwMA%3D%3D
Rate limited. Waiting 296.0s before retry [Retry 1/5].
HTTP Error 429 thrown while requesting GET https://huggingface.co/api/datasets/allenai/c4/tree/main?expand=false&recursive=true&limit=1000&cursor=ZXlKbWFXeGxYMjVoYldVaU9pSnRkV3gwYVd4cGJtZDFZV3d2WXpRdFpXNHVkR1p5WldOdmNtUXRNRGcxT0RNdGIyWXRNVEV5TmpRdWFuTnZiaTVuZWlJc0luUnlaV1ZmYjJsa0lqb2lOR1l6WTJSbFlXRXlObU0zTkRReE5qWmhaVFpsWWpReFpHRXhNemd6WlRNME5UQTRORGc1TmlKOToyNzAwMA%3D%3D
HTTP Error 429 thrown while requesting GET https://huggingface.co/api/datasets/allenai/c4/tree/main?expand=false&recursive=true&limit=1000&cursor=ZXlKbWFXeGxYMjVoYldVaU9pSnRkV3gwYVd4cGJtZDFZV3d2WXpRdFpXNHVkR1p5WldOdmNtUXRNRGcxT0RNdGIyWXRNVEV5TmpRdWFuTnZiaTVuZWlJc0luUnlaV1ZmYjJsa0lqb2lOR1l6WTJSbFlXRXlObU0zTkRReE5qWmhaVFpsWWpReFpHRXhNemd6WlRNME5UQTRORGc1TmlKOToyNzAwMA%3D%3D
Rate limited. Waiting 296.0s before retry [Retry 1/5].
Rate limited. Waiting 296.0s before retry [Retry 1/5].
HTTP Error 429 thrown while requesting GET https://huggingface.co/api/datasets/allenai/c4/tree/main?expand=false&recursive=true&limit=1000&cursor=ZXlKbWFXeGxYMjVoYldVaU9pSnRkV3gwYVd4cGJtZDFZV3d2WXpRdFpXNHVkR1p5WldOdmNtUXRNRGcxT0RNdGIyWXRNVEV5TmpRdWFuTnZiaTVuZWlJc0luUnlaV1ZmYjJsa0lqb2lOR1l6WTJSbFlXRXlObU0zTkRReE5qWmhaVFpsWWpReFpHRXhNemd6WlRNME5UQTRORGc1TmlKOToyNzAwMA%3D%3D
Rate limited. Waiting 296.0s before retry [Retry 1/5].
HTTP Error 429 thrown while requesting GET https://huggingface.co/api/datasets/allenai/c4/tree/main?expand=false&recursive=true&limit=1000&cursor=ZXlKbWFXeGxYMjVoYldVaU9pSnRkV3gwYVd4cGJtZDFZV3d2WXpRdFpXNHVkR1p5WldOdmNtUXRNRFkxT0RNdGIyWXRNVEV5TmpRdWFuTnZiaTVuZWlJc0luUnlaV1ZmYjJsa0lqb2lOR1l6WTJSbFlXRXlObU0zTkRReE5qWmhaVFpsWWpReFpHRXhNemd6WlRNME5UQTRORGc1TmlKOToyNTAwMA%3D%3D
Rate limited. Waiting 296.0s before retry [Retry 1/5].
HTTP Error 429 thrown while requesting GET https://huggingface.co/api/datasets/allenai/c4/tree/main?expand=false&recursive=true&limit=1000&cursor=ZXlKbWFXeGxYMjVoYldVaU9pSnRkV3gwYVd4cGJtZDFZV3d2WXpRdFpXNHVkR1p5WldOdmNtUXRNRGsxT0RNdGIyWXRNVEV5TmpRdWFuTnZiaTVuZWlJc0luUnlaV1ZmYjJsa0lqb2lOR1l6WTJSbFlXRXlObU0zTkRReE5qWmhaVFpsWWpReFpHRXhNemd6WlRNME5UQTRORGc1TmlKOToyODAwMA%3D%3D
Rate limited. Waiting 296.0s before retry [Retry 1/5].
HTTP Error 429 thrown while requesting GET https://huggingface.co/api/datasets/allenai/c4/tree/main?expand=false&recursive=true&limit=1000&cursor=ZXlKbWFXeGxYMjVoYldVaU9pSnRkV3gwYVd4cGJtZDFZV3d2WXpRdFpXNHVkR1p5WldOdmNtUXRNRGcxT0RNdGIyWXRNVEV5TmpRdWFuTnZiaTVuZWlJc0luUnlaV1ZmYjJsa0lqb2lOR1l6WTJSbFlXRXlObU0zTkRReE5qWmhaVFpsWWpReFpHRXhNemd6WlRNME5UQTRORGc1TmlKOToyNzAwMA%3D%3D
Rate limited. Waiting 296.0s before retry [Retry 1/5].
HTTP Error 429 thrown while requesting GET https://huggingface.co/api/datasets/allenai/c4/tree/main?expand=false&recursive=true&limit=1000&cursor=ZXlKbWFXeGxYMjVoYldVaU9pSnRkV3gwYVd4cGJtZDFZV3d2WXpRdFpXNHVkR1p5WldOdmNtUXRNRGsxT0RNdGIyWXRNVEV5TmpRdWFuTnZiaTVuZWlJc0luUnlaV1ZmYjJsa0lqb2lOR1l6WTJSbFlXRXlObU0zTkRReE5qWmhaVFpsWWpReFpHRXhNemd6WlRNME5UQTRORGc1TmlKOToyODAwMA%3D%3D
Rate limited. Waiting 296.0s before retry [Retry 1/5].
HTTP Error 429 thrown while requesting GET https://huggingface.co/api/datasets/allenai/c4/tree/main?expand=false&recursive=true&limit=1000&cursor=ZXlKbWFXeGxYMjVoYldVaU9pSnRkV3gwYVd4cGJtZDFZV3d2WXpRdFpXNHVkR1p5WldOdmNtUXRNRFkxT0RNdGIyWXRNVEV5TmpRdWFuTnZiaTVuZWlJc0luUnlaV1ZmYjJsa0lqb2lOR1l6WTJSbFlXRXlObU0zTkRReE5qWmhaVFpsWWpReFpHRXhNemd6WlRNME5UQTRORGc1TmlKOToyNTAwMA%3D%3D
Rate limited. Waiting 296.0s before retry [Retry 1/5].
HTTP Error 429 thrown while requesting GET https://huggingface.co/api/datasets/allenai/c4/tree/main?expand=false&recursive=true&limit=1000&cursor=ZXlKbWFXeGxYMjVoYldVaU9pSnRkV3gwYVd4cGJtZDFZV3d2WXpRdFpXNHVkR1p5WldOdmNtUXRNRGsxT0RNdGIyWXRNVEV5TmpRdWFuTnZiaTVuZWlJc0luUnlaV1ZmYjJsa0lqb2lOR1l6WTJSbFlXRXlObU0zTkRReE5qWmhaVFpsWWpReFpHRXhNemd6WlRNME5UQTRORGc1TmlKOToyODAwMA%3D%3D
Rate limited. Waiting 296.0s before retry [Retry 1/5].
HTTP Error 429 thrown while requesting GET https://huggingface.co/api/datasets/allenai/c4/tree/main?expand=false&recursive=true&limit=1000&cursor=ZXlKbWFXeGxYMjVoYldVaU9pSnRkV3gwYVd4cGJtZDFZV3d2WXpRdFpXNHVkR1p5WldOdmNtUXRNRGcxT0RNdGIyWXRNVEV5TmpRdWFuTnZiaTVuZWlJc0luUnlaV1ZmYjJsa0lqb2lOR1l6WTJSbFlXRXlObU0zTkRReE5qWmhaVFpsWWpReFpHRXhNemd6WlRNME5UQTRORGc1TmlKOToyNzAwMA%3D%3D
Rate limited. Waiting 296.0s before retry [Retry 1/5].
HTTP Error 429 thrown while requesting GET https://huggingface.co/api/datasets/allenai/c4/tree/main?expand=false&recursive=true&limit=1000&cursor=ZXlKbWFXeGxYMjVoYldVaU9pSnRkV3gwYVd4cGJtZDFZV3d2WXpRdFpXNHVkR1p5WldOdmNtUXRNRGcxT0RNdGIyWXRNVEV5TmpRdWFuTnZiaTVuZWlJc0luUnlaV1ZmYjJsa0lqb2lOR1l6WTJSbFlXRXlObU0zTkRReE5qWmhaVFpsWWpReFpHRXhNemd6WlRNME5UQTRORGc1TmlKOToyNzAwMA%3D%3D
Rate limited. Waiting 296.0s before retry [Retry 1/5].
HTTP Error 429 thrown while requesting GET https://huggingface.co/api/datasets/allenai/c4/tree/main?expand=false&recursive=true&limit=1000&cursor=ZXlKbWFXeGxYMjVoYldVaU9pSnRkV3gwYVd4cGJtZDFZV3d2WXpRdFpXNHVkR1p5WldOdmNtUXRNRGsxT0RNdGIyWXRNVEV5TmpRdWFuTnZiaTVuZWlJc0luUnlaV1ZmYjJsa0lqb2lOR1l6WTJSbFlXRXlObU0zTkRReE5qWmhaVFpsWWpReFpHRXhNemd6WlRNME5UQTRORGc1TmlKOToyODAwMA%3D%3D
Rate limited. Waiting 296.0s before retry [Retry 1/5].
HTTP Error 429 thrown while requesting GET https://huggingface.co/api/datasets/allenai/c4/tree/main?expand=false&recursive=true&limit=1000&cursor=ZXlKbWFXeGxYMjVoYldVaU9pSnRkV3gwYVd4cGJtZDFZV3d2WXpRdFpXNHVkR1p5WldOdmNtUXRNRGcxT0RNdGIyWXRNVEV5TmpRdWFuTnZiaTVuZWlJc0luUnlaV1ZmYjJsa0lqb2lOR1l6WTJSbFlXRXlObU0zTkRReE5qWmhaVFpsWWpReFpHRXhNemd6WlRNME5UQTRORGc1TmlKOToyNzAwMA%3D%3D
Rate limited. Waiting 296.0s before retry [Retry 1/5].
HTTP Error 429 thrown while requesting GET https://huggingface.co/api/datasets/allenai/c4/tree/main?expand=false&recursive=true&limit=1000&cursor=ZXlKbWFXeGxYMjVoYldVaU9pSnRkV3gwYVd4cGJtZDFZV3d2WXpRdFpXNHVkR1p5WldOdmNtUXRNRGMxT0RNdGIyWXRNVEV5TmpRdWFuTnZiaTVuZWlJc0luUnlaV1ZmYjJsa0lqb2lOR1l6WTJSbFlXRXlObU0zTkRReE5qWmhaVFpsWWpReFpHRXhNemd6WlRNME5UQTRORGc1TmlKOToyNjAwMA%3D%3D
Rate limited. Waiting 296.0s before retry [Retry 1/5].
HTTP Error 429 thrown while requesting GET https://huggingface.co/api/datasets/allenai/c4/tree/main?expand=false&recursive=true&limit=1000&cursor=ZXlKbWFXeGxYMjVoYldVaU9pSnRkV3gwYVd4cGJtZDFZV3d2WXpRdFpXNHVkR1p5WldOdmNtUXRNRGMxT0RNdGIyWXRNVEV5TmpRdWFuTnZiaTVuZWlJc0luUnlaV1ZmYjJsa0lqb2lOR1l6WTJSbFlXRXlObU0zTkRReE5qWmhaVFpsWWpReFpHRXhNemd6WlRNME5UQTRORGc1TmlKOToyNjAwMA%3D%3D
HTTP Error 429 thrown while requesting GET https://huggingface.co/api/datasets/allenai/c4/tree/main?expand=false&recursive=true&limit=1000&cursor=ZXlKbWFXeGxYMjVoYldVaU9pSnRkV3gwYVd4cGJtZDFZV3d2WXpRdFpXNHVkR1p5WldOdmNtUXRNRGsxT0RNdGIyWXRNVEV5TmpRdWFuTnZiaTVuZWlJc0luUnlaV1ZmYjJsa0lqb2lOR1l6WTJSbFlXRXlObU0zTkRReE5qWmhaVFpsWWpReFpHRXhNemd6WlRNME5UQTRORGc1TmlKOToyODAwMA%3D%3D
Rate limited. Waiting 296.0s before retry [Retry 1/5].
Rate limited. Waiting 296.0s before retry [Retry 1/5].
HTTP Error 429 thrown while requesting GET https://huggingface.co/api/datasets/allenai/c4/tree/main?expand=false&recursive=true&limit=1000&cursor=ZXlKbWFXeGxYMjVoYldVaU9pSnRkV3gwYVd4cGJtZDFZV3d2WXpRdFpXNHVkR1p5WldOdmNtUXRNRGsxT0RNdGIyWXRNVEV5TmpRdWFuTnZiaTVuZWlJc0luUnlaV1ZmYjJsa0lqb2lOR1l6WTJSbFlXRXlObU0zTkRReE5qWmhaVFpsWWpReFpHRXhNemd6WlRNME5UQTRORGc1TmlKOToyODAwMA%3D%3D
Rate limited. Waiting 296.0s before retry [Retry 1/5].
HTTP Error 429 thrown while requesting GET https://huggingface.co/api/datasets/allenai/c4/tree/main?expand=false&recursive=true&limit=1000&cursor=ZXlKbWFXeGxYMjVoYldVaU9pSnRkV3gwYVd4cGJtZDFZV3d2WXpRdFpXNHVkR1p5WldOdmNtUXRNRGcxT0RNdGIyWXRNVEV5TmpRdWFuTnZiaTVuZWlJc0luUnlaV1ZmYjJsa0lqb2lOR1l6WTJSbFlXRXlObU0zTkRReE5qWmhaVFpsWWpReFpHRXhNemd6WlRNME5UQTRORGc1TmlKOToyNzAwMA%3D%3D
Rate limited. Waiting 296.0s before retry [Retry 1/5].
HTTP Error 429 thrown while requesting GET https://huggingface.co/api/datasets/allenai/c4/tree/main?expand=false&recursive=true&limit=1000&cursor=ZXlKbWFXeGxYMjVoYldVaU9pSnRkV3gwYVd4cGJtZDFZV3d2WXpRdFpXNHVkR1p5WldOdmNtUXRNRGcxT0RNdGIyWXRNVEV5TmpRdWFuTnZiaTVuZWlJc0luUnlaV1ZmYjJsa0lqb2lOR1l6WTJSbFlXRXlObU0zTkRReE5qWmhaVFpsWWpReFpHRXhNemd6WlRNME5UQTRORGc1TmlKOToyNzAwMA%3D%3D
Rate limited. Waiting 296.0s before retry [Retry 1/5].
HTTP Error 429 thrown while requesting GET https://huggingface.co/api/datasets/allenai/c4/tree/main?expand=false&recursive=true&limit=1000&cursor=ZXlKbWFXeGxYMjVoYldVaU9pSnRkV3gwYVd4cGJtZDFZV3d2WXpRdFpXNHVkR1p5WldOdmNtUXRNRGcxT0RNdGIyWXRNVEV5TmpRdWFuTnZiaTVuZWlJc0luUnlaV1ZmYjJsa0lqb2lOR1l6WTJSbFlXRXlObU0zTkRReE5qWmhaVFpsWWpReFpHRXhNemd6WlRNME5UQTRORGc1TmlKOToyNzAwMA%3D%3D
Rate limited. Waiting 296.0s before retry [Retry 1/5].
HTTP Error 429 thrown while requesting GET https://huggingface.co/api/datasets/allenai/c4/tree/main?expand=false&recursive=true&limit=1000&cursor=ZXlKbWFXeGxYMjVoYldVaU9pSnRkV3gwYVd4cGJtZDFZV3d2WXpRdFpXNHVkR1p5WldOdmNtUXRNRGcxT0RNdGIyWXRNVEV5TmpRdWFuTnZiaTVuZWlJc0luUnlaV1ZmYjJsa0lqb2lOR1l6WTJSbFlXRXlObU0zTkRReE5qWmhaVFpsWWpReFpHRXhNemd6WlRNME5UQTRORGc1TmlKOToyNzAwMA%3D%3D
Rate limited. Waiting 296.0s before retry [Retry 1/5].
HTTP Error 429 thrown while requesting GET https://huggingface.co/api/datasets/allenai/c4/tree/main?expand=false&recursive=true&limit=1000&cursor=ZXlKbWFXeGxYMjVoYldVaU9pSnRkV3gwYVd4cGJtZDFZV3d2WXpRdFpXNHVkR1p5WldOdmNtUXRNRFkxT0RNdGIyWXRNVEV5TmpRdWFuTnZiaTVuZWlJc0luUnlaV1ZmYjJsa0lqb2lOR1l6WTJSbFlXRXlObU0zTkRReE5qWmhaVFpsWWpReFpHRXhNemd6WlRNME5UQTRORGc1TmlKOToyNTAwMA%3D%3D
Rate limited. Waiting 296.0s before retry [Retry 1/5].
[2026-08-24T18:43:35.234] error: *** JOB 241288 ON rtx6004 CANCELLED AT 2026-08-24T18:43:35 DUE to SIGNAL Terminated ***
