
################################ ngd-pion.sif
device  NVIDIA RTX PRO 6000 Blackwell Server Edition
  ok    four steps and a checkpoint
  ok    resumed from step 4 and finished at 7
  ok    spectrum held under TF32-on: relative drift 2.3e-05

ready
  ok    arch in build  sm_120
  ok    eigh 512  15.4 ms  (square layers)
  ok    eigh 1376  14.9 ms  (ffn down)
  ok    cayley  orthogonality error 4.0e-04

################################ ngd-pion-2607.sif
device  NVIDIA RTX PRO 6000 Blackwell Server Edition
  ok    four steps and a checkpoint
  ok    resumed from step 4 and finished at 7
  ok    spectrum held under TF32-on: relative drift 1.1e-05

ready
  ok    arch in build  sm_120
  ok    eigh 512  4.9 ms  (square layers)
  ok    eigh 1376  13.4 ms  (ffn down)
  ok    cayley  orthogonality error 4.0e-04
