
################################ ngd-pion.sif
device  NVIDIA RTX PRO 6000 Blackwell Server Edition
  ok    four steps and a checkpoint
  ok    resumed from step 4 and finished at 7
  ok    spectrum held under TF32-on: relative drift 2.3e-05

ready
  ok    arch in build  sm_120
  ok    eigh 512  111 ms  (square layers)
  ok    eigh 1376  113 ms  (ffn down)
  FAIL  cayley solve  orthogonality error 3.9e-03 is too large

################################ ngd-pion-2607.sif
device  NVIDIA RTX PRO 6000 Blackwell Server Edition
  ok    four steps and a checkpoint
  ok    resumed from step 4 and finished at 7
  ok    spectrum held under TF32-on: relative drift 1.1e-05

ready
  ok    arch in build  sm_120
  ok    eigh 512  295 ms  (square layers)
  ok    eigh 1376  14 ms  (ffn down)
  FAIL  cayley solve  orthogonality error 3.9e-03 is too large
